[2024-12-20T00:18:59.867+0000] {local_task_job_runner.py:123} INFO - ::group::Pre task execution logs
[2024-12-20T00:18:59.890+0000] {taskinstance.py:2613} INFO - Dependencies all met for dep_context=non-requeueable deps ti=<TaskInstance: fintech_pipeline.extract_clean scheduled__2024-12-17T00:00:00+00:00 [queued]>
[2024-12-20T00:18:59.901+0000] {taskinstance.py:2613} INFO - Dependencies all met for dep_context=requeueable deps ti=<TaskInstance: fintech_pipeline.extract_clean scheduled__2024-12-17T00:00:00+00:00 [queued]>
[2024-12-20T00:18:59.902+0000] {taskinstance.py:2866} INFO - Starting attempt 2 of 3
[2024-12-20T00:18:59.922+0000] {taskinstance.py:2889} INFO - Executing <Task(PythonOperator): extract_clean> on 2024-12-17 00:00:00+00:00
[2024-12-20T00:18:59.931+0000] {warnings.py:112} WARNING - /home/***/.local/lib/python3.12/site-packages/***/task/task_runner/standard_task_runner.py:70: DeprecationWarning: This process (pid=213) is multi-threaded, use of fork() may lead to deadlocks in the child.
  pid = os.fork()

[2024-12-20T00:18:59.935+0000] {standard_task_runner.py:72} INFO - Started process 226 to run task
[2024-12-20T00:18:59.934+0000] {standard_task_runner.py:104} INFO - Running: ['***', 'tasks', 'run', 'fintech_pipeline', 'extract_clean', 'scheduled__2024-12-17T00:00:00+00:00', '--job-id', '90', '--raw', '--subdir', 'DAGS_FOLDER/fintech_dag.py', '--cfg-path', '/tmp/tmpq6wyfg3a']
[2024-12-20T00:18:59.938+0000] {standard_task_runner.py:105} INFO - Job 90: Subtask extract_clean
[2024-12-20T00:19:00.000+0000] {task_command.py:467} INFO - Running <TaskInstance: fintech_pipeline.extract_clean scheduled__2024-12-17T00:00:00+00:00 [running]> on host c0e4640604d2
[2024-12-20T00:19:00.119+0000] {taskinstance.py:3132} INFO - Exporting env vars: AIRFLOW_CTX_DAG_OWNER='omar_abdelaty' AIRFLOW_CTX_DAG_ID='fintech_pipeline' AIRFLOW_CTX_TASK_ID='extract_clean' AIRFLOW_CTX_EXECUTION_DATE='2024-12-17T00:00:00+00:00' AIRFLOW_CTX_TRY_NUMBER='2' AIRFLOW_CTX_DAG_RUN_ID='scheduled__2024-12-17T00:00:00+00:00'
[2024-12-20T00:19:00.121+0000] {taskinstance.py:731} INFO - ::endgroup::
[2024-12-20T00:19:00.143+0000] {logging_mixin.py:190} INFO - Started Cleaning
[2024-12-20T00:19:00.522+0000] {logging_mixin.py:190} INFO - Dataset loaded successfully!
[2024-12-20T00:19:00.523+0000] {logging_mixin.py:190} INFO - Started Cleaning
[2024-12-20T00:19:00.527+0000] {logging_mixin.py:190} INFO - Fixing Inconsistent Data
[2024-12-20T00:19:00.579+0000] {logging_mixin.py:190} INFO - Handling Missing Values
[2024-12-20T00:19:03.881+0000] {logging_mixin.py:190} INFO - Create Lookup Table
[2024-12-20T00:19:08.950+0000] {logging_mixin.py:190} INFO - Data Cleaned
[2024-12-20T00:19:09.747+0000] {logging_mixin.py:190} INFO - Cleaned data saved
[2024-12-20T00:19:09.752+0000] {python.py:240} INFO - Done. Returned value was: None
[2024-12-20T00:19:09.764+0000] {taskinstance.py:340} INFO - ::group::Post task execution logs
[2024-12-20T00:19:09.765+0000] {taskinstance.py:352} INFO - Marking task as SUCCESS. dag_id=fintech_pipeline, task_id=extract_clean, run_id=scheduled__2024-12-17T00:00:00+00:00, execution_date=20241217T000000, start_date=20241220T001859, end_date=20241220T001909
[2024-12-20T00:19:09.831+0000] {local_task_job_runner.py:266} INFO - Task exited with return code 0
[2024-12-20T00:19:09.857+0000] {taskinstance.py:3895} INFO - 1 downstream tasks scheduled from follow-on schedule check
[2024-12-20T00:19:09.861+0000] {local_task_job_runner.py:245} INFO - ::endgroup::
