[2024-12-20T17:54:11.947+0000] {local_task_job_runner.py:123} INFO - ::group::Pre task execution logs
[2024-12-20T17:54:11.973+0000] {taskinstance.py:2613} INFO - Dependencies all met for dep_context=non-requeueable deps ti=<TaskInstance: fintech_pipeline.create_dashboard manual__2024-12-20T17:53:41.047799+00:00 [queued]>
[2024-12-20T17:54:11.985+0000] {taskinstance.py:2613} INFO - Dependencies all met for dep_context=requeueable deps ti=<TaskInstance: fintech_pipeline.create_dashboard manual__2024-12-20T17:53:41.047799+00:00 [queued]>
[2024-12-20T17:54:11.987+0000] {taskinstance.py:2866} INFO - Starting attempt 1 of 2
[2024-12-20T17:54:12.006+0000] {taskinstance.py:2889} INFO - Executing <Task(PythonOperator): create_dashboard> on 2024-12-20 17:53:41.047799+00:00
[2024-12-20T17:54:12.016+0000] {warnings.py:112} WARNING - /home/***/.local/lib/python3.12/site-packages/***/task/task_runner/standard_task_runner.py:70: DeprecationWarning: This process (pid=139) is multi-threaded, use of fork() may lead to deadlocks in the child.
  pid = os.fork()

[2024-12-20T17:54:12.020+0000] {standard_task_runner.py:72} INFO - Started process 152 to run task
[2024-12-20T17:54:12.019+0000] {standard_task_runner.py:104} INFO - Running: ['***', 'tasks', 'run', 'fintech_pipeline', 'create_dashboard', 'manual__2024-12-20T17:53:41.047799+00:00', '--job-id', '138', '--raw', '--subdir', 'DAGS_FOLDER/fintech_dag.py', '--cfg-path', '/tmp/tmpywp_tozv']
[2024-12-20T17:54:12.023+0000] {standard_task_runner.py:105} INFO - Job 138: Subtask create_dashboard
[2024-12-20T17:54:12.098+0000] {task_command.py:467} INFO - Running <TaskInstance: fintech_pipeline.create_dashboard manual__2024-12-20T17:53:41.047799+00:00 [running]> on host 1a59d4a31d13
[2024-12-20T17:54:12.227+0000] {taskinstance.py:3132} INFO - Exporting env vars: AIRFLOW_CTX_DAG_OWNER='omar_abdelaty' AIRFLOW_CTX_DAG_ID='fintech_pipeline' AIRFLOW_CTX_TASK_ID='create_dashboard' AIRFLOW_CTX_EXECUTION_DATE='2024-12-20T17:53:41.047799+00:00' AIRFLOW_CTX_TRY_NUMBER='1' AIRFLOW_CTX_DAG_RUN_ID='manual__2024-12-20T17:53:41.047799+00:00'
[2024-12-20T17:54:12.229+0000] {taskinstance.py:731} INFO - ::endgroup::
[2024-12-20T17:54:12.786+0000] {logging_mixin.py:190} INFO - Dash is running on http://0.0.0.0:8050/
[2024-12-20T17:54:12.786+0000] {dash.py:2160} INFO - Dash is running on http://0.0.0.0:8050/

[2024-12-20T17:54:12.809+0000] {logging_mixin.py:190} INFO -  * Serving Flask app 'fintech_dashboard'
[2024-12-20T17:54:12.810+0000] {logging_mixin.py:190} INFO -  * Debug mode: off
[2024-12-20T17:54:12.812+0000] {_internal.py:224} INFO - [31m[1mWARNING: This is a development server. Do not use it in a production deployment. Use a production WSGI server instead.[0m
 * Running on all addresses (0.0.0.0)
 * Running on http://127.0.0.1:8050
 * Running on http://172.19.0.8:8050
[2024-12-20T17:54:12.813+0000] {_internal.py:224} INFO - [33mPress CTRL+C to quit[0m
[2024-12-20T17:55:00.240+0000] {_internal.py:224} INFO - 172.19.0.1 - - [20/Dec/2024 17:55:00] "GET / HTTP/1.1" 200 -
[2024-12-20T17:55:00.567+0000] {_internal.py:224} INFO - 172.19.0.1 - - [20/Dec/2024 17:55:00] "GET /_dash-dependencies HTTP/1.1" 200 -
[2024-12-20T17:55:00.569+0000] {_internal.py:224} INFO - 172.19.0.1 - - [20/Dec/2024 17:55:00] "GET /_dash-layout HTTP/1.1" 200 -
[2024-12-20T17:55:00.611+0000] {_internal.py:224} INFO - 172.19.0.1 - - [20/Dec/2024 17:55:00] "[36mGET /_dash-component-suites/dash/dcc/async-graph.js HTTP/1.1[0m" 304 -
[2024-12-20T17:55:00.614+0000] {_internal.py:224} INFO - 172.19.0.1 - - [20/Dec/2024 17:55:00] "[36mGET /_dash-component-suites/dash/dcc/async-dropdown.js HTTP/1.1[0m" 304 -
[2024-12-20T17:55:00.624+0000] {app.py:1744} ERROR - Exception on /_dash-update-component [POST]
Traceback (most recent call last):
  File "/home/airflow/.local/lib/python3.12/site-packages/flask/app.py", line 2529, in wsgi_app
    response = self.full_dispatch_request()
               ^^^^^^^^^^^^^^^^^^^^^^^^^^^^
  File "/home/airflow/.local/lib/python3.12/site-packages/flask/app.py", line 1825, in full_dispatch_request
    rv = self.handle_user_exception(e)
         ^^^^^^^^^^^^^^^^^^^^^^^^^^^^^
  File "/home/airflow/.local/lib/python3.12/site-packages/flask/app.py", line 1823, in full_dispatch_request
    rv = self.dispatch_request()
         ^^^^^^^^^^^^^^^^^^^^^^^
  File "/home/airflow/.local/lib/python3.12/site-packages/flask/app.py", line 1799, in dispatch_request
    return self.ensure_sync(self.view_functions[rule.endpoint])(**view_args)
           ^^^^^^^^^^^^^^^^^^^^^^^^^^^^^^^^^^^^^^^^^^^^^^^^^^^^^^^^^^^^^^^^^
  File "/home/airflow/.local/lib/python3.12/site-packages/dash/dash.py", line 1376, in dispatch
    ctx.run(
  File "/home/airflow/.local/lib/python3.12/site-packages/dash/_callback.py", line 507, in add_context
    raise err
  File "/home/airflow/.local/lib/python3.12/site-packages/dash/_callback.py", line 496, in add_context
    output_value = _invoke_callback(func, *func_args, **func_kwargs)
                   ^^^^^^^^^^^^^^^^^^^^^^^^^^^^^^^^^^^^^^^^^^^^^^^^^
  File "/home/airflow/.local/lib/python3.12/site-packages/dash/_callback.py", line 43, in _invoke_callback
    return func(*args, **kwargs)  # %% callback invoked %%
           ^^^^^^^^^^^^^^^^^^^^^
  File "/opt/airflow/dags/fintech_dashboard.py", line 78, in update_loan_income_scatter
    filtered_data["loan_status"] = filtered_data[status_columns].idxmax(axis=1)
                                   ~~~~~~~~~~~~~^^^^^^^^^^^^^^^^
  File "/home/airflow/.local/lib/python3.12/site-packages/pandas/core/frame.py", line 3899, in __getitem__
    indexer = self.columns._get_indexer_strict(key, "columns")[1]
              ^^^^^^^^^^^^^^^^^^^^^^^^^^^^^^^^^^^^^^^^^^^^^^^^
  File "/home/airflow/.local/lib/python3.12/site-packages/pandas/core/indexes/base.py", line 6115, in _get_indexer_strict
    self._raise_if_missing(keyarr, indexer, axis_name)
  File "/home/airflow/.local/lib/python3.12/site-packages/pandas/core/indexes/base.py", line 6176, in _raise_if_missing
    raise KeyError(f"None of [{key}] are in the [{axis_name}]")
KeyError: "None of [Index(['loan_status_Charged Off', 'loan_status_Current', 'loan_status_Default',\n       'loan_status_Fully Paid', 'loan_status_In Grace Period',\n       'loan_status_Late (16-30 days)', 'loan_status_Late (31-120 days)'],\n      dtype='object')] are in the [columns]"
[2024-12-20T17:55:00.679+0000] {_internal.py:224} INFO - 172.19.0.1 - - [20/Dec/2024 17:55:00] "[36mGET /_dash-component-suites/plotly/package_data/plotly.min.js HTTP/1.1[0m" 304 -
[2024-12-20T17:55:00.684+0000] {_internal.py:224} INFO - 172.19.0.1 - - [20/Dec/2024 17:55:00] "[35m[1mPOST /_dash-update-component HTTP/1.1[0m" 500 -
[2024-12-20T17:55:02.849+0000] {_internal.py:224} INFO - 172.19.0.1 - - [20/Dec/2024 17:55:02] "POST /_dash-update-component HTTP/1.1" 200 -
[2024-12-20T17:55:02.858+0000] {_internal.py:224} INFO - 172.19.0.1 - - [20/Dec/2024 17:55:02] "POST /_dash-update-component HTTP/1.1" 200 -
[2024-12-20T17:55:02.867+0000] {_internal.py:224} INFO - 172.19.0.1 - - [20/Dec/2024 17:55:02] "POST /_dash-update-component HTTP/1.1" 200 -
[2024-12-20T17:55:02.897+0000] {_internal.py:224} INFO - 172.19.0.1 - - [20/Dec/2024 17:55:02] "POST /_dash-update-component HTTP/1.1" 200 -
[2024-12-20T18:07:17.970+0000] {app.py:1744} ERROR - Exception on /_dash-update-component [POST]
Traceback (most recent call last):
  File "/home/airflow/.local/lib/python3.12/site-packages/flask/app.py", line 2529, in wsgi_app
    response = self.full_dispatch_request()
               ^^^^^^^^^^^^^^^^^^^^^^^^^^^^
  File "/home/airflow/.local/lib/python3.12/site-packages/flask/app.py", line 1825, in full_dispatch_request
    rv = self.handle_user_exception(e)
         ^^^^^^^^^^^^^^^^^^^^^^^^^^^^^
  File "/home/airflow/.local/lib/python3.12/site-packages/flask/app.py", line 1823, in full_dispatch_request
    rv = self.dispatch_request()
         ^^^^^^^^^^^^^^^^^^^^^^^
  File "/home/airflow/.local/lib/python3.12/site-packages/flask/app.py", line 1799, in dispatch_request
    return self.ensure_sync(self.view_functions[rule.endpoint])(**view_args)
           ^^^^^^^^^^^^^^^^^^^^^^^^^^^^^^^^^^^^^^^^^^^^^^^^^^^^^^^^^^^^^^^^^
  File "/home/airflow/.local/lib/python3.12/site-packages/dash/dash.py", line 1376, in dispatch
    ctx.run(
  File "/home/airflow/.local/lib/python3.12/site-packages/dash/_callback.py", line 507, in add_context
    raise err
  File "/home/airflow/.local/lib/python3.12/site-packages/dash/_callback.py", line 496, in add_context
    output_value = _invoke_callback(func, *func_args, **func_kwargs)
                   ^^^^^^^^^^^^^^^^^^^^^^^^^^^^^^^^^^^^^^^^^^^^^^^^^
  File "/home/airflow/.local/lib/python3.12/site-packages/dash/_callback.py", line 43, in _invoke_callback
    return func(*args, **kwargs)  # %% callback invoked %%
           ^^^^^^^^^^^^^^^^^^^^^
  File "/opt/airflow/dags/fintech_dashboard.py", line 78, in update_loan_income_scatter
    filtered_data["loan_status"] = filtered_data[status_columns].idxmax(axis=1)
                                   ~~~~~~~~~~~~~^^^^^^^^^^^^^^^^
  File "/home/airflow/.local/lib/python3.12/site-packages/pandas/core/frame.py", line 3899, in __getitem__
    indexer = self.columns._get_indexer_strict(key, "columns")[1]
              ^^^^^^^^^^^^^^^^^^^^^^^^^^^^^^^^^^^^^^^^^^^^^^^^
  File "/home/airflow/.local/lib/python3.12/site-packages/pandas/core/indexes/base.py", line 6115, in _get_indexer_strict
    self._raise_if_missing(keyarr, indexer, axis_name)
  File "/home/airflow/.local/lib/python3.12/site-packages/pandas/core/indexes/base.py", line 6176, in _raise_if_missing
    raise KeyError(f"None of [{key}] are in the [{axis_name}]")
KeyError: "None of [Index(['loan_status_Charged Off', 'loan_status_Current', 'loan_status_Default',\n       'loan_status_Fully Paid', 'loan_status_In Grace Period',\n       'loan_status_Late (16-30 days)', 'loan_status_Late (31-120 days)'],\n      dtype='object')] are in the [columns]"
[2024-12-20T18:07:17.981+0000] {_internal.py:224} INFO - 172.19.0.1 - - [20/Dec/2024 18:07:17] "[35m[1mPOST /_dash-update-component HTTP/1.1[0m" 500 -
[2024-12-20T18:08:05.742+0000] {app.py:1744} ERROR - Exception on /_dash-update-component [POST]
Traceback (most recent call last):
  File "/home/airflow/.local/lib/python3.12/site-packages/flask/app.py", line 2529, in wsgi_app
    response = self.full_dispatch_request()
               ^^^^^^^^^^^^^^^^^^^^^^^^^^^^
  File "/home/airflow/.local/lib/python3.12/site-packages/flask/app.py", line 1825, in full_dispatch_request
    rv = self.handle_user_exception(e)
         ^^^^^^^^^^^^^^^^^^^^^^^^^^^^^
  File "/home/airflow/.local/lib/python3.12/site-packages/flask/app.py", line 1823, in full_dispatch_request
    rv = self.dispatch_request()
         ^^^^^^^^^^^^^^^^^^^^^^^
  File "/home/airflow/.local/lib/python3.12/site-packages/flask/app.py", line 1799, in dispatch_request
    return self.ensure_sync(self.view_functions[rule.endpoint])(**view_args)
           ^^^^^^^^^^^^^^^^^^^^^^^^^^^^^^^^^^^^^^^^^^^^^^^^^^^^^^^^^^^^^^^^^
  File "/home/airflow/.local/lib/python3.12/site-packages/dash/dash.py", line 1376, in dispatch
    ctx.run(
  File "/home/airflow/.local/lib/python3.12/site-packages/dash/_callback.py", line 507, in add_context
    raise err
  File "/home/airflow/.local/lib/python3.12/site-packages/dash/_callback.py", line 496, in add_context
    output_value = _invoke_callback(func, *func_args, **func_kwargs)
                   ^^^^^^^^^^^^^^^^^^^^^^^^^^^^^^^^^^^^^^^^^^^^^^^^^
  File "/home/airflow/.local/lib/python3.12/site-packages/dash/_callback.py", line 43, in _invoke_callback
    return func(*args, **kwargs)  # %% callback invoked %%
           ^^^^^^^^^^^^^^^^^^^^^
  File "/opt/airflow/dags/fintech_dashboard.py", line 78, in update_loan_income_scatter
    filtered_data["loan_status"] = filtered_data[status_columns].idxmax(axis=1)
                                   ~~~~~~~~~~~~~^^^^^^^^^^^^^^^^
  File "/home/airflow/.local/lib/python3.12/site-packages/pandas/core/frame.py", line 3899, in __getitem__
    indexer = self.columns._get_indexer_strict(key, "columns")[1]
              ^^^^^^^^^^^^^^^^^^^^^^^^^^^^^^^^^^^^^^^^^^^^^^^^
  File "/home/airflow/.local/lib/python3.12/site-packages/pandas/core/indexes/base.py", line 6115, in _get_indexer_strict
    self._raise_if_missing(keyarr, indexer, axis_name)
  File "/home/airflow/.local/lib/python3.12/site-packages/pandas/core/indexes/base.py", line 6176, in _raise_if_missing
    raise KeyError(f"None of [{key}] are in the [{axis_name}]")
KeyError: "None of [Index(['loan_status_Charged Off', 'loan_status_Current', 'loan_status_Default',\n       'loan_status_Fully Paid', 'loan_status_In Grace Period',\n       'loan_status_Late (16-30 days)', 'loan_status_Late (31-120 days)'],\n      dtype='object')] are in the [columns]"
[2024-12-20T18:08:05.746+0000] {_internal.py:224} INFO - 172.19.0.1 - - [20/Dec/2024 18:08:05] "[35m[1mPOST /_dash-update-component HTTP/1.1[0m" 500 -
[2024-12-20T18:08:08.835+0000] {app.py:1744} ERROR - Exception on /_dash-update-component [POST]
Traceback (most recent call last):
  File "/home/airflow/.local/lib/python3.12/site-packages/flask/app.py", line 2529, in wsgi_app
    response = self.full_dispatch_request()
               ^^^^^^^^^^^^^^^^^^^^^^^^^^^^
  File "/home/airflow/.local/lib/python3.12/site-packages/flask/app.py", line 1825, in full_dispatch_request
    rv = self.handle_user_exception(e)
         ^^^^^^^^^^^^^^^^^^^^^^^^^^^^^
  File "/home/airflow/.local/lib/python3.12/site-packages/flask/app.py", line 1823, in full_dispatch_request
    rv = self.dispatch_request()
         ^^^^^^^^^^^^^^^^^^^^^^^
  File "/home/airflow/.local/lib/python3.12/site-packages/flask/app.py", line 1799, in dispatch_request
    return self.ensure_sync(self.view_functions[rule.endpoint])(**view_args)
           ^^^^^^^^^^^^^^^^^^^^^^^^^^^^^^^^^^^^^^^^^^^^^^^^^^^^^^^^^^^^^^^^^
  File "/home/airflow/.local/lib/python3.12/site-packages/dash/dash.py", line 1376, in dispatch
    ctx.run(
  File "/home/airflow/.local/lib/python3.12/site-packages/dash/_callback.py", line 507, in add_context
    raise err
  File "/home/airflow/.local/lib/python3.12/site-packages/dash/_callback.py", line 496, in add_context
    output_value = _invoke_callback(func, *func_args, **func_kwargs)
                   ^^^^^^^^^^^^^^^^^^^^^^^^^^^^^^^^^^^^^^^^^^^^^^^^^
  File "/home/airflow/.local/lib/python3.12/site-packages/dash/_callback.py", line 43, in _invoke_callback
    return func(*args, **kwargs)  # %% callback invoked %%
           ^^^^^^^^^^^^^^^^^^^^^
  File "/opt/airflow/dags/fintech_dashboard.py", line 78, in update_loan_income_scatter
    filtered_data["loan_status"] = filtered_data[status_columns].idxmax(axis=1)
                                   ~~~~~~~~~~~~~^^^^^^^^^^^^^^^^
  File "/home/airflow/.local/lib/python3.12/site-packages/pandas/core/frame.py", line 3899, in __getitem__
    indexer = self.columns._get_indexer_strict(key, "columns")[1]
              ^^^^^^^^^^^^^^^^^^^^^^^^^^^^^^^^^^^^^^^^^^^^^^^^
  File "/home/airflow/.local/lib/python3.12/site-packages/pandas/core/indexes/base.py", line 6115, in _get_indexer_strict
    self._raise_if_missing(keyarr, indexer, axis_name)
  File "/home/airflow/.local/lib/python3.12/site-packages/pandas/core/indexes/base.py", line 6176, in _raise_if_missing
    raise KeyError(f"None of [{key}] are in the [{axis_name}]")
KeyError: "None of [Index(['loan_status_Charged Off', 'loan_status_Current', 'loan_status_Default',\n       'loan_status_Fully Paid', 'loan_status_In Grace Period',\n       'loan_status_Late (16-30 days)', 'loan_status_Late (31-120 days)'],\n      dtype='object')] are in the [columns]"
[2024-12-20T18:08:08.839+0000] {_internal.py:224} INFO - 172.19.0.1 - - [20/Dec/2024 18:08:08] "[35m[1mPOST /_dash-update-component HTTP/1.1[0m" 500 -
