[2024-12-21T18:35:28.668+0000] {local_task_job_runner.py:123} INFO - ::group::Pre task execution logs
[2024-12-21T18:35:28.685+0000] {taskinstance.py:2613} INFO - Dependencies all met for dep_context=non-requeueable deps ti=<TaskInstance: fintech_pipeline.load_to_db manual__2024-12-21T18:35:09.767116+00:00 [queued]>
[2024-12-21T18:35:28.694+0000] {taskinstance.py:2613} INFO - Dependencies all met for dep_context=requeueable deps ti=<TaskInstance: fintech_pipeline.load_to_db manual__2024-12-21T18:35:09.767116+00:00 [queued]>
[2024-12-21T18:35:28.695+0000] {taskinstance.py:2866} INFO - Starting attempt 1 of 2
[2024-12-21T18:35:28.709+0000] {taskinstance.py:2889} INFO - Executing <Task(PythonOperator): load_to_db> on 2024-12-21 18:35:09.767116+00:00
[2024-12-21T18:35:28.716+0000] {warnings.py:112} WARNING - /home/***/.local/lib/python3.12/site-packages/***/task/task_runner/standard_task_runner.py:70: DeprecationWarning: This process (pid=204) is multi-threaded, use of fork() may lead to deadlocks in the child.
  pid = os.fork()

[2024-12-21T18:35:28.719+0000] {standard_task_runner.py:72} INFO - Started process 217 to run task
[2024-12-21T18:35:28.718+0000] {standard_task_runner.py:104} INFO - Running: ['***', 'tasks', 'run', 'fintech_pipeline', 'load_to_db', 'manual__2024-12-21T18:35:09.767116+00:00', '--job-id', '205', '--raw', '--subdir', 'DAGS_FOLDER/fintech_dag.py', '--cfg-path', '/tmp/tmpoo7b9xbq']
[2024-12-21T18:35:28.721+0000] {standard_task_runner.py:105} INFO - Job 205: Subtask load_to_db
[2024-12-21T18:35:28.769+0000] {task_command.py:467} INFO - Running <TaskInstance: fintech_pipeline.load_to_db manual__2024-12-21T18:35:09.767116+00:00 [running]> on host 8fb55a7fa0da
[2024-12-21T18:35:28.848+0000] {taskinstance.py:3132} INFO - Exporting env vars: AIRFLOW_CTX_DAG_OWNER='omar_abdelaty' AIRFLOW_CTX_DAG_ID='fintech_pipeline' AIRFLOW_CTX_TASK_ID='load_to_db' AIRFLOW_CTX_EXECUTION_DATE='2024-12-21T18:35:09.767116+00:00' AIRFLOW_CTX_TRY_NUMBER='1' AIRFLOW_CTX_DAG_RUN_ID='manual__2024-12-21T18:35:09.767116+00:00'
[2024-12-21T18:35:28.849+0000] {taskinstance.py:731} INFO - ::endgroup::
[2024-12-21T18:35:28.862+0000] {logging_mixin.py:190} INFO - Loading to DB
[2024-12-21T18:35:29.214+0000] {logging_mixin.py:190} INFO - Dataset loaded successfully!
[2024-12-21T18:35:29.256+0000] {logging_mixin.py:190} INFO - Connected to Database
[2024-12-21T18:35:29.257+0000] {logging_mixin.py:190} INFO - Writing cleaned dataset to database
[2024-12-21T18:35:36.972+0000] {logging_mixin.py:190} INFO - Done writing to database
[2024-12-21T18:35:36.974+0000] {python.py:240} INFO - Done. Returned value was: None
[2024-12-21T18:35:36.983+0000] {taskinstance.py:340} INFO - ::group::Post task execution logs
[2024-12-21T18:35:36.984+0000] {taskinstance.py:352} INFO - Marking task as SUCCESS. dag_id=fintech_pipeline, task_id=load_to_db, run_id=manual__2024-12-21T18:35:09.767116+00:00, execution_date=20241221T183509, start_date=20241221T183528, end_date=20241221T183536
[2024-12-21T18:35:37.048+0000] {local_task_job_runner.py:266} INFO - Task exited with return code 0
[2024-12-21T18:35:37.066+0000] {taskinstance.py:3895} INFO - 1 downstream tasks scheduled from follow-on schedule check
[2024-12-21T18:35:37.069+0000] {local_task_job_runner.py:245} INFO - ::endgroup::
