[2024-12-21T17:18:20.490+0000] {local_task_job_runner.py:123} INFO - ::group::Pre task execution logs
[2024-12-21T17:18:20.630+0000] {taskinstance.py:2613} INFO - Dependencies all met for dep_context=non-requeueable deps ti=<TaskInstance: fintech_pipeline.create_dashboard manual__2024-12-20T18:17:46.917302+00:00 [queued]>
[2024-12-21T17:18:20.671+0000] {taskinstance.py:2613} INFO - Dependencies all met for dep_context=requeueable deps ti=<TaskInstance: fintech_pipeline.create_dashboard manual__2024-12-20T18:17:46.917302+00:00 [queued]>
[2024-12-21T17:18:20.701+0000] {taskinstance.py:2866} INFO - Starting attempt 2 of 2
[2024-12-21T17:18:20.769+0000] {taskinstance.py:2889} INFO - Executing <Task(PythonOperator): create_dashboard> on 2024-12-20 18:17:46.917302+00:00
[2024-12-21T17:18:20.786+0000] {warnings.py:112} WARNING - /home/***/.local/lib/python3.12/site-packages/***/task/task_runner/standard_task_runner.py:70: DeprecationWarning: This process (pid=185) is multi-threaded, use of fork() may lead to deadlocks in the child.
  pid = os.fork()

[2024-12-21T17:18:20.790+0000] {standard_task_runner.py:104} INFO - Running: ['***', 'tasks', 'run', 'fintech_pipeline', 'create_dashboard', 'manual__2024-12-20T18:17:46.917302+00:00', '--job-id', '167', '--raw', '--subdir', 'DAGS_FOLDER/fintech_dag.py', '--cfg-path', '/tmp/tmpbm2cy42m']
[2024-12-21T17:18:20.880+0000] {standard_task_runner.py:72} INFO - Started process 199 to run task
[2024-12-21T17:18:20.927+0000] {standard_task_runner.py:105} INFO - Job 167: Subtask create_dashboard
[2024-12-21T17:18:21.020+0000] {task_command.py:467} INFO - Running <TaskInstance: fintech_pipeline.create_dashboard manual__2024-12-20T18:17:46.917302+00:00 [running]> on host 34bc7ff1f8b4
[2024-12-21T17:18:21.196+0000] {taskinstance.py:3132} INFO - Exporting env vars: AIRFLOW_CTX_DAG_OWNER='omar_abdelaty' AIRFLOW_CTX_DAG_ID='fintech_pipeline' AIRFLOW_CTX_TASK_ID='create_dashboard' AIRFLOW_CTX_EXECUTION_DATE='2024-12-20T18:17:46.917302+00:00' AIRFLOW_CTX_TRY_NUMBER='2' AIRFLOW_CTX_DAG_RUN_ID='manual__2024-12-20T18:17:46.917302+00:00'
[2024-12-21T17:18:21.198+0000] {taskinstance.py:731} INFO - ::endgroup::
[2024-12-21T17:18:30.534+0000] {logging_mixin.py:190} INFO - Dash is running on http://0.0.0.0:8050/
[2024-12-21T17:18:30.533+0000] {dash.py:2160} INFO - Dash is running on http://0.0.0.0:8050/

[2024-12-21T17:18:30.709+0000] {logging_mixin.py:190} INFO -  * Serving Flask app 'fintech_dashboard'
[2024-12-21T17:18:30.711+0000] {logging_mixin.py:190} INFO -  * Debug mode: off
[2024-12-21T17:18:30.715+0000] {_internal.py:224} INFO - [31m[1mWARNING: This is a development server. Do not use it in a production deployment. Use a production WSGI server instead.[0m
 * Running on all addresses (0.0.0.0)
 * Running on http://127.0.0.1:8050
 * Running on http://172.19.0.7:8050
[2024-12-21T17:18:30.716+0000] {_internal.py:224} INFO - [33mPress CTRL+C to quit[0m
[2024-12-21T17:19:27.697+0000] {job.py:229} INFO - Heartbeat recovered after 18.67 seconds
[2024-12-21T17:20:09.277+0000] {job.py:229} INFO - Heartbeat recovered after 31.16 seconds
