[2024-12-20T17:54:08.911+0000] {local_task_job_runner.py:123} INFO - ::group::Pre task execution logs
[2024-12-20T17:54:08.933+0000] {taskinstance.py:2613} INFO - Dependencies all met for dep_context=non-requeueable deps ti=<TaskInstance: fintech_pipeline.load_to_db manual__2024-12-20T17:53:41.047799+00:00 [queued]>
[2024-12-20T17:54:08.944+0000] {taskinstance.py:2613} INFO - Dependencies all met for dep_context=requeueable deps ti=<TaskInstance: fintech_pipeline.load_to_db manual__2024-12-20T17:53:41.047799+00:00 [queued]>
[2024-12-20T17:54:08.945+0000] {taskinstance.py:2866} INFO - Starting attempt 1 of 2
[2024-12-20T17:54:08.964+0000] {taskinstance.py:2889} INFO - Executing <Task(PythonOperator): load_to_db> on 2024-12-20 17:53:41.047799+00:00
[2024-12-20T17:54:08.974+0000] {warnings.py:112} WARNING - /home/***/.local/lib/python3.12/site-packages/***/task/task_runner/standard_task_runner.py:70: DeprecationWarning: This process (pid=124) is multi-threaded, use of fork() may lead to deadlocks in the child.
  pid = os.fork()

[2024-12-20T17:54:08.977+0000] {standard_task_runner.py:72} INFO - Started process 137 to run task
[2024-12-20T17:54:08.976+0000] {standard_task_runner.py:104} INFO - Running: ['***', 'tasks', 'run', 'fintech_pipeline', 'load_to_db', 'manual__2024-12-20T17:53:41.047799+00:00', '--job-id', '137', '--raw', '--subdir', 'DAGS_FOLDER/fintech_dag.py', '--cfg-path', '/tmp/tmphe_xqkif']
[2024-12-20T17:54:08.980+0000] {standard_task_runner.py:105} INFO - Job 137: Subtask load_to_db
[2024-12-20T17:54:09.043+0000] {task_command.py:467} INFO - Running <TaskInstance: fintech_pipeline.load_to_db manual__2024-12-20T17:53:41.047799+00:00 [running]> on host 1a59d4a31d13
[2024-12-20T17:54:09.163+0000] {taskinstance.py:3132} INFO - Exporting env vars: AIRFLOW_CTX_DAG_OWNER='omar_abdelaty' AIRFLOW_CTX_DAG_ID='fintech_pipeline' AIRFLOW_CTX_TASK_ID='load_to_db' AIRFLOW_CTX_EXECUTION_DATE='2024-12-20T17:53:41.047799+00:00' AIRFLOW_CTX_TRY_NUMBER='1' AIRFLOW_CTX_DAG_RUN_ID='manual__2024-12-20T17:53:41.047799+00:00'
[2024-12-20T17:54:09.165+0000] {taskinstance.py:731} INFO - ::endgroup::
[2024-12-20T17:54:09.186+0000] {logging_mixin.py:190} INFO - load
[2024-12-20T17:54:09.187+0000] {python.py:240} INFO - Done. Returned value was: None
[2024-12-20T17:54:09.203+0000] {taskinstance.py:340} INFO - ::group::Post task execution logs
[2024-12-20T17:54:09.204+0000] {taskinstance.py:352} INFO - Marking task as SUCCESS. dag_id=fintech_pipeline, task_id=load_to_db, run_id=manual__2024-12-20T17:53:41.047799+00:00, execution_date=20241220T175341, start_date=20241220T175408, end_date=20241220T175409
[2024-12-20T17:54:09.234+0000] {local_task_job_runner.py:266} INFO - Task exited with return code 0
[2024-12-20T17:54:09.264+0000] {taskinstance.py:3895} INFO - 1 downstream tasks scheduled from follow-on schedule check
[2024-12-20T17:54:09.267+0000] {local_task_job_runner.py:245} INFO - ::endgroup::
