[2024-12-21T18:57:15.398+0000] {local_task_job_runner.py:123} INFO - ::group::Pre task execution logs
[2024-12-21T18:57:15.415+0000] {taskinstance.py:2613} INFO - Dependencies all met for dep_context=non-requeueable deps ti=<TaskInstance: fintech_pipeline.extract_clean manual__2024-12-21T18:57:12.957795+00:00 [queued]>
[2024-12-21T18:57:15.425+0000] {taskinstance.py:2613} INFO - Dependencies all met for dep_context=requeueable deps ti=<TaskInstance: fintech_pipeline.extract_clean manual__2024-12-21T18:57:12.957795+00:00 [queued]>
[2024-12-21T18:57:15.534+0000] {taskinstance.py:2866} INFO - Starting attempt 1 of 2
[2024-12-21T18:57:15.549+0000] {taskinstance.py:2889} INFO - Executing <Task(PythonOperator): extract_clean> on 2024-12-21 18:57:12.957795+00:00
[2024-12-21T18:57:15.556+0000] {warnings.py:112} WARNING - /home/***/.local/lib/python3.12/site-packages/***/task/task_runner/standard_task_runner.py:70: DeprecationWarning: This process (pid=171) is multi-threaded, use of fork() may lead to deadlocks in the child.
  pid = os.fork()

[2024-12-21T18:57:15.558+0000] {standard_task_runner.py:72} INFO - Started process 184 to run task
[2024-12-21T18:57:15.558+0000] {standard_task_runner.py:104} INFO - Running: ['***', 'tasks', 'run', 'fintech_pipeline', 'extract_clean', 'manual__2024-12-21T18:57:12.957795+00:00', '--job-id', '213', '--raw', '--subdir', 'DAGS_FOLDER/fintech_dag.py', '--cfg-path', '/tmp/tmp1ipdxve6']
[2024-12-21T18:57:15.561+0000] {standard_task_runner.py:105} INFO - Job 213: Subtask extract_clean
[2024-12-21T18:57:15.610+0000] {task_command.py:467} INFO - Running <TaskInstance: fintech_pipeline.extract_clean manual__2024-12-21T18:57:12.957795+00:00 [running]> on host 64e93409f4c0
[2024-12-21T18:57:15.695+0000] {taskinstance.py:3132} INFO - Exporting env vars: AIRFLOW_CTX_DAG_OWNER='omar_abdelaty' AIRFLOW_CTX_DAG_ID='fintech_pipeline' AIRFLOW_CTX_TASK_ID='extract_clean' AIRFLOW_CTX_EXECUTION_DATE='2024-12-21T18:57:12.957795+00:00' AIRFLOW_CTX_TRY_NUMBER='1' AIRFLOW_CTX_DAG_RUN_ID='manual__2024-12-21T18:57:12.957795+00:00'
[2024-12-21T18:57:15.696+0000] {taskinstance.py:731} INFO - ::endgroup::
[2024-12-21T18:57:15.710+0000] {logging_mixin.py:190} INFO - Started Cleaning
[2024-12-21T18:57:16.031+0000] {logging_mixin.py:190} INFO - Dataset loaded successfully!
[2024-12-21T18:57:16.033+0000] {logging_mixin.py:190} INFO - Started Cleaning
[2024-12-21T18:57:16.036+0000] {logging_mixin.py:190} INFO - Fixing Inconsistent Data
[2024-12-21T18:57:16.082+0000] {logging_mixin.py:190} INFO - Handling Missing Values
[2024-12-21T18:57:19.558+0000] {logging_mixin.py:190} INFO - Create Lookup Table
[2024-12-21T18:57:25.658+0000] {logging_mixin.py:190} INFO - Data Cleaned
[2024-12-21T18:57:26.466+0000] {logging_mixin.py:190} INFO - Cleaned data saved
[2024-12-21T18:57:26.472+0000] {python.py:240} INFO - Done. Returned value was: None
[2024-12-21T18:57:26.487+0000] {taskinstance.py:340} INFO - ::group::Post task execution logs
[2024-12-21T18:57:26.488+0000] {taskinstance.py:352} INFO - Marking task as SUCCESS. dag_id=fintech_pipeline, task_id=extract_clean, run_id=manual__2024-12-21T18:57:12.957795+00:00, execution_date=20241221T185712, start_date=20241221T185715, end_date=20241221T185726
[2024-12-21T18:57:26.531+0000] {local_task_job_runner.py:266} INFO - Task exited with return code 0
[2024-12-21T18:57:26.540+0000] {local_task_job_runner.py:245} INFO - ::endgroup::
