[2024-12-20T17:54:02.657+0000] {local_task_job_runner.py:123} INFO - ::group::Pre task execution logs
[2024-12-20T17:54:02.680+0000] {taskinstance.py:2613} INFO - Dependencies all met for dep_context=non-requeueable deps ti=<TaskInstance: fintech_pipeline.transform manual__2024-12-20T17:53:41.047799+00:00 [queued]>
[2024-12-20T17:54:02.691+0000] {taskinstance.py:2613} INFO - Dependencies all met for dep_context=requeueable deps ti=<TaskInstance: fintech_pipeline.transform manual__2024-12-20T17:53:41.047799+00:00 [queued]>
[2024-12-20T17:54:02.693+0000] {taskinstance.py:2866} INFO - Starting attempt 1 of 2
[2024-12-20T17:54:02.713+0000] {taskinstance.py:2889} INFO - Executing <Task(PythonOperator): transform> on 2024-12-20 17:53:41.047799+00:00
[2024-12-20T17:54:02.722+0000] {warnings.py:112} WARNING - /home/***/.local/lib/python3.12/site-packages/***/task/task_runner/standard_task_runner.py:70: DeprecationWarning: This process (pid=109) is multi-threaded, use of fork() may lead to deadlocks in the child.
  pid = os.fork()

[2024-12-20T17:54:02.725+0000] {standard_task_runner.py:72} INFO - Started process 122 to run task
[2024-12-20T17:54:02.724+0000] {standard_task_runner.py:104} INFO - Running: ['***', 'tasks', 'run', 'fintech_pipeline', 'transform', 'manual__2024-12-20T17:53:41.047799+00:00', '--job-id', '136', '--raw', '--subdir', 'DAGS_FOLDER/fintech_dag.py', '--cfg-path', '/tmp/tmp0qpyxniz']
[2024-12-20T17:54:02.728+0000] {standard_task_runner.py:105} INFO - Job 136: Subtask transform
[2024-12-20T17:54:02.790+0000] {task_command.py:467} INFO - Running <TaskInstance: fintech_pipeline.transform manual__2024-12-20T17:53:41.047799+00:00 [running]> on host 1a59d4a31d13
[2024-12-20T17:54:02.903+0000] {taskinstance.py:3132} INFO - Exporting env vars: AIRFLOW_CTX_DAG_OWNER='omar_abdelaty' AIRFLOW_CTX_DAG_ID='fintech_pipeline' AIRFLOW_CTX_TASK_ID='transform' AIRFLOW_CTX_EXECUTION_DATE='2024-12-20T17:53:41.047799+00:00' AIRFLOW_CTX_TRY_NUMBER='1' AIRFLOW_CTX_DAG_RUN_ID='manual__2024-12-20T17:53:41.047799+00:00'
[2024-12-20T17:54:02.904+0000] {taskinstance.py:731} INFO - ::endgroup::
[2024-12-20T17:54:02.923+0000] {logging_mixin.py:190} INFO - Transform Started
[2024-12-20T17:54:03.316+0000] {logging_mixin.py:190} INFO - Dataset loaded successfully!
[2024-12-20T17:54:03.317+0000] {logging_mixin.py:190} INFO - Handling Outliers
[2024-12-20T17:54:03.341+0000] {warnings.py:112} WARNING - /home/***/.local/lib/python3.12/site-packages/pandas/core/arraylike.py:396: RuntimeWarning: overflow encountered in exp
  result = getattr(ufunc, method)(*inputs, **kwargs)

[2024-12-20T17:54:04.078+0000] {logging_mixin.py:190} INFO - Encoding
[2024-12-20T17:54:04.174+0000] {logging_mixin.py:190} INFO - Mapping saved to letter_grade_labels.csv
[2024-12-20T17:54:04.181+0000] {logging_mixin.py:190} INFO - Mapping saved to state_labels.csv
[2024-12-20T17:54:04.190+0000] {logging_mixin.py:190} INFO - Mapping saved to addr_state_labels.csv
[2024-12-20T17:54:04.191+0000] {logging_mixin.py:190} INFO - Normalization
[2024-12-20T17:54:04.195+0000] {logging_mixin.py:190} INFO - Transform Complete
[2024-12-20T17:54:05.447+0000] {logging_mixin.py:190} INFO - Transformed data saved to csv
[2024-12-20T17:54:05.448+0000] {python.py:240} INFO - Done. Returned value was: None
[2024-12-20T17:54:05.463+0000] {taskinstance.py:340} INFO - ::group::Post task execution logs
[2024-12-20T17:54:05.464+0000] {taskinstance.py:352} INFO - Marking task as SUCCESS. dag_id=fintech_pipeline, task_id=transform, run_id=manual__2024-12-20T17:53:41.047799+00:00, execution_date=20241220T175341, start_date=20241220T175402, end_date=20241220T175405
[2024-12-20T17:54:05.515+0000] {local_task_job_runner.py:266} INFO - Task exited with return code 0
[2024-12-20T17:54:05.548+0000] {taskinstance.py:3895} INFO - 1 downstream tasks scheduled from follow-on schedule check
[2024-12-20T17:54:05.553+0000] {local_task_job_runner.py:245} INFO - ::endgroup::
