[2024-12-21T19:05:31.420+0000] {local_task_job_runner.py:123} INFO - ::group::Pre task execution logs
[2024-12-21T19:05:31.439+0000] {taskinstance.py:2613} INFO - Dependencies all met for dep_context=non-requeueable deps ti=<TaskInstance: fintech_pipeline.transform manual__2024-12-21T19:05:16.799979+00:00 [queued]>
[2024-12-21T19:05:31.449+0000] {taskinstance.py:2613} INFO - Dependencies all met for dep_context=requeueable deps ti=<TaskInstance: fintech_pipeline.transform manual__2024-12-21T19:05:16.799979+00:00 [queued]>
[2024-12-21T19:05:31.450+0000] {taskinstance.py:2866} INFO - Starting attempt 1 of 2
[2024-12-21T19:05:31.466+0000] {taskinstance.py:2889} INFO - Executing <Task(PythonOperator): transform> on 2024-12-21 19:05:16.799979+00:00
[2024-12-21T19:05:31.474+0000] {warnings.py:112} WARNING - /home/***/.local/lib/python3.12/site-packages/***/task/task_runner/standard_task_runner.py:70: DeprecationWarning: This process (pid=362) is multi-threaded, use of fork() may lead to deadlocks in the child.
  pid = os.fork()

[2024-12-21T19:05:31.477+0000] {standard_task_runner.py:72} INFO - Started process 375 to run task
[2024-12-21T19:05:31.476+0000] {standard_task_runner.py:104} INFO - Running: ['***', 'tasks', 'run', 'fintech_pipeline', 'transform', 'manual__2024-12-21T19:05:16.799979+00:00', '--job-id', '218', '--raw', '--subdir', 'DAGS_FOLDER/fintech_dag.py', '--cfg-path', '/tmp/tmp95o0qapk']
[2024-12-21T19:05:31.478+0000] {standard_task_runner.py:105} INFO - Job 218: Subtask transform
[2024-12-21T19:05:31.533+0000] {task_command.py:467} INFO - Running <TaskInstance: fintech_pipeline.transform manual__2024-12-21T19:05:16.799979+00:00 [running]> on host 64e93409f4c0
[2024-12-21T19:05:31.629+0000] {taskinstance.py:3132} INFO - Exporting env vars: AIRFLOW_CTX_DAG_OWNER='omar_abdelaty' AIRFLOW_CTX_DAG_ID='fintech_pipeline' AIRFLOW_CTX_TASK_ID='transform' AIRFLOW_CTX_EXECUTION_DATE='2024-12-21T19:05:16.799979+00:00' AIRFLOW_CTX_TRY_NUMBER='1' AIRFLOW_CTX_DAG_RUN_ID='manual__2024-12-21T19:05:16.799979+00:00'
[2024-12-21T19:05:31.630+0000] {taskinstance.py:731} INFO - ::endgroup::
[2024-12-21T19:05:31.647+0000] {logging_mixin.py:190} INFO - Transform Started
[2024-12-21T19:05:32.033+0000] {logging_mixin.py:190} INFO - Dataset loaded successfully!
[2024-12-21T19:05:32.033+0000] {logging_mixin.py:190} INFO - Handling Outliers
[2024-12-21T19:05:32.051+0000] {warnings.py:112} WARNING - /home/***/.local/lib/python3.12/site-packages/pandas/core/arraylike.py:396: RuntimeWarning: overflow encountered in exp
  result = getattr(ufunc, method)(*inputs, **kwargs)

[2024-12-21T19:05:32.952+0000] {logging_mixin.py:190} INFO - Encoding
[2024-12-21T19:05:33.054+0000] {logging_mixin.py:190} INFO - Mapping saved to letter_grade_labels.csv
[2024-12-21T19:05:33.061+0000] {logging_mixin.py:190} INFO - Mapping saved to state_labels.csv
[2024-12-21T19:05:33.068+0000] {logging_mixin.py:190} INFO - Mapping saved to addr_state_labels.csv
[2024-12-21T19:05:33.068+0000] {logging_mixin.py:190} INFO - Normalization
[2024-12-21T19:05:33.071+0000] {logging_mixin.py:190} INFO - Transform Complete
[2024-12-21T19:05:34.481+0000] {logging_mixin.py:190} INFO - Transformed data saved to csv
[2024-12-21T19:05:34.483+0000] {python.py:240} INFO - Done. Returned value was: None
[2024-12-21T19:05:34.501+0000] {taskinstance.py:340} INFO - ::group::Post task execution logs
[2024-12-21T19:05:34.503+0000] {taskinstance.py:352} INFO - Marking task as SUCCESS. dag_id=fintech_pipeline, task_id=transform, run_id=manual__2024-12-21T19:05:16.799979+00:00, execution_date=20241221T190516, start_date=20241221T190531, end_date=20241221T190534
[2024-12-21T19:05:34.544+0000] {local_task_job_runner.py:266} INFO - Task exited with return code 0
[2024-12-21T19:05:34.580+0000] {taskinstance.py:3895} INFO - 1 downstream tasks scheduled from follow-on schedule check
[2024-12-21T19:05:34.583+0000] {local_task_job_runner.py:245} INFO - ::endgroup::
