[2024-12-21T21:22:19.745+0000] {local_task_job_runner.py:123} INFO - ::group::Pre task execution logs
[2024-12-21T21:22:19.782+0000] {taskinstance.py:2613} INFO - Dependencies all met for dep_context=non-requeueable deps ti=<TaskInstance: fintech_pipeline.extract_clean manual__2024-12-21T21:22:13.376514+00:00 [queued]>
[2024-12-21T21:22:19.807+0000] {taskinstance.py:2613} INFO - Dependencies all met for dep_context=requeueable deps ti=<TaskInstance: fintech_pipeline.extract_clean manual__2024-12-21T21:22:13.376514+00:00 [queued]>
[2024-12-21T21:22:19.862+0000] {taskinstance.py:2866} INFO - Starting attempt 1 of 2
[2024-12-21T21:22:19.903+0000] {taskinstance.py:2889} INFO - Executing <Task(PythonOperator): extract_clean> on 2024-12-21 21:22:13.376514+00:00
[2024-12-21T21:22:19.920+0000] {warnings.py:112} WARNING - /home/***/.local/lib/python3.12/site-packages/***/task/task_runner/standard_task_runner.py:70: DeprecationWarning: This process (pid=1524) is multi-threaded, use of fork() may lead to deadlocks in the child.
  pid = os.fork()

[2024-12-21T21:22:19.925+0000] {standard_task_runner.py:72} INFO - Started process 1544 to run task
[2024-12-21T21:22:19.924+0000] {standard_task_runner.py:104} INFO - Running: ['***', 'tasks', 'run', 'fintech_pipeline', 'extract_clean', 'manual__2024-12-21T21:22:13.376514+00:00', '--job-id', '237', '--raw', '--subdir', 'DAGS_FOLDER/fintech_dag.py', '--cfg-path', '/tmp/tmprjrs1738']
[2024-12-21T21:22:19.931+0000] {standard_task_runner.py:105} INFO - Job 237: Subtask extract_clean
[2024-12-21T21:22:20.088+0000] {task_command.py:467} INFO - Running <TaskInstance: fintech_pipeline.extract_clean manual__2024-12-21T21:22:13.376514+00:00 [running]> on host 64e93409f4c0
[2024-12-21T21:22:20.358+0000] {taskinstance.py:3132} INFO - Exporting env vars: AIRFLOW_CTX_DAG_OWNER='omar_abdelaty' AIRFLOW_CTX_DAG_ID='fintech_pipeline' AIRFLOW_CTX_TASK_ID='extract_clean' AIRFLOW_CTX_EXECUTION_DATE='2024-12-21T21:22:13.376514+00:00' AIRFLOW_CTX_TRY_NUMBER='1' AIRFLOW_CTX_DAG_RUN_ID='manual__2024-12-21T21:22:13.376514+00:00'
[2024-12-21T21:22:20.359+0000] {taskinstance.py:731} INFO - ::endgroup::
[2024-12-21T21:22:20.377+0000] {logging_mixin.py:190} INFO - Started Cleaning
[2024-12-21T21:22:20.939+0000] {logging_mixin.py:190} INFO - Dataset loaded successfully!
[2024-12-21T21:22:20.939+0000] {logging_mixin.py:190} INFO - Started Cleaning
[2024-12-21T21:22:20.943+0000] {logging_mixin.py:190} INFO - Fixing Inconsistent Data
[2024-12-21T21:22:21.161+0000] {logging_mixin.py:190} INFO - Handling Missing Values
[2024-12-21T21:22:31.644+0000] {logging_mixin.py:190} INFO - Create Lookup Table
[2024-12-21T21:22:48.218+0000] {logging_mixin.py:190} INFO - Data Cleaned
[2024-12-21T21:22:50.684+0000] {logging_mixin.py:190} INFO - Cleaned data saved
[2024-12-21T21:22:50.699+0000] {python.py:240} INFO - Done. Returned value was: None
[2024-12-21T21:22:50.735+0000] {taskinstance.py:340} INFO - ::group::Post task execution logs
[2024-12-21T21:22:50.737+0000] {taskinstance.py:352} INFO - Marking task as SUCCESS. dag_id=fintech_pipeline, task_id=extract_clean, run_id=manual__2024-12-21T21:22:13.376514+00:00, execution_date=20241221T212213, start_date=20241221T212219, end_date=20241221T212250
[2024-12-21T21:22:50.817+0000] {local_task_job_runner.py:266} INFO - Task exited with return code 0
[2024-12-21T21:22:50.909+0000] {taskinstance.py:3895} INFO - 1 downstream tasks scheduled from follow-on schedule check
[2024-12-21T21:22:50.924+0000] {local_task_job_runner.py:245} INFO - ::endgroup::
