[2024-12-21T19:08:34.790+0000] {local_task_job_runner.py:123} INFO - ::group::Pre task execution logs
[2024-12-21T19:08:34.806+0000] {taskinstance.py:2613} INFO - Dependencies all met for dep_context=non-requeueable deps ti=<TaskInstance: fintech_pipeline.create_dashboard manual__2024-12-21T19:08:05.788682+00:00 [queued]>
[2024-12-21T19:08:34.814+0000] {taskinstance.py:2613} INFO - Dependencies all met for dep_context=requeueable deps ti=<TaskInstance: fintech_pipeline.create_dashboard manual__2024-12-21T19:08:05.788682+00:00 [queued]>
[2024-12-21T19:08:34.836+0000] {taskinstance.py:2866} INFO - Starting attempt 1 of 2
[2024-12-21T19:08:34.850+0000] {taskinstance.py:2889} INFO - Executing <Task(PythonOperator): create_dashboard> on 2024-12-21 19:08:05.788682+00:00
[2024-12-21T19:08:34.857+0000] {warnings.py:112} WARNING - /home/***/.local/lib/python3.12/site-packages/***/task/task_runner/standard_task_runner.py:70: DeprecationWarning: This process (pid=505) is multi-threaded, use of fork() may lead to deadlocks in the child.
  pid = os.fork()

[2024-12-21T19:08:34.859+0000] {standard_task_runner.py:72} INFO - Started process 518 to run task
[2024-12-21T19:08:34.858+0000] {standard_task_runner.py:104} INFO - Running: ['***', 'tasks', 'run', 'fintech_pipeline', 'create_dashboard', 'manual__2024-12-21T19:08:05.788682+00:00', '--job-id', '224', '--raw', '--subdir', 'DAGS_FOLDER/fintech_dag.py', '--cfg-path', '/tmp/tmpcun8m1a1']
[2024-12-21T19:08:34.861+0000] {standard_task_runner.py:105} INFO - Job 224: Subtask create_dashboard
[2024-12-21T19:08:34.910+0000] {task_command.py:467} INFO - Running <TaskInstance: fintech_pipeline.create_dashboard manual__2024-12-21T19:08:05.788682+00:00 [running]> on host 64e93409f4c0
[2024-12-21T19:08:34.994+0000] {taskinstance.py:3132} INFO - Exporting env vars: AIRFLOW_CTX_DAG_OWNER='omar_abdelaty' AIRFLOW_CTX_DAG_ID='fintech_pipeline' AIRFLOW_CTX_TASK_ID='create_dashboard' AIRFLOW_CTX_EXECUTION_DATE='2024-12-21T19:08:05.788682+00:00' AIRFLOW_CTX_TRY_NUMBER='1' AIRFLOW_CTX_DAG_RUN_ID='manual__2024-12-21T19:08:05.788682+00:00'
[2024-12-21T19:08:34.996+0000] {taskinstance.py:731} INFO - ::endgroup::
[2024-12-21T19:08:35.378+0000] {logging_mixin.py:190} INFO - Dash is running on http://0.0.0.0:8050/
[2024-12-21T19:08:35.378+0000] {dash.py:2160} INFO - Dash is running on http://0.0.0.0:8050/

[2024-12-21T19:08:35.385+0000] {logging_mixin.py:190} INFO -  * Serving Flask app 'fintech_dashboard'
[2024-12-21T19:08:35.385+0000] {logging_mixin.py:190} INFO -  * Debug mode: off
[2024-12-21T19:08:35.386+0000] {_internal.py:224} INFO - [31m[1mWARNING: This is a development server. Do not use it in a production deployment. Use a production WSGI server instead.[0m
 * Running on all addresses (0.0.0.0)
 * Running on http://127.0.0.1:8050
 * Running on http://172.19.0.6:8050
[2024-12-21T19:08:35.387+0000] {_internal.py:224} INFO - [33mPress CTRL+C to quit[0m
[2024-12-21T19:08:45.428+0000] {_internal.py:224} INFO - 172.19.0.1 - - [21/Dec/2024 19:08:45] "GET / HTTP/1.1" 200 -
[2024-12-21T19:08:45.551+0000] {_internal.py:224} INFO - 172.19.0.1 - - [21/Dec/2024 19:08:45] "GET /_dash-dependencies HTTP/1.1" 200 -
[2024-12-21T19:08:45.553+0000] {_internal.py:224} INFO - 172.19.0.1 - - [21/Dec/2024 19:08:45] "GET /_dash-layout HTTP/1.1" 200 -
[2024-12-21T19:08:45.577+0000] {_internal.py:224} INFO - 172.19.0.1 - - [21/Dec/2024 19:08:45] "[36mGET /_dash-component-suites/dash/dcc/async-graph.js HTTP/1.1[0m" 304 -
[2024-12-21T19:08:45.587+0000] {_internal.py:224} INFO - 172.19.0.1 - - [21/Dec/2024 19:08:45] "[36mGET /_dash-component-suites/dash/dcc/async-dropdown.js HTTP/1.1[0m" 304 -
[2024-12-21T19:08:45.603+0000] {_internal.py:224} INFO - 172.19.0.1 - - [21/Dec/2024 19:08:45] "[36mGET /_dash-component-suites/plotly/package_data/plotly.min.js HTTP/1.1[0m" 304 -
[2024-12-21T19:08:45.623+0000] {_internal.py:224} INFO - 172.19.0.1 - - [21/Dec/2024 19:08:45] "GET /_favicon.ico?v=2.18.2 HTTP/1.1" 200 -
[2024-12-21T19:08:45.665+0000] {app.py:1744} ERROR - Exception on /_dash-update-component [POST]
Traceback (most recent call last):
  File "/home/airflow/.local/lib/python3.12/site-packages/flask/app.py", line 2529, in wsgi_app
    response = self.full_dispatch_request()
               ^^^^^^^^^^^^^^^^^^^^^^^^^^^^
  File "/home/airflow/.local/lib/python3.12/site-packages/flask/app.py", line 1825, in full_dispatch_request
    rv = self.handle_user_exception(e)
         ^^^^^^^^^^^^^^^^^^^^^^^^^^^^^
  File "/home/airflow/.local/lib/python3.12/site-packages/flask/app.py", line 1823, in full_dispatch_request
    rv = self.dispatch_request()
         ^^^^^^^^^^^^^^^^^^^^^^^
  File "/home/airflow/.local/lib/python3.12/site-packages/flask/app.py", line 1799, in dispatch_request
    return self.ensure_sync(self.view_functions[rule.endpoint])(**view_args)
           ^^^^^^^^^^^^^^^^^^^^^^^^^^^^^^^^^^^^^^^^^^^^^^^^^^^^^^^^^^^^^^^^^
  File "/home/airflow/.local/lib/python3.12/site-packages/dash/dash.py", line 1376, in dispatch
    ctx.run(
  File "/home/airflow/.local/lib/python3.12/site-packages/dash/_callback.py", line 507, in add_context
    raise err
  File "/home/airflow/.local/lib/python3.12/site-packages/dash/_callback.py", line 496, in add_context
    output_value = _invoke_callback(func, *func_args, **func_kwargs)
                   ^^^^^^^^^^^^^^^^^^^^^^^^^^^^^^^^^^^^^^^^^^^^^^^^^
  File "/home/airflow/.local/lib/python3.12/site-packages/dash/_callback.py", line 43, in _invoke_callback
    return func(*args, **kwargs)  # %% callback invoked %%
           ^^^^^^^^^^^^^^^^^^^^^
  File "/opt/airflow/dags/fintech_dashboard.py", line 92, in update_loan_trend
    fig = px.line(
          ^^^^^^^^
  File "/home/airflow/.local/lib/python3.12/site-packages/plotly/express/_chart_types.py", line 264, in line
    return make_figure(args=locals(), constructor=go.Scatter)
           ^^^^^^^^^^^^^^^^^^^^^^^^^^^^^^^^^^^^^^^^^^^^^^^^^^
  File "/home/airflow/.local/lib/python3.12/site-packages/plotly/express/_core.py", line 2115, in make_figure
    apply_default_cascade(args)
  File "/home/airflow/.local/lib/python3.12/site-packages/plotly/express/_core.py", line 971, in apply_default_cascade
    scatter.marker.symbol for scatter in args["template"].data.scatter
    ^^^^^^^^^^^^^^^^^^^^^
  File "/home/airflow/.local/lib/python3.12/site-packages/plotly/graph_objs/scatter/_marker.py", line 1214, in symbol
    return self["symbol"]
           ~~~~^^^^^^^^^^
  File "/home/airflow/.local/lib/python3.12/site-packages/plotly/basedatatypes.py", line 4742, in __getitem__
    elif self._props is not None and prop in self._props:
         ^^^^^^^^^^^
  File "/home/airflow/.local/lib/python3.12/site-packages/plotly/basedatatypes.py", line 4437, in _props
    return self.parent._get_child_props(self)
           ^^^^^^^^^^^^^^^^^^^^^^^^^^^^^^^^^^
  File "/home/airflow/.local/lib/python3.12/site-packages/plotly/basedatatypes.py", line 4451, in _get_child_props
    if self._props is None:
       ^^^^^^^^^^^
  File "/home/airflow/.local/lib/python3.12/site-packages/plotly/basedatatypes.py", line 4437, in _props
    return self.parent._get_child_props(self)
           ^^^^^^^^^^^^^^^^^^^^^^^^^^^^^^^^^^
  File "/home/airflow/.local/lib/python3.12/site-packages/plotly/basedatatypes.py", line 4471, in _get_child_props
    child_ind = BaseFigure._index_is(children, child)
                ^^^^^^^^^^^^^^^^^^^^^^^^^^^^^^^^^^^^^
  File "/home/airflow/.local/lib/python3.12/site-packages/plotly/basedatatypes.py", line 3965, in _index_is
    raise ValueError("Invalid value")
ValueError: Invalid value
[2024-12-21T19:08:45.695+0000] {app.py:1744} ERROR - Exception on /_dash-update-component [POST]
Traceback (most recent call last):
  File "/home/airflow/.local/lib/python3.12/site-packages/flask/app.py", line 2529, in wsgi_app
    response = self.full_dispatch_request()
               ^^^^^^^^^^^^^^^^^^^^^^^^^^^^
  File "/home/airflow/.local/lib/python3.12/site-packages/flask/app.py", line 1825, in full_dispatch_request
    rv = self.handle_user_exception(e)
         ^^^^^^^^^^^^^^^^^^^^^^^^^^^^^
  File "/home/airflow/.local/lib/python3.12/site-packages/flask/app.py", line 1823, in full_dispatch_request
    rv = self.dispatch_request()
         ^^^^^^^^^^^^^^^^^^^^^^^
  File "/home/airflow/.local/lib/python3.12/site-packages/flask/app.py", line 1799, in dispatch_request
    return self.ensure_sync(self.view_functions[rule.endpoint])(**view_args)
           ^^^^^^^^^^^^^^^^^^^^^^^^^^^^^^^^^^^^^^^^^^^^^^^^^^^^^^^^^^^^^^^^^
  File "/home/airflow/.local/lib/python3.12/site-packages/dash/dash.py", line 1376, in dispatch
    ctx.run(
  File "/home/airflow/.local/lib/python3.12/site-packages/dash/_callback.py", line 507, in add_context
    raise err
  File "/home/airflow/.local/lib/python3.12/site-packages/dash/_callback.py", line 496, in add_context
    output_value = _invoke_callback(func, *func_args, **func_kwargs)
                   ^^^^^^^^^^^^^^^^^^^^^^^^^^^^^^^^^^^^^^^^^^^^^^^^^
  File "/home/airflow/.local/lib/python3.12/site-packages/dash/_callback.py", line 43, in _invoke_callback
    return func(*args, **kwargs)  # %% callback invoked %%
           ^^^^^^^^^^^^^^^^^^^^^
  File "/opt/airflow/dags/fintech_dashboard.py", line 108, in update_state_average_loan
    fig = px.bar(
          ^^^^^^^
  File "/home/airflow/.local/lib/python3.12/site-packages/plotly/express/_chart_types.py", line 373, in bar
    return make_figure(
           ^^^^^^^^^^^^
  File "/home/airflow/.local/lib/python3.12/site-packages/plotly/express/_core.py", line 2115, in make_figure
    apply_default_cascade(args)
  File "/home/airflow/.local/lib/python3.12/site-packages/plotly/express/_core.py", line 994, in apply_default_cascade
    bar.marker.pattern.shape for bar in args["template"].data.bar
    ^^^^^^^^^^^^^^^^^^^^^^^^
  File "/home/airflow/.local/lib/python3.12/site-packages/plotly/graph_objs/bar/marker/_pattern.py", line 252, in shape
    return self["shape"]
           ~~~~^^^^^^^^^
  File "/home/airflow/.local/lib/python3.12/site-packages/plotly/basedatatypes.py", line 4742, in __getitem__
    elif self._props is not None and prop in self._props:
         ^^^^^^^^^^^
  File "/home/airflow/.local/lib/python3.12/site-packages/plotly/basedatatypes.py", line 4437, in _props
    return self.parent._get_child_props(self)
           ^^^^^^^^^^^^^^^^^^^^^^^^^^^^^^^^^^
  File "/home/airflow/.local/lib/python3.12/site-packages/plotly/basedatatypes.py", line 4451, in _get_child_props
    if self._props is None:
       ^^^^^^^^^^^
  File "/home/airflow/.local/lib/python3.12/site-packages/plotly/basedatatypes.py", line 4437, in _props
    return self.parent._get_child_props(self)
           ^^^^^^^^^^^^^^^^^^^^^^^^^^^^^^^^^^
  File "/home/airflow/.local/lib/python3.12/site-packages/plotly/basedatatypes.py", line 4451, in _get_child_props
    if self._props is None:
       ^^^^^^^^^^^
  File "/home/airflow/.local/lib/python3.12/site-packages/plotly/basedatatypes.py", line 4437, in _props
    return self.parent._get_child_props(self)
           ^^^^^^^^^^^^^^^^^^^^^^^^^^^^^^^^^^
  File "/home/airflow/.local/lib/python3.12/site-packages/plotly/basedatatypes.py", line 4471, in _get_child_props
    child_ind = BaseFigure._index_is(children, child)
                ^^^^^^^^^^^^^^^^^^^^^^^^^^^^^^^^^^^^^
  File "/home/airflow/.local/lib/python3.12/site-packages/plotly/basedatatypes.py", line 3965, in _index_is
    raise ValueError("Invalid value")
ValueError: Invalid value
[2024-12-21T19:08:45.716+0000] {_internal.py:224} INFO - 172.19.0.1 - - [21/Dec/2024 19:08:45] "[35m[1mPOST /_dash-update-component HTTP/1.1[0m" 500 -
[2024-12-21T19:08:45.725+0000] {_internal.py:224} INFO - 172.19.0.1 - - [21/Dec/2024 19:08:45] "[35m[1mPOST /_dash-update-component HTTP/1.1[0m" 500 -
[2024-12-21T19:08:46.519+0000] {_internal.py:224} INFO - 172.19.0.1 - - [21/Dec/2024 19:08:46] "POST /_dash-update-component HTTP/1.1" 200 -
[2024-12-21T19:08:46.549+0000] {_internal.py:224} INFO - 172.19.0.1 - - [21/Dec/2024 19:08:46] "POST /_dash-update-component HTTP/1.1" 200 -
[2024-12-21T19:08:46.609+0000] {_internal.py:224} INFO - 172.19.0.1 - - [21/Dec/2024 19:08:46] "POST /_dash-update-component HTTP/1.1" 200 -
[2024-12-21T19:08:55.275+0000] {_internal.py:224} INFO - 172.19.0.1 - - [21/Dec/2024 19:08:55] "POST /_dash-update-component HTTP/1.1" 200 -
[2024-12-21T19:08:56.513+0000] {_internal.py:224} INFO - 172.19.0.1 - - [21/Dec/2024 19:08:56] "POST /_dash-update-component HTTP/1.1" 200 -
[2024-12-21T19:09:04.969+0000] {_internal.py:224} INFO - 172.19.0.1 - - [21/Dec/2024 19:09:04] "GET / HTTP/1.1" 200 -
[2024-12-21T19:09:05.054+0000] {_internal.py:224} INFO - 172.19.0.1 - - [21/Dec/2024 19:09:05] "GET /_dash-layout HTTP/1.1" 200 -
[2024-12-21T19:09:05.056+0000] {_internal.py:224} INFO - 172.19.0.1 - - [21/Dec/2024 19:09:05] "GET /_dash-dependencies HTTP/1.1" 200 -
[2024-12-21T19:09:05.064+0000] {_internal.py:224} INFO - 172.19.0.1 - - [21/Dec/2024 19:09:05] "GET /_favicon.ico?v=2.18.2 HTTP/1.1" 200 -
[2024-12-21T19:09:05.077+0000] {_internal.py:224} INFO - 172.19.0.1 - - [21/Dec/2024 19:09:05] "[36mGET /_dash-component-suites/dash/dcc/async-graph.js HTTP/1.1[0m" 304 -
[2024-12-21T19:09:05.095+0000] {_internal.py:224} INFO - 172.19.0.1 - - [21/Dec/2024 19:09:05] "[36mGET /_dash-component-suites/dash/dcc/async-dropdown.js HTTP/1.1[0m" 304 -
[2024-12-21T19:09:05.095+0000] {_internal.py:224} INFO - 172.19.0.1 - - [21/Dec/2024 19:09:05] "[36mGET /_dash-component-suites/plotly/package_data/plotly.min.js HTTP/1.1[0m" 304 -
[2024-12-21T19:09:05.215+0000] {_internal.py:224} INFO - 172.19.0.1 - - [21/Dec/2024 19:09:05] "POST /_dash-update-component HTTP/1.1" 200 -
[2024-12-21T19:09:05.231+0000] {_internal.py:224} INFO - 172.19.0.1 - - [21/Dec/2024 19:09:05] "POST /_dash-update-component HTTP/1.1" 200 -
[2024-12-21T19:09:05.452+0000] {_internal.py:224} INFO - 172.19.0.1 - - [21/Dec/2024 19:09:05] "POST /_dash-update-component HTTP/1.1" 200 -
[2024-12-21T19:09:05.522+0000] {_internal.py:224} INFO - 172.19.0.1 - - [21/Dec/2024 19:09:05] "POST /_dash-update-component HTTP/1.1" 200 -
[2024-12-21T19:09:05.561+0000] {_internal.py:224} INFO - 172.19.0.1 - - [21/Dec/2024 19:09:05] "POST /_dash-update-component HTTP/1.1" 200 -
[2024-12-21T19:33:54.472+0000] {job.py:229} INFO - Heartbeat recovered after 1277.77 seconds
[2024-12-21T19:54:34.623+0000] {job.py:229} INFO - Heartbeat recovered after 957.02 seconds
[2024-12-21T20:38:04.869+0000] {job.py:229} INFO - Heartbeat recovered after 444.86 seconds
[2024-12-21T20:40:56.727+0000] {local_task_job_runner.py:346} WARNING - State of this instance has been externally set to success. Terminating instance.
[2024-12-21T20:40:56.759+0000] {local_task_job_runner.py:245} INFO - ::endgroup::
[2024-12-21T20:40:56.771+0000] {process_utils.py:132} INFO - Sending 15 to group 518. PIDs of all processes in the group: [518]
[2024-12-21T20:40:56.774+0000] {process_utils.py:87} INFO - Sending the signal 15 to group 518
[2024-12-21T20:40:56.796+0000] {taskinstance.py:3093} ERROR - Received SIGTERM. Terminating subprocesses.
[2024-12-21T20:40:57.123+0000] {taskinstance.py:340} INFO - ::group::Post task execution logs
[2024-12-21T20:40:57.274+0000] {process_utils.py:80} INFO - Process psutil.Process(pid=518, status='terminated', exitcode=0, started='19:08:34') (518) terminated with exit code 0
