[2024-12-21T18:56:09.401+0000] {local_task_job_runner.py:123} INFO - ::group::Pre task execution logs
[2024-12-21T18:56:09.424+0000] {taskinstance.py:2613} INFO - Dependencies all met for dep_context=non-requeueable deps ti=<TaskInstance: fintech_pipeline.load_to_db manual__2024-12-21T18:55:48.350903+00:00 [queued]>
[2024-12-21T18:56:09.435+0000] {taskinstance.py:2613} INFO - Dependencies all met for dep_context=requeueable deps ti=<TaskInstance: fintech_pipeline.load_to_db manual__2024-12-21T18:55:48.350903+00:00 [queued]>
[2024-12-21T18:56:09.436+0000] {taskinstance.py:2866} INFO - Starting attempt 1 of 2
[2024-12-21T18:56:09.454+0000] {taskinstance.py:2889} INFO - Executing <Task(PythonOperator): load_to_db> on 2024-12-21 18:55:48.350903+00:00
[2024-12-21T18:56:09.462+0000] {warnings.py:112} WARNING - /home/***/.local/lib/python3.12/site-packages/***/task/task_runner/standard_task_runner.py:70: DeprecationWarning: This process (pid=116) is multi-threaded, use of fork() may lead to deadlocks in the child.
  pid = os.fork()

[2024-12-21T18:56:09.465+0000] {standard_task_runner.py:72} INFO - Started process 129 to run task
[2024-12-21T18:56:09.464+0000] {standard_task_runner.py:104} INFO - Running: ['***', 'tasks', 'run', 'fintech_pipeline', 'load_to_db', 'manual__2024-12-21T18:55:48.350903+00:00', '--job-id', '211', '--raw', '--subdir', 'DAGS_FOLDER/fintech_dag.py', '--cfg-path', '/tmp/tmpok3gj90v']
[2024-12-21T18:56:09.469+0000] {standard_task_runner.py:105} INFO - Job 211: Subtask load_to_db
[2024-12-21T18:56:09.530+0000] {task_command.py:467} INFO - Running <TaskInstance: fintech_pipeline.load_to_db manual__2024-12-21T18:55:48.350903+00:00 [running]> on host 64e93409f4c0
[2024-12-21T18:56:09.644+0000] {taskinstance.py:3132} INFO - Exporting env vars: AIRFLOW_CTX_DAG_OWNER='omar_abdelaty' AIRFLOW_CTX_DAG_ID='fintech_pipeline' AIRFLOW_CTX_TASK_ID='load_to_db' AIRFLOW_CTX_EXECUTION_DATE='2024-12-21T18:55:48.350903+00:00' AIRFLOW_CTX_TRY_NUMBER='1' AIRFLOW_CTX_DAG_RUN_ID='manual__2024-12-21T18:55:48.350903+00:00'
[2024-12-21T18:56:09.646+0000] {taskinstance.py:731} INFO - ::endgroup::
[2024-12-21T18:56:09.668+0000] {logging_mixin.py:190} INFO - Loading to DB
[2024-12-21T18:56:10.227+0000] {logging_mixin.py:190} INFO - Dataset loaded successfully!
[2024-12-21T18:56:10.580+0000] {logging_mixin.py:190} INFO - Connected to Database
[2024-12-21T18:56:10.580+0000] {logging_mixin.py:190} INFO - Writing cleaned dataset to database
[2024-12-21T18:56:20.202+0000] {logging_mixin.py:190} INFO - Done writing to database
[2024-12-21T18:56:20.206+0000] {python.py:240} INFO - Done. Returned value was: None
[2024-12-21T18:56:20.225+0000] {taskinstance.py:340} INFO - ::group::Post task execution logs
[2024-12-21T18:56:20.227+0000] {taskinstance.py:352} INFO - Marking task as SUCCESS. dag_id=fintech_pipeline, task_id=load_to_db, run_id=manual__2024-12-21T18:55:48.350903+00:00, execution_date=20241221T185548, start_date=20241221T185609, end_date=20241221T185620
[2024-12-21T18:56:20.294+0000] {local_task_job_runner.py:266} INFO - Task exited with return code 0
[2024-12-21T18:56:20.318+0000] {taskinstance.py:3895} INFO - 1 downstream tasks scheduled from follow-on schedule check
[2024-12-21T18:56:20.321+0000] {local_task_job_runner.py:245} INFO - ::endgroup::
