[2024-12-20T00:18:43.197+0000] {local_task_job_runner.py:123} INFO - ::group::Pre task execution logs
[2024-12-20T00:18:43.215+0000] {taskinstance.py:2613} INFO - Dependencies all met for dep_context=non-requeueable deps ti=<TaskInstance: fintech_pipeline.transform manual__2024-12-20T00:18:26.896066+00:00 [queued]>
[2024-12-20T00:18:43.224+0000] {taskinstance.py:2613} INFO - Dependencies all met for dep_context=requeueable deps ti=<TaskInstance: fintech_pipeline.transform manual__2024-12-20T00:18:26.896066+00:00 [queued]>
[2024-12-20T00:18:43.226+0000] {taskinstance.py:2866} INFO - Starting attempt 1 of 2
[2024-12-20T00:18:43.241+0000] {taskinstance.py:2889} INFO - Executing <Task(PythonOperator): transform> on 2024-12-20 00:18:26.896066+00:00
[2024-12-20T00:18:43.249+0000] {warnings.py:112} WARNING - /home/***/.local/lib/python3.12/site-packages/***/task/task_runner/standard_task_runner.py:70: DeprecationWarning: This process (pid=161) is multi-threaded, use of fork() may lead to deadlocks in the child.
  pid = os.fork()

[2024-12-20T00:18:43.251+0000] {standard_task_runner.py:72} INFO - Started process 174 to run task
[2024-12-20T00:18:43.251+0000] {standard_task_runner.py:104} INFO - Running: ['***', 'tasks', 'run', 'fintech_pipeline', 'transform', 'manual__2024-12-20T00:18:26.896066+00:00', '--job-id', '87', '--raw', '--subdir', 'DAGS_FOLDER/fintech_dag.py', '--cfg-path', '/tmp/tmpkw16_x2v']
[2024-12-20T00:18:43.253+0000] {standard_task_runner.py:105} INFO - Job 87: Subtask transform
[2024-12-20T00:18:43.305+0000] {task_command.py:467} INFO - Running <TaskInstance: fintech_pipeline.transform manual__2024-12-20T00:18:26.896066+00:00 [running]> on host c0e4640604d2
[2024-12-20T00:18:43.388+0000] {taskinstance.py:3132} INFO - Exporting env vars: AIRFLOW_CTX_DAG_OWNER='omar_abdelaty' AIRFLOW_CTX_DAG_ID='fintech_pipeline' AIRFLOW_CTX_TASK_ID='transform' AIRFLOW_CTX_EXECUTION_DATE='2024-12-20T00:18:26.896066+00:00' AIRFLOW_CTX_TRY_NUMBER='1' AIRFLOW_CTX_DAG_RUN_ID='manual__2024-12-20T00:18:26.896066+00:00'
[2024-12-20T00:18:43.390+0000] {taskinstance.py:731} INFO - ::endgroup::
[2024-12-20T00:18:43.403+0000] {logging_mixin.py:190} INFO - Transform Started
[2024-12-20T00:18:43.718+0000] {logging_mixin.py:190} INFO - Dataset loaded successfully!
[2024-12-20T00:18:43.719+0000] {logging_mixin.py:190} INFO - Handling Outliers
[2024-12-20T00:18:43.734+0000] {warnings.py:112} WARNING - /home/***/.local/lib/python3.12/site-packages/pandas/core/arraylike.py:396: RuntimeWarning: overflow encountered in exp
  result = getattr(ufunc, method)(*inputs, **kwargs)

[2024-12-20T00:18:44.313+0000] {logging_mixin.py:190} INFO - Encoding
[2024-12-20T00:18:44.383+0000] {logging_mixin.py:190} INFO - Mapping saved to letter_grade_labels.csv
[2024-12-20T00:18:44.389+0000] {logging_mixin.py:190} INFO - Mapping saved to state_labels.csv
[2024-12-20T00:18:44.394+0000] {logging_mixin.py:190} INFO - Mapping saved to addr_state_labels.csv
[2024-12-20T00:18:44.395+0000] {logging_mixin.py:190} INFO - Normalization
[2024-12-20T00:18:44.398+0000] {logging_mixin.py:190} INFO - Transform Complete
[2024-12-20T00:18:45.408+0000] {logging_mixin.py:190} INFO - Transformed data saved to csv
[2024-12-20T00:18:45.409+0000] {python.py:240} INFO - Done. Returned value was: None
[2024-12-20T00:18:45.420+0000] {taskinstance.py:340} INFO - ::group::Post task execution logs
[2024-12-20T00:18:45.421+0000] {taskinstance.py:352} INFO - Marking task as SUCCESS. dag_id=fintech_pipeline, task_id=transform, run_id=manual__2024-12-20T00:18:26.896066+00:00, execution_date=20241220T001826, start_date=20241220T001843, end_date=20241220T001845
[2024-12-20T00:18:45.477+0000] {local_task_job_runner.py:266} INFO - Task exited with return code 0
[2024-12-20T00:18:45.507+0000] {taskinstance.py:3895} INFO - 1 downstream tasks scheduled from follow-on schedule check
[2024-12-20T00:18:45.510+0000] {local_task_job_runner.py:245} INFO - ::endgroup::
