[2024-12-19T23:49:04.203+0000] {local_task_job_runner.py:123} INFO - ::group::Pre task execution logs
[2024-12-19T23:49:04.223+0000] {taskinstance.py:2613} INFO - Dependencies all met for dep_context=non-requeueable deps ti=<TaskInstance: fintech_pipeline.load_to_db manual__2024-12-19T23:48:45.141222+00:00 [queued]>
[2024-12-19T23:49:04.234+0000] {taskinstance.py:2613} INFO - Dependencies all met for dep_context=requeueable deps ti=<TaskInstance: fintech_pipeline.load_to_db manual__2024-12-19T23:48:45.141222+00:00 [queued]>
[2024-12-19T23:49:04.337+0000] {taskinstance.py:2866} INFO - Starting attempt 1 of 2
[2024-12-19T23:49:04.354+0000] {taskinstance.py:2889} INFO - Executing <Task(PythonOperator): load_to_db> on 2024-12-19 23:48:45.141222+00:00
[2024-12-19T23:49:04.362+0000] {warnings.py:112} WARNING - /home/***/.local/lib/python3.12/site-packages/***/task/task_runner/standard_task_runner.py:70: DeprecationWarning: This process (pid=153) is multi-threaded, use of fork() may lead to deadlocks in the child.
  pid = os.fork()

[2024-12-19T23:49:04.364+0000] {standard_task_runner.py:72} INFO - Started process 166 to run task
[2024-12-19T23:49:04.364+0000] {standard_task_runner.py:104} INFO - Running: ['***', 'tasks', 'run', 'fintech_pipeline', 'load_to_db', 'manual__2024-12-19T23:48:45.141222+00:00', '--job-id', '61', '--raw', '--subdir', 'DAGS_FOLDER/fintech_dag.py', '--cfg-path', '/tmp/tmpuqdlenf_']
[2024-12-19T23:49:04.368+0000] {standard_task_runner.py:105} INFO - Job 61: Subtask load_to_db
[2024-12-19T23:49:04.425+0000] {task_command.py:467} INFO - Running <TaskInstance: fintech_pipeline.load_to_db manual__2024-12-19T23:48:45.141222+00:00 [running]> on host cd28e9dfd458
[2024-12-19T23:49:04.515+0000] {taskinstance.py:3132} INFO - Exporting env vars: AIRFLOW_CTX_DAG_OWNER='omar_abdelaty' AIRFLOW_CTX_DAG_ID='fintech_pipeline' AIRFLOW_CTX_TASK_ID='load_to_db' AIRFLOW_CTX_EXECUTION_DATE='2024-12-19T23:48:45.141222+00:00' AIRFLOW_CTX_TRY_NUMBER='1' AIRFLOW_CTX_DAG_RUN_ID='manual__2024-12-19T23:48:45.141222+00:00'
[2024-12-19T23:49:04.516+0000] {taskinstance.py:731} INFO - ::endgroup::
[2024-12-19T23:49:04.536+0000] {logging_mixin.py:190} INFO - load
[2024-12-19T23:49:04.537+0000] {python.py:240} INFO - Done. Returned value was: None
[2024-12-19T23:49:04.554+0000] {taskinstance.py:340} INFO - ::group::Post task execution logs
[2024-12-19T23:49:04.555+0000] {taskinstance.py:352} INFO - Marking task as SUCCESS. dag_id=fintech_pipeline, task_id=load_to_db, run_id=manual__2024-12-19T23:48:45.141222+00:00, execution_date=20241219T234845, start_date=20241219T234904, end_date=20241219T234904
[2024-12-19T23:49:04.621+0000] {local_task_job_runner.py:266} INFO - Task exited with return code 0
[2024-12-19T23:49:04.647+0000] {taskinstance.py:3895} INFO - 1 downstream tasks scheduled from follow-on schedule check
[2024-12-19T23:49:04.650+0000] {local_task_job_runner.py:245} INFO - ::endgroup::
