[2024-12-21T17:16:37.099+0000] {local_task_job_runner.py:123} INFO - ::group::Pre task execution logs
[2024-12-21T17:16:37.166+0000] {taskinstance.py:2613} INFO - Dependencies all met for dep_context=non-requeueable deps ti=<TaskInstance: fintech_pipeline.transform manual__2024-12-21T17:15:29.873991+00:00 [queued]>
[2024-12-21T17:16:37.192+0000] {taskinstance.py:2613} INFO - Dependencies all met for dep_context=requeueable deps ti=<TaskInstance: fintech_pipeline.transform manual__2024-12-21T17:15:29.873991+00:00 [queued]>
[2024-12-21T17:16:37.196+0000] {taskinstance.py:2866} INFO - Starting attempt 1 of 2
[2024-12-21T17:16:37.553+0000] {taskinstance.py:2889} INFO - Executing <Task(PythonOperator): transform> on 2024-12-21 17:15:29.873991+00:00
[2024-12-21T17:16:37.582+0000] {warnings.py:112} WARNING - /home/***/.local/lib/python3.12/site-packages/***/task/task_runner/standard_task_runner.py:70: DeprecationWarning: This process (pid=141) is multi-threaded, use of fork() may lead to deadlocks in the child.
  pid = os.fork()

[2024-12-21T17:16:37.586+0000] {standard_task_runner.py:72} INFO - Started process 154 to run task
[2024-12-21T17:16:37.587+0000] {standard_task_runner.py:104} INFO - Running: ['***', 'tasks', 'run', 'fintech_pipeline', 'transform', 'manual__2024-12-21T17:15:29.873991+00:00', '--job-id', '165', '--raw', '--subdir', 'DAGS_FOLDER/fintech_dag.py', '--cfg-path', '/tmp/tmp466veksr']
[2024-12-21T17:16:37.593+0000] {standard_task_runner.py:105} INFO - Job 165: Subtask transform
[2024-12-21T17:16:38.312+0000] {task_command.py:467} INFO - Running <TaskInstance: fintech_pipeline.transform manual__2024-12-21T17:15:29.873991+00:00 [running]> on host 34bc7ff1f8b4
[2024-12-21T17:16:39.063+0000] {taskinstance.py:3132} INFO - Exporting env vars: AIRFLOW_CTX_DAG_OWNER='omar_abdelaty' AIRFLOW_CTX_DAG_ID='fintech_pipeline' AIRFLOW_CTX_TASK_ID='transform' AIRFLOW_CTX_EXECUTION_DATE='2024-12-21T17:15:29.873991+00:00' AIRFLOW_CTX_TRY_NUMBER='1' AIRFLOW_CTX_DAG_RUN_ID='manual__2024-12-21T17:15:29.873991+00:00'
[2024-12-21T17:16:39.068+0000] {taskinstance.py:731} INFO - ::endgroup::
[2024-12-21T17:16:39.127+0000] {logging_mixin.py:190} INFO - Transform Started
[2024-12-21T17:16:41.245+0000] {logging_mixin.py:190} INFO - Dataset loaded successfully!
[2024-12-21T17:16:41.246+0000] {logging_mixin.py:190} INFO - Handling Outliers
[2024-12-21T17:16:41.482+0000] {warnings.py:112} WARNING - /home/***/.local/lib/python3.12/site-packages/pandas/core/arraylike.py:396: RuntimeWarning: overflow encountered in exp
  result = getattr(ufunc, method)(*inputs, **kwargs)

[2024-12-21T17:16:42.914+0000] {logging_mixin.py:190} INFO - Encoding
[2024-12-21T17:16:43.057+0000] {logging_mixin.py:190} INFO - Mapping saved to letter_grade_labels.csv
[2024-12-21T17:16:43.066+0000] {logging_mixin.py:190} INFO - Mapping saved to state_labels.csv
[2024-12-21T17:16:43.075+0000] {logging_mixin.py:190} INFO - Mapping saved to addr_state_labels.csv
[2024-12-21T17:16:43.076+0000] {logging_mixin.py:190} INFO - Normalization
[2024-12-21T17:16:43.079+0000] {logging_mixin.py:190} INFO - Transform Complete
[2024-12-21T17:16:45.537+0000] {logging_mixin.py:190} INFO - Transformed data saved to csv
[2024-12-21T17:16:45.540+0000] {python.py:240} INFO - Done. Returned value was: None
[2024-12-21T17:16:45.556+0000] {taskinstance.py:340} INFO - ::group::Post task execution logs
[2024-12-21T17:16:45.557+0000] {taskinstance.py:352} INFO - Marking task as SUCCESS. dag_id=fintech_pipeline, task_id=transform, run_id=manual__2024-12-21T17:15:29.873991+00:00, execution_date=20241221T171529, start_date=20241221T171637, end_date=20241221T171645
[2024-12-21T17:16:45.614+0000] {local_task_job_runner.py:266} INFO - Task exited with return code 0
[2024-12-21T17:16:45.646+0000] {taskinstance.py:3895} INFO - 1 downstream tasks scheduled from follow-on schedule check
[2024-12-21T17:16:45.651+0000] {local_task_job_runner.py:245} INFO - ::endgroup::
