[2024-12-20T00:36:35.979+0000] {local_task_job_runner.py:123} INFO - ::group::Pre task execution logs
[2024-12-20T00:36:35.995+0000] {taskinstance.py:2613} INFO - Dependencies all met for dep_context=non-requeueable deps ti=<TaskInstance: fintech_pipeline.load_to_db manual__2024-12-20T00:36:16.491988+00:00 [queued]>
[2024-12-20T00:36:36.003+0000] {taskinstance.py:2613} INFO - Dependencies all met for dep_context=requeueable deps ti=<TaskInstance: fintech_pipeline.load_to_db manual__2024-12-20T00:36:16.491988+00:00 [queued]>
[2024-12-20T00:36:36.005+0000] {taskinstance.py:2866} INFO - Starting attempt 1 of 2
[2024-12-20T00:36:36.020+0000] {taskinstance.py:2889} INFO - Executing <Task(PythonOperator): load_to_db> on 2024-12-20 00:36:16.491988+00:00
[2024-12-20T00:36:36.026+0000] {warnings.py:112} WARNING - /home/***/.local/lib/python3.12/site-packages/***/task/task_runner/standard_task_runner.py:70: DeprecationWarning: This process (pid=191) is multi-threaded, use of fork() may lead to deadlocks in the child.
  pid = os.fork()

[2024-12-20T00:36:36.029+0000] {standard_task_runner.py:72} INFO - Started process 204 to run task
[2024-12-20T00:36:36.028+0000] {standard_task_runner.py:104} INFO - Running: ['***', 'tasks', 'run', 'fintech_pipeline', 'load_to_db', 'manual__2024-12-20T00:36:16.491988+00:00', '--job-id', '123', '--raw', '--subdir', 'DAGS_FOLDER/fintech_dag.py', '--cfg-path', '/tmp/tmpe7b8spl6']
[2024-12-20T00:36:36.031+0000] {standard_task_runner.py:105} INFO - Job 123: Subtask load_to_db
[2024-12-20T00:36:36.078+0000] {task_command.py:467} INFO - Running <TaskInstance: fintech_pipeline.load_to_db manual__2024-12-20T00:36:16.491988+00:00 [running]> on host 7c65acab0dd9
[2024-12-20T00:36:36.164+0000] {taskinstance.py:3132} INFO - Exporting env vars: AIRFLOW_CTX_DAG_OWNER='omar_abdelaty' AIRFLOW_CTX_DAG_ID='fintech_pipeline' AIRFLOW_CTX_TASK_ID='load_to_db' AIRFLOW_CTX_EXECUTION_DATE='2024-12-20T00:36:16.491988+00:00' AIRFLOW_CTX_TRY_NUMBER='1' AIRFLOW_CTX_DAG_RUN_ID='manual__2024-12-20T00:36:16.491988+00:00'
[2024-12-20T00:36:36.165+0000] {taskinstance.py:731} INFO - ::endgroup::
[2024-12-20T00:36:36.178+0000] {logging_mixin.py:190} INFO - load
[2024-12-20T00:36:36.179+0000] {python.py:240} INFO - Done. Returned value was: None
[2024-12-20T00:36:36.190+0000] {taskinstance.py:340} INFO - ::group::Post task execution logs
[2024-12-20T00:36:36.191+0000] {taskinstance.py:352} INFO - Marking task as SUCCESS. dag_id=fintech_pipeline, task_id=load_to_db, run_id=manual__2024-12-20T00:36:16.491988+00:00, execution_date=20241220T003616, start_date=20241220T003635, end_date=20241220T003636
[2024-12-20T00:36:36.246+0000] {local_task_job_runner.py:266} INFO - Task exited with return code 0
[2024-12-20T00:36:36.266+0000] {taskinstance.py:3895} INFO - 1 downstream tasks scheduled from follow-on schedule check
[2024-12-20T00:36:36.269+0000] {local_task_job_runner.py:245} INFO - ::endgroup::
