[2024-12-20T00:19:12.089+0000] {local_task_job_runner.py:123} INFO - ::group::Pre task execution logs
[2024-12-20T00:19:12.108+0000] {taskinstance.py:2613} INFO - Dependencies all met for dep_context=non-requeueable deps ti=<TaskInstance: fintech_pipeline.transform scheduled__2024-12-17T00:00:00+00:00 [queued]>
[2024-12-20T00:19:12.117+0000] {taskinstance.py:2613} INFO - Dependencies all met for dep_context=requeueable deps ti=<TaskInstance: fintech_pipeline.transform scheduled__2024-12-17T00:00:00+00:00 [queued]>
[2024-12-20T00:19:12.118+0000] {taskinstance.py:2866} INFO - Starting attempt 3 of 4
[2024-12-20T00:19:12.133+0000] {taskinstance.py:2889} INFO - Executing <Task(PythonOperator): transform> on 2024-12-17 00:00:00+00:00
[2024-12-20T00:19:12.141+0000] {warnings.py:112} WARNING - /home/***/.local/lib/python3.12/site-packages/***/task/task_runner/standard_task_runner.py:70: DeprecationWarning: This process (pid=228) is multi-threaded, use of fork() may lead to deadlocks in the child.
  pid = os.fork()

[2024-12-20T00:19:12.144+0000] {standard_task_runner.py:72} INFO - Started process 241 to run task
[2024-12-20T00:19:12.143+0000] {standard_task_runner.py:104} INFO - Running: ['***', 'tasks', 'run', 'fintech_pipeline', 'transform', 'scheduled__2024-12-17T00:00:00+00:00', '--job-id', '91', '--raw', '--subdir', 'DAGS_FOLDER/fintech_dag.py', '--cfg-path', '/tmp/tmp4vspsyd4']
[2024-12-20T00:19:12.146+0000] {standard_task_runner.py:105} INFO - Job 91: Subtask transform
[2024-12-20T00:19:12.199+0000] {task_command.py:467} INFO - Running <TaskInstance: fintech_pipeline.transform scheduled__2024-12-17T00:00:00+00:00 [running]> on host c0e4640604d2
[2024-12-20T00:19:12.285+0000] {taskinstance.py:3132} INFO - Exporting env vars: AIRFLOW_CTX_DAG_OWNER='omar_abdelaty' AIRFLOW_CTX_DAG_ID='fintech_pipeline' AIRFLOW_CTX_TASK_ID='transform' AIRFLOW_CTX_EXECUTION_DATE='2024-12-17T00:00:00+00:00' AIRFLOW_CTX_TRY_NUMBER='3' AIRFLOW_CTX_DAG_RUN_ID='scheduled__2024-12-17T00:00:00+00:00'
[2024-12-20T00:19:12.287+0000] {taskinstance.py:731} INFO - ::endgroup::
[2024-12-20T00:19:12.300+0000] {logging_mixin.py:190} INFO - Transform Started
[2024-12-20T00:19:12.625+0000] {logging_mixin.py:190} INFO - Dataset loaded successfully!
[2024-12-20T00:19:12.626+0000] {logging_mixin.py:190} INFO - Handling Outliers
[2024-12-20T00:19:12.641+0000] {warnings.py:112} WARNING - /home/***/.local/lib/python3.12/site-packages/pandas/core/arraylike.py:396: RuntimeWarning: overflow encountered in exp
  result = getattr(ufunc, method)(*inputs, **kwargs)

[2024-12-20T00:19:13.184+0000] {logging_mixin.py:190} INFO - Encoding
[2024-12-20T00:19:13.254+0000] {logging_mixin.py:190} INFO - Mapping saved to letter_grade_labels.csv
[2024-12-20T00:19:13.260+0000] {logging_mixin.py:190} INFO - Mapping saved to state_labels.csv
[2024-12-20T00:19:13.266+0000] {logging_mixin.py:190} INFO - Mapping saved to addr_state_labels.csv
[2024-12-20T00:19:13.267+0000] {logging_mixin.py:190} INFO - Normalization
[2024-12-20T00:19:13.270+0000] {logging_mixin.py:190} INFO - Transform Complete
[2024-12-20T00:19:14.270+0000] {logging_mixin.py:190} INFO - Transformed data saved to csv
[2024-12-20T00:19:14.272+0000] {python.py:240} INFO - Done. Returned value was: None
[2024-12-20T00:19:14.282+0000] {taskinstance.py:340} INFO - ::group::Post task execution logs
[2024-12-20T00:19:14.283+0000] {taskinstance.py:352} INFO - Marking task as SUCCESS. dag_id=fintech_pipeline, task_id=transform, run_id=scheduled__2024-12-17T00:00:00+00:00, execution_date=20241217T000000, start_date=20241220T001912, end_date=20241220T001914
[2024-12-20T00:19:14.329+0000] {local_task_job_runner.py:266} INFO - Task exited with return code 0
[2024-12-20T00:19:14.355+0000] {taskinstance.py:3895} INFO - 1 downstream tasks scheduled from follow-on schedule check
[2024-12-20T00:19:14.359+0000] {local_task_job_runner.py:245} INFO - ::endgroup::
