[2024-12-21T17:35:48.881+0000] {local_task_job_runner.py:123} INFO - ::group::Pre task execution logs
[2024-12-21T17:35:48.907+0000] {taskinstance.py:2613} INFO - Dependencies all met for dep_context=non-requeueable deps ti=<TaskInstance: fintech_pipeline.create_dashboard manual__2024-12-21T17:29:40.529539+00:00 [queued]>
[2024-12-21T17:35:48.917+0000] {taskinstance.py:2613} INFO - Dependencies all met for dep_context=requeueable deps ti=<TaskInstance: fintech_pipeline.create_dashboard manual__2024-12-21T17:29:40.529539+00:00 [queued]>
[2024-12-21T17:35:48.919+0000] {taskinstance.py:2866} INFO - Starting attempt 1 of 2
[2024-12-21T17:35:48.936+0000] {taskinstance.py:2889} INFO - Executing <Task(PythonOperator): create_dashboard> on 2024-12-21 17:29:40.529539+00:00
[2024-12-21T17:35:48.944+0000] {warnings.py:112} WARNING - /home/***/.local/lib/python3.12/site-packages/***/task/task_runner/standard_task_runner.py:70: DeprecationWarning: This process (pid=130) is multi-threaded, use of fork() may lead to deadlocks in the child.
  pid = os.fork()

[2024-12-21T17:35:48.946+0000] {standard_task_runner.py:72} INFO - Started process 144 to run task
[2024-12-21T17:35:48.946+0000] {standard_task_runner.py:104} INFO - Running: ['***', 'tasks', 'run', 'fintech_pipeline', 'create_dashboard', 'manual__2024-12-21T17:29:40.529539+00:00', '--job-id', '181', '--raw', '--subdir', 'DAGS_FOLDER/fintech_dag.py', '--cfg-path', '/tmp/tmpbck9ooqk']
[2024-12-21T17:35:48.949+0000] {standard_task_runner.py:105} INFO - Job 181: Subtask create_dashboard
[2024-12-21T17:35:49.009+0000] {task_command.py:467} INFO - Running <TaskInstance: fintech_pipeline.create_dashboard manual__2024-12-21T17:29:40.529539+00:00 [running]> on host 545fd51e0806
[2024-12-21T17:35:49.108+0000] {taskinstance.py:3132} INFO - Exporting env vars: AIRFLOW_CTX_DAG_OWNER='omar_abdelaty' AIRFLOW_CTX_DAG_ID='fintech_pipeline' AIRFLOW_CTX_TASK_ID='create_dashboard' AIRFLOW_CTX_EXECUTION_DATE='2024-12-21T17:29:40.529539+00:00' AIRFLOW_CTX_TRY_NUMBER='1' AIRFLOW_CTX_DAG_RUN_ID='manual__2024-12-21T17:29:40.529539+00:00'
[2024-12-21T17:35:49.110+0000] {taskinstance.py:731} INFO - ::endgroup::
[2024-12-21T17:35:49.727+0000] {logging_mixin.py:190} INFO - Dash is running on http://0.0.0.0:8050/
[2024-12-21T17:35:49.727+0000] {dash.py:2160} INFO - Dash is running on http://0.0.0.0:8050/

[2024-12-21T17:35:49.748+0000] {logging_mixin.py:190} INFO -  * Serving Flask app 'fintech_dashboard'
[2024-12-21T17:35:49.749+0000] {logging_mixin.py:190} INFO -  * Debug mode: off
[2024-12-21T17:35:49.750+0000] {_internal.py:224} INFO - [31m[1mWARNING: This is a development server. Do not use it in a production deployment. Use a production WSGI server instead.[0m
 * Running on all addresses (0.0.0.0)
 * Running on http://127.0.0.1:8050
 * Running on http://172.19.0.7:8050
[2024-12-21T17:35:49.751+0000] {_internal.py:224} INFO - [33mPress CTRL+C to quit[0m
[2024-12-21T17:38:46.092+0000] {local_task_job_runner.py:346} WARNING - State of this instance has been externally set to None. Terminating instance.
[2024-12-21T17:38:46.094+0000] {local_task_job_runner.py:245} INFO - ::endgroup::
[2024-12-21T17:38:46.097+0000] {process_utils.py:132} INFO - Sending 15 to group 144. PIDs of all processes in the group: [144]
[2024-12-21T17:38:46.098+0000] {process_utils.py:87} INFO - Sending the signal 15 to group 144
[2024-12-21T17:38:46.099+0000] {taskinstance.py:3093} ERROR - Received SIGTERM. Terminating subprocesses.
[2024-12-21T17:38:46.116+0000] {taskinstance.py:3311} ERROR - Task failed with exception
Traceback (most recent call last):
  File "/home/airflow/.local/lib/python3.12/site-packages/airflow/models/taskinstance.py", line 767, in _execute_task
    result = _execute_callable(context=context, **execute_callable_kwargs)
             ^^^^^^^^^^^^^^^^^^^^^^^^^^^^^^^^^^^^^^^^^^^^^^^^^^^^^^^^^^^^^
  File "/home/airflow/.local/lib/python3.12/site-packages/airflow/models/taskinstance.py", line 733, in _execute_callable
    return ExecutionCallableRunner(
           ^^^^^^^^^^^^^^^^^^^^^^^^
  File "/home/airflow/.local/lib/python3.12/site-packages/airflow/utils/operator_helpers.py", line 252, in run
    return self.func(*args, **kwargs)
           ^^^^^^^^^^^^^^^^^^^^^^^^^^
  File "/home/airflow/.local/lib/python3.12/site-packages/airflow/models/baseoperator.py", line 417, in wrapper
    return func(self, *args, **kwargs)
           ^^^^^^^^^^^^^^^^^^^^^^^^^^^
  File "/home/airflow/.local/lib/python3.12/site-packages/airflow/operators/python.py", line 238, in execute
    return_value = self.execute_callable()
                   ^^^^^^^^^^^^^^^^^^^^^^^
  File "/home/airflow/.local/lib/python3.12/site-packages/airflow/operators/python.py", line 256, in execute_callable
    return runner.run(*self.op_args, **self.op_kwargs)
           ^^^^^^^^^^^^^^^^^^^^^^^^^^^^^^^^^^^^^^^^^^^
  File "/home/airflow/.local/lib/python3.12/site-packages/airflow/utils/operator_helpers.py", line 252, in run
    return self.func(*args, **kwargs)
           ^^^^^^^^^^^^^^^^^^^^^^^^^^
  File "/opt/airflow/dags/fintech_dashboard.py", line 139, in create_dashboard
    app.run(
  File "/home/airflow/.local/lib/python3.12/site-packages/dash/dash.py", line 2183, in run
    self.server.run(host=host, port=port, debug=debug, **flask_run_options)
  File "/home/airflow/.local/lib/python3.12/site-packages/flask/app.py", line 1191, in run
    run_simple(t.cast(str, host), port, self, **options)
  File "/home/airflow/.local/lib/python3.12/site-packages/werkzeug/serving.py", line 1069, in run_simple
    srv.serve_forever()
  File "/home/airflow/.local/lib/python3.12/site-packages/werkzeug/serving.py", line 766, in serve_forever
    super().serve_forever(poll_interval=poll_interval)
  File "/usr/local/lib/python3.12/socketserver.py", line 235, in serve_forever
    ready = selector.select(poll_interval)
            ^^^^^^^^^^^^^^^^^^^^^^^^^^^^^^
  File "/usr/local/lib/python3.12/selectors.py", line 415, in select
    fd_event_list = self._selector.poll(timeout)
                    ^^^^^^^^^^^^^^^^^^^^^^^^^^^^
  File "/home/airflow/.local/lib/python3.12/site-packages/airflow/models/taskinstance.py", line 3095, in signal_handler
    raise AirflowTaskTerminated("Task received SIGTERM signal")
airflow.exceptions.AirflowTaskTerminated: Task received SIGTERM signal
[2024-12-21T17:38:46.133+0000] {taskinstance.py:1225} INFO - Marking task as UP_FOR_RETRY. dag_id=fintech_pipeline, task_id=create_dashboard, run_id=manual__2024-12-21T17:29:40.529539+00:00, execution_date=20241221T172940, start_date=20241221T173548, end_date=20241221T173846
[2024-12-21T17:38:46.160+0000] {taskinstance.py:340} INFO - ::group::Post task execution logs
[2024-12-21T17:38:46.191+0000] {process_utils.py:80} INFO - Process psutil.Process(pid=144, status='terminated', exitcode=2, started='17:35:48') (144) terminated with exit code 2
