[2024-12-20T00:35:34.826+0000] {local_task_job_runner.py:123} INFO - ::group::Pre task execution logs
[2024-12-20T00:35:34.843+0000] {taskinstance.py:2613} INFO - Dependencies all met for dep_context=non-requeueable deps ti=<TaskInstance: fintech_pipeline.extract_clean manual__2024-12-20T00:29:09.207842+00:00 [queued]>
[2024-12-20T00:35:34.850+0000] {taskinstance.py:2613} INFO - Dependencies all met for dep_context=requeueable deps ti=<TaskInstance: fintech_pipeline.extract_clean manual__2024-12-20T00:29:09.207842+00:00 [queued]>
[2024-12-20T00:35:34.852+0000] {taskinstance.py:2866} INFO - Starting attempt 2 of 3
[2024-12-20T00:35:34.867+0000] {taskinstance.py:2889} INFO - Executing <Task(PythonOperator): extract_clean> on 2024-12-20 00:29:09.207842+00:00
[2024-12-20T00:35:34.875+0000] {warnings.py:112} WARNING - /home/***/.local/lib/python3.12/site-packages/***/task/task_runner/standard_task_runner.py:70: DeprecationWarning: This process (pid=102) is multi-threaded, use of fork() may lead to deadlocks in the child.
  pid = os.fork()

[2024-12-20T00:35:34.877+0000] {standard_task_runner.py:72} INFO - Started process 115 to run task
[2024-12-20T00:35:34.876+0000] {standard_task_runner.py:104} INFO - Running: ['***', 'tasks', 'run', 'fintech_pipeline', 'extract_clean', 'manual__2024-12-20T00:29:09.207842+00:00', '--job-id', '118', '--raw', '--subdir', 'DAGS_FOLDER/fintech_dag.py', '--cfg-path', '/tmp/tmpptakk4l1']
[2024-12-20T00:35:34.879+0000] {standard_task_runner.py:105} INFO - Job 118: Subtask extract_clean
[2024-12-20T00:35:34.928+0000] {task_command.py:467} INFO - Running <TaskInstance: fintech_pipeline.extract_clean manual__2024-12-20T00:29:09.207842+00:00 [running]> on host 7c65acab0dd9
[2024-12-20T00:35:35.018+0000] {taskinstance.py:3132} INFO - Exporting env vars: AIRFLOW_CTX_DAG_OWNER='omar_abdelaty' AIRFLOW_CTX_DAG_ID='fintech_pipeline' AIRFLOW_CTX_TASK_ID='extract_clean' AIRFLOW_CTX_EXECUTION_DATE='2024-12-20T00:29:09.207842+00:00' AIRFLOW_CTX_TRY_NUMBER='2' AIRFLOW_CTX_DAG_RUN_ID='manual__2024-12-20T00:29:09.207842+00:00'
[2024-12-20T00:35:35.019+0000] {taskinstance.py:731} INFO - ::endgroup::
[2024-12-20T00:35:35.034+0000] {logging_mixin.py:190} INFO - Started Cleaning
[2024-12-20T00:35:35.422+0000] {logging_mixin.py:190} INFO - Dataset loaded successfully!
[2024-12-20T00:35:35.423+0000] {logging_mixin.py:190} INFO - Started Cleaning
[2024-12-20T00:35:35.428+0000] {logging_mixin.py:190} INFO - Fixing Inconsistent Data
[2024-12-20T00:35:35.490+0000] {logging_mixin.py:190} INFO - Handling Missing Values
[2024-12-20T00:35:39.447+0000] {logging_mixin.py:190} INFO - Create Lookup Table
[2024-12-20T00:35:44.792+0000] {logging_mixin.py:190} INFO - Data Cleaned
[2024-12-20T00:35:45.778+0000] {logging_mixin.py:190} INFO - Cleaned data saved
[2024-12-20T00:35:45.783+0000] {python.py:240} INFO - Done. Returned value was: None
[2024-12-20T00:35:45.796+0000] {taskinstance.py:340} INFO - ::group::Post task execution logs
[2024-12-20T00:35:45.797+0000] {taskinstance.py:352} INFO - Marking task as SUCCESS. dag_id=fintech_pipeline, task_id=extract_clean, run_id=manual__2024-12-20T00:29:09.207842+00:00, execution_date=20241220T002909, start_date=20241220T003534, end_date=20241220T003545
[2024-12-20T00:35:45.871+0000] {local_task_job_runner.py:266} INFO - Task exited with return code 0
[2024-12-20T00:35:45.899+0000] {taskinstance.py:3895} INFO - 1 downstream tasks scheduled from follow-on schedule check
[2024-12-20T00:35:45.902+0000] {local_task_job_runner.py:245} INFO - ::endgroup::
