[2024-12-21T17:35:51.978+0000] {local_task_job_runner.py:123} INFO - ::group::Pre task execution logs
[2024-12-21T17:35:52.026+0000] {taskinstance.py:2613} INFO - Dependencies all met for dep_context=non-requeueable deps ti=<TaskInstance: fintech_pipeline.load_to_db manual__2024-12-21T17:35:13.535443+00:00 [queued]>
[2024-12-21T17:35:52.050+0000] {taskinstance.py:2613} INFO - Dependencies all met for dep_context=requeueable deps ti=<TaskInstance: fintech_pipeline.load_to_db manual__2024-12-21T17:35:13.535443+00:00 [queued]>
[2024-12-21T17:35:52.052+0000] {taskinstance.py:2866} INFO - Starting attempt 1 of 2
[2024-12-21T17:35:52.093+0000] {taskinstance.py:2889} INFO - Executing <Task(PythonOperator): load_to_db> on 2024-12-21 17:35:13.535443+00:00
[2024-12-21T17:35:52.107+0000] {warnings.py:112} WARNING - /home/***/.local/lib/python3.12/site-packages/***/task/task_runner/standard_task_runner.py:70: DeprecationWarning: This process (pid=143) is multi-threaded, use of fork() may lead to deadlocks in the child.
  pid = os.fork()

[2024-12-21T17:35:52.113+0000] {standard_task_runner.py:72} INFO - Started process 158 to run task
[2024-12-21T17:35:52.111+0000] {standard_task_runner.py:104} INFO - Running: ['***', 'tasks', 'run', 'fintech_pipeline', 'load_to_db', 'manual__2024-12-21T17:35:13.535443+00:00', '--job-id', '182', '--raw', '--subdir', 'DAGS_FOLDER/fintech_dag.py', '--cfg-path', '/tmp/tmpszrohomn']
[2024-12-21T17:35:52.118+0000] {standard_task_runner.py:105} INFO - Job 182: Subtask load_to_db
[2024-12-21T17:35:52.295+0000] {task_command.py:467} INFO - Running <TaskInstance: fintech_pipeline.load_to_db manual__2024-12-21T17:35:13.535443+00:00 [running]> on host 545fd51e0806
[2024-12-21T17:35:52.604+0000] {taskinstance.py:3132} INFO - Exporting env vars: AIRFLOW_CTX_DAG_OWNER='omar_abdelaty' AIRFLOW_CTX_DAG_ID='fintech_pipeline' AIRFLOW_CTX_TASK_ID='load_to_db' AIRFLOW_CTX_EXECUTION_DATE='2024-12-21T17:35:13.535443+00:00' AIRFLOW_CTX_TRY_NUMBER='1' AIRFLOW_CTX_DAG_RUN_ID='manual__2024-12-21T17:35:13.535443+00:00'
[2024-12-21T17:35:52.608+0000] {taskinstance.py:731} INFO - ::endgroup::
[2024-12-21T17:35:52.666+0000] {logging_mixin.py:190} INFO - Loading to DB
[2024-12-21T17:35:53.617+0000] {logging_mixin.py:190} INFO - Dataset loaded successfully!
[2024-12-21T17:35:54.057+0000] {logging_mixin.py:190} INFO - Connected to Database
[2024-12-21T17:35:54.058+0000] {logging_mixin.py:190} INFO - Writing cleaned dataset to database
[2024-12-21T17:36:13.985+0000] {logging_mixin.py:190} INFO - Done writing to database
[2024-12-21T17:36:13.992+0000] {python.py:240} INFO - Done. Returned value was: None
[2024-12-21T17:36:14.016+0000] {taskinstance.py:340} INFO - ::group::Post task execution logs
[2024-12-21T17:36:14.020+0000] {taskinstance.py:352} INFO - Marking task as SUCCESS. dag_id=fintech_pipeline, task_id=load_to_db, run_id=manual__2024-12-21T17:35:13.535443+00:00, execution_date=20241221T173513, start_date=20241221T173552, end_date=20241221T173614
[2024-12-21T17:36:14.077+0000] {local_task_job_runner.py:266} INFO - Task exited with return code 0
[2024-12-21T17:36:14.120+0000] {taskinstance.py:3895} INFO - 1 downstream tasks scheduled from follow-on schedule check
[2024-12-21T17:36:14.123+0000] {local_task_job_runner.py:245} INFO - ::endgroup::
