[2024-12-21T18:35:11.831+0000] {local_task_job_runner.py:123} INFO - ::group::Pre task execution logs
[2024-12-21T18:35:11.848+0000] {taskinstance.py:2613} INFO - Dependencies all met for dep_context=non-requeueable deps ti=<TaskInstance: fintech_pipeline.extract_clean manual__2024-12-21T18:35:09.767116+00:00 [queued]>
[2024-12-21T18:35:11.857+0000] {taskinstance.py:2613} INFO - Dependencies all met for dep_context=requeueable deps ti=<TaskInstance: fintech_pipeline.extract_clean manual__2024-12-21T18:35:09.767116+00:00 [queued]>
[2024-12-21T18:35:11.858+0000] {taskinstance.py:2866} INFO - Starting attempt 1 of 2
[2024-12-21T18:35:11.874+0000] {taskinstance.py:2889} INFO - Executing <Task(PythonOperator): extract_clean> on 2024-12-21 18:35:09.767116+00:00
[2024-12-21T18:35:11.881+0000] {warnings.py:112} WARNING - /home/***/.local/lib/python3.12/site-packages/***/task/task_runner/standard_task_runner.py:70: DeprecationWarning: This process (pid=167) is multi-threaded, use of fork() may lead to deadlocks in the child.
  pid = os.fork()

[2024-12-21T18:35:11.883+0000] {standard_task_runner.py:72} INFO - Started process 180 to run task
[2024-12-21T18:35:11.882+0000] {standard_task_runner.py:104} INFO - Running: ['***', 'tasks', 'run', 'fintech_pipeline', 'extract_clean', 'manual__2024-12-21T18:35:09.767116+00:00', '--job-id', '203', '--raw', '--subdir', 'DAGS_FOLDER/fintech_dag.py', '--cfg-path', '/tmp/tmp252jrmr9']
[2024-12-21T18:35:11.885+0000] {standard_task_runner.py:105} INFO - Job 203: Subtask extract_clean
[2024-12-21T18:35:11.932+0000] {task_command.py:467} INFO - Running <TaskInstance: fintech_pipeline.extract_clean manual__2024-12-21T18:35:09.767116+00:00 [running]> on host 8fb55a7fa0da
[2024-12-21T18:35:12.011+0000] {taskinstance.py:3132} INFO - Exporting env vars: AIRFLOW_CTX_DAG_OWNER='omar_abdelaty' AIRFLOW_CTX_DAG_ID='fintech_pipeline' AIRFLOW_CTX_TASK_ID='extract_clean' AIRFLOW_CTX_EXECUTION_DATE='2024-12-21T18:35:09.767116+00:00' AIRFLOW_CTX_TRY_NUMBER='1' AIRFLOW_CTX_DAG_RUN_ID='manual__2024-12-21T18:35:09.767116+00:00'
[2024-12-21T18:35:12.012+0000] {taskinstance.py:731} INFO - ::endgroup::
[2024-12-21T18:35:12.024+0000] {logging_mixin.py:190} INFO - Started Cleaning
[2024-12-21T18:35:12.296+0000] {logging_mixin.py:190} INFO - Dataset loaded successfully!
[2024-12-21T18:35:12.297+0000] {logging_mixin.py:190} INFO - Started Cleaning
[2024-12-21T18:35:12.300+0000] {logging_mixin.py:190} INFO - Fixing Inconsistent Data
[2024-12-21T18:35:12.341+0000] {logging_mixin.py:190} INFO - Handling Missing Values
[2024-12-21T18:35:15.359+0000] {logging_mixin.py:190} INFO - Create Lookup Table
[2024-12-21T18:35:21.163+0000] {logging_mixin.py:190} INFO - Data Cleaned
[2024-12-21T18:35:22.008+0000] {logging_mixin.py:190} INFO - Cleaned data saved
[2024-12-21T18:35:22.014+0000] {python.py:240} INFO - Done. Returned value was: None
[2024-12-21T18:35:22.028+0000] {taskinstance.py:340} INFO - ::group::Post task execution logs
[2024-12-21T18:35:22.028+0000] {taskinstance.py:352} INFO - Marking task as SUCCESS. dag_id=fintech_pipeline, task_id=extract_clean, run_id=manual__2024-12-21T18:35:09.767116+00:00, execution_date=20241221T183509, start_date=20241221T183511, end_date=20241221T183522
[2024-12-21T18:35:22.057+0000] {local_task_job_runner.py:266} INFO - Task exited with return code 0
[2024-12-21T18:35:22.086+0000] {taskinstance.py:3895} INFO - 1 downstream tasks scheduled from follow-on schedule check
[2024-12-21T18:35:22.089+0000] {local_task_job_runner.py:245} INFO - ::endgroup::
