[2024-12-20T00:29:28.292+0000] {local_task_job_runner.py:123} INFO - ::group::Pre task execution logs
[2024-12-20T00:29:28.313+0000] {taskinstance.py:2613} INFO - Dependencies all met for dep_context=non-requeueable deps ti=<TaskInstance: fintech_pipeline.transform scheduled__2024-12-18T00:00:00+00:00 [queued]>
[2024-12-20T00:29:28.323+0000] {taskinstance.py:2613} INFO - Dependencies all met for dep_context=requeueable deps ti=<TaskInstance: fintech_pipeline.transform scheduled__2024-12-18T00:00:00+00:00 [queued]>
[2024-12-20T00:29:28.325+0000] {taskinstance.py:2866} INFO - Starting attempt 1 of 2
[2024-12-20T00:29:28.342+0000] {taskinstance.py:2889} INFO - Executing <Task(PythonOperator): transform> on 2024-12-18 00:00:00+00:00
[2024-12-20T00:29:28.351+0000] {warnings.py:112} WARNING - /home/***/.local/lib/python3.12/site-packages/***/task/task_runner/standard_task_runner.py:70: DeprecationWarning: This process (pid=110) is multi-threaded, use of fork() may lead to deadlocks in the child.
  pid = os.fork()

[2024-12-20T00:29:28.354+0000] {standard_task_runner.py:72} INFO - Started process 137 to run task
[2024-12-20T00:29:28.354+0000] {standard_task_runner.py:104} INFO - Running: ['***', 'tasks', 'run', 'fintech_pipeline', 'transform', 'scheduled__2024-12-18T00:00:00+00:00', '--job-id', '110', '--raw', '--subdir', 'DAGS_FOLDER/fintech_dag.py', '--cfg-path', '/tmp/tmpondfz5be']
[2024-12-20T00:29:28.357+0000] {standard_task_runner.py:105} INFO - Job 110: Subtask transform
[2024-12-20T00:29:28.417+0000] {task_command.py:467} INFO - Running <TaskInstance: fintech_pipeline.transform scheduled__2024-12-18T00:00:00+00:00 [running]> on host 9ca251437520
[2024-12-20T00:29:28.518+0000] {taskinstance.py:3132} INFO - Exporting env vars: AIRFLOW_CTX_DAG_OWNER='omar_abdelaty' AIRFLOW_CTX_DAG_ID='fintech_pipeline' AIRFLOW_CTX_TASK_ID='transform' AIRFLOW_CTX_EXECUTION_DATE='2024-12-18T00:00:00+00:00' AIRFLOW_CTX_TRY_NUMBER='1' AIRFLOW_CTX_DAG_RUN_ID='scheduled__2024-12-18T00:00:00+00:00'
[2024-12-20T00:29:28.520+0000] {taskinstance.py:731} INFO - ::endgroup::
[2024-12-20T00:29:28.536+0000] {logging_mixin.py:190} INFO - Transform Started
[2024-12-20T00:29:28.892+0000] {logging_mixin.py:190} INFO - Dataset loaded successfully!
[2024-12-20T00:29:28.892+0000] {logging_mixin.py:190} INFO - Handling Outliers
[2024-12-20T00:29:28.910+0000] {warnings.py:112} WARNING - /home/***/.local/lib/python3.12/site-packages/pandas/core/arraylike.py:396: RuntimeWarning: overflow encountered in exp
  result = getattr(ufunc, method)(*inputs, **kwargs)

[2024-12-20T00:29:29.639+0000] {logging_mixin.py:190} INFO - Encoding
[2024-12-20T00:29:29.745+0000] {logging_mixin.py:190} INFO - Mapping saved to letter_grade_labels.csv
[2024-12-20T00:29:29.754+0000] {logging_mixin.py:190} INFO - Mapping saved to state_labels.csv
[2024-12-20T00:29:29.762+0000] {logging_mixin.py:190} INFO - Mapping saved to addr_state_labels.csv
[2024-12-20T00:29:29.763+0000] {logging_mixin.py:190} INFO - Normalization
[2024-12-20T00:29:29.766+0000] {logging_mixin.py:190} INFO - Transform Complete
[2024-12-20T00:29:30.879+0000] {logging_mixin.py:190} INFO - Transformed data saved to csv
[2024-12-20T00:29:30.880+0000] {python.py:240} INFO - Done. Returned value was: None
[2024-12-20T00:29:30.892+0000] {taskinstance.py:340} INFO - ::group::Post task execution logs
[2024-12-20T00:29:30.893+0000] {taskinstance.py:352} INFO - Marking task as SUCCESS. dag_id=fintech_pipeline, task_id=transform, run_id=scheduled__2024-12-18T00:00:00+00:00, execution_date=20241218T000000, start_date=20241220T002928, end_date=20241220T002930
[2024-12-20T00:29:30.941+0000] {local_task_job_runner.py:266} INFO - Task exited with return code 0
[2024-12-20T00:29:30.973+0000] {taskinstance.py:3895} INFO - 1 downstream tasks scheduled from follow-on schedule check
[2024-12-20T00:29:30.976+0000] {local_task_job_runner.py:245} INFO - ::endgroup::
[2024-12-20T18:15:18.565+0000] {local_task_job_runner.py:123} INFO - ::group::Pre task execution logs
[2024-12-20T18:15:18.622+0000] {taskinstance.py:2613} INFO - Dependencies all met for dep_context=non-requeueable deps ti=<TaskInstance: fintech_pipeline.transform scheduled__2024-12-18T00:00:00+00:00 [queued]>
[2024-12-20T18:15:18.638+0000] {taskinstance.py:2613} INFO - Dependencies all met for dep_context=requeueable deps ti=<TaskInstance: fintech_pipeline.transform scheduled__2024-12-18T00:00:00+00:00 [queued]>
[2024-12-20T18:15:18.638+0000] {taskinstance.py:2866} INFO - Starting attempt 1 of 2
[2024-12-20T18:15:18.661+0000] {taskinstance.py:2889} INFO - Executing <Task(PythonOperator): transform> on 2024-12-18 00:00:00+00:00
[2024-12-20T18:15:18.671+0000] {warnings.py:112} WARNING - /home/***/.local/lib/python3.12/site-packages/***/task/task_runner/standard_task_runner.py:70: DeprecationWarning: This process (pid=110) is multi-threaded, use of fork() may lead to deadlocks in the child.
  pid = os.fork()

[2024-12-20T18:15:18.674+0000] {standard_task_runner.py:72} INFO - Started process 135 to run task
[2024-12-20T18:15:18.674+0000] {standard_task_runner.py:104} INFO - Running: ['***', 'tasks', 'run', 'fintech_pipeline', 'transform', 'scheduled__2024-12-18T00:00:00+00:00', '--job-id', '151', '--raw', '--subdir', 'DAGS_FOLDER/fintech_dag.py', '--cfg-path', '/tmp/tmphq57vl79']
[2024-12-20T18:15:18.678+0000] {standard_task_runner.py:105} INFO - Job 151: Subtask transform
[2024-12-20T18:15:18.756+0000] {task_command.py:467} INFO - Running <TaskInstance: fintech_pipeline.transform scheduled__2024-12-18T00:00:00+00:00 [running]> on host 213f2fceef35
[2024-12-20T18:15:18.913+0000] {taskinstance.py:3132} INFO - Exporting env vars: AIRFLOW_CTX_DAG_OWNER='omar_abdelaty' AIRFLOW_CTX_DAG_ID='fintech_pipeline' AIRFLOW_CTX_TASK_ID='transform' AIRFLOW_CTX_EXECUTION_DATE='2024-12-18T00:00:00+00:00' AIRFLOW_CTX_TRY_NUMBER='1' AIRFLOW_CTX_DAG_RUN_ID='scheduled__2024-12-18T00:00:00+00:00'
[2024-12-20T18:15:18.915+0000] {taskinstance.py:731} INFO - ::endgroup::
[2024-12-20T18:15:18.936+0000] {logging_mixin.py:190} INFO - Transform Started
[2024-12-20T18:15:19.366+0000] {logging_mixin.py:190} INFO - Dataset loaded successfully!
[2024-12-20T18:15:19.367+0000] {logging_mixin.py:190} INFO - Handling Outliers
[2024-12-20T18:15:19.396+0000] {warnings.py:112} WARNING - /home/***/.local/lib/python3.12/site-packages/pandas/core/arraylike.py:396: RuntimeWarning: overflow encountered in exp
  result = getattr(ufunc, method)(*inputs, **kwargs)

[2024-12-20T18:15:20.404+0000] {logging_mixin.py:190} INFO - Encoding
[2024-12-20T18:15:20.523+0000] {logging_mixin.py:190} INFO - Mapping saved to letter_grade_labels.csv
[2024-12-20T18:15:20.531+0000] {logging_mixin.py:190} INFO - Mapping saved to state_labels.csv
[2024-12-20T18:15:20.539+0000] {logging_mixin.py:190} INFO - Mapping saved to addr_state_labels.csv
[2024-12-20T18:15:20.540+0000] {logging_mixin.py:190} INFO - Normalization
[2024-12-20T18:15:20.544+0000] {logging_mixin.py:190} INFO - Transform Complete
[2024-12-20T18:15:21.878+0000] {logging_mixin.py:190} INFO - Transformed data saved to csv
[2024-12-20T18:15:21.880+0000] {python.py:240} INFO - Done. Returned value was: None
[2024-12-20T18:15:21.895+0000] {taskinstance.py:340} INFO - ::group::Post task execution logs
[2024-12-20T18:15:21.896+0000] {taskinstance.py:352} INFO - Marking task as SUCCESS. dag_id=fintech_pipeline, task_id=transform, run_id=scheduled__2024-12-18T00:00:00+00:00, execution_date=20241218T000000, start_date=20241220T181518, end_date=20241220T181521
[2024-12-20T18:15:21.943+0000] {local_task_job_runner.py:266} INFO - Task exited with return code 0
[2024-12-20T18:15:21.975+0000] {taskinstance.py:3895} INFO - 1 downstream tasks scheduled from follow-on schedule check
[2024-12-20T18:15:21.979+0000] {local_task_job_runner.py:245} INFO - ::endgroup::
