[2024-12-21T18:55:51.497+0000] {local_task_job_runner.py:123} INFO - ::group::Pre task execution logs
[2024-12-21T18:55:51.513+0000] {taskinstance.py:2613} INFO - Dependencies all met for dep_context=non-requeueable deps ti=<TaskInstance: fintech_pipeline.extract_clean manual__2024-12-21T18:55:48.350903+00:00 [queued]>
[2024-12-21T18:55:51.521+0000] {taskinstance.py:2613} INFO - Dependencies all met for dep_context=requeueable deps ti=<TaskInstance: fintech_pipeline.extract_clean manual__2024-12-21T18:55:48.350903+00:00 [queued]>
[2024-12-21T18:55:51.522+0000] {taskinstance.py:2866} INFO - Starting attempt 1 of 2
[2024-12-21T18:55:51.537+0000] {taskinstance.py:2889} INFO - Executing <Task(PythonOperator): extract_clean> on 2024-12-21 18:55:48.350903+00:00
[2024-12-21T18:55:51.543+0000] {warnings.py:112} WARNING - /home/***/.local/lib/python3.12/site-packages/***/task/task_runner/standard_task_runner.py:70: DeprecationWarning: This process (pid=86) is multi-threaded, use of fork() may lead to deadlocks in the child.
  pid = os.fork()

[2024-12-21T18:55:51.546+0000] {standard_task_runner.py:72} INFO - Started process 99 to run task
[2024-12-21T18:55:51.545+0000] {standard_task_runner.py:104} INFO - Running: ['***', 'tasks', 'run', 'fintech_pipeline', 'extract_clean', 'manual__2024-12-21T18:55:48.350903+00:00', '--job-id', '209', '--raw', '--subdir', 'DAGS_FOLDER/fintech_dag.py', '--cfg-path', '/tmp/tmpvwkl7tc2']
[2024-12-21T18:55:51.548+0000] {standard_task_runner.py:105} INFO - Job 209: Subtask extract_clean
[2024-12-21T18:55:51.596+0000] {task_command.py:467} INFO - Running <TaskInstance: fintech_pipeline.extract_clean manual__2024-12-21T18:55:48.350903+00:00 [running]> on host 64e93409f4c0
[2024-12-21T18:55:51.682+0000] {taskinstance.py:3132} INFO - Exporting env vars: AIRFLOW_CTX_DAG_OWNER='omar_abdelaty' AIRFLOW_CTX_DAG_ID='fintech_pipeline' AIRFLOW_CTX_TASK_ID='extract_clean' AIRFLOW_CTX_EXECUTION_DATE='2024-12-21T18:55:48.350903+00:00' AIRFLOW_CTX_TRY_NUMBER='1' AIRFLOW_CTX_DAG_RUN_ID='manual__2024-12-21T18:55:48.350903+00:00'
[2024-12-21T18:55:51.683+0000] {taskinstance.py:731} INFO - ::endgroup::
[2024-12-21T18:55:51.711+0000] {logging_mixin.py:190} INFO - Started Cleaning
[2024-12-21T18:55:52.116+0000] {logging_mixin.py:190} INFO - Dataset loaded successfully!
[2024-12-21T18:55:52.117+0000] {logging_mixin.py:190} INFO - Started Cleaning
[2024-12-21T18:55:52.120+0000] {logging_mixin.py:190} INFO - Fixing Inconsistent Data
[2024-12-21T18:55:52.158+0000] {logging_mixin.py:190} INFO - Handling Missing Values
[2024-12-21T18:55:54.764+0000] {logging_mixin.py:190} INFO - Create Lookup Table
[2024-12-21T18:55:59.915+0000] {logging_mixin.py:190} INFO - Data Cleaned
[2024-12-21T18:56:00.703+0000] {logging_mixin.py:190} INFO - Cleaned data saved
[2024-12-21T18:56:00.707+0000] {python.py:240} INFO - Done. Returned value was: None
[2024-12-21T18:56:00.716+0000] {taskinstance.py:340} INFO - ::group::Post task execution logs
[2024-12-21T18:56:00.717+0000] {taskinstance.py:352} INFO - Marking task as SUCCESS. dag_id=fintech_pipeline, task_id=extract_clean, run_id=manual__2024-12-21T18:55:48.350903+00:00, execution_date=20241221T185548, start_date=20241221T185551, end_date=20241221T185600
[2024-12-21T18:56:00.754+0000] {local_task_job_runner.py:266} INFO - Task exited with return code 0
[2024-12-21T18:56:00.779+0000] {taskinstance.py:3895} INFO - 1 downstream tasks scheduled from follow-on schedule check
[2024-12-21T18:56:00.784+0000] {local_task_job_runner.py:245} INFO - ::endgroup::
