[2024-12-17T21:25:18.729+0000] {processor.py:186} INFO - Started process (PID=80) to work on /opt/airflow/dags/fintech_dag.py
[2024-12-17T21:25:18.731+0000] {processor.py:914} INFO - Processing file /opt/airflow/dags/fintech_dag.py for tasks to queue
[2024-12-17T21:25:18.736+0000] {logging_mixin.py:190} INFO - [2024-12-17T21:25:18.735+0000] {dagbag.py:588} INFO - Filling up the DagBag from /opt/airflow/dags/fintech_dag.py
[2024-12-17T21:25:27.147+0000] {logging_mixin.py:190} INFO - [2024-12-17T21:25:27.117+0000] {dagbag.py:387} ERROR - Failed to import: /opt/airflow/dags/fintech_dag.py
Traceback (most recent call last):
  File "/home/airflow/.local/lib/python3.12/site-packages/airflow/models/dagbag.py", line 383, in parse
    loader.exec_module(new_module)
  File "<frozen importlib._bootstrap_external>", line 995, in exec_module
  File "<frozen importlib._bootstrap>", line 488, in _call_with_frames_removed
  File "/opt/airflow/dags/fintech_dag.py", line 6, in <module>
    from functions import extract_clean, transform, load_to_db
  File "/opt/airflow/dags/functions.py", line 3, in <module>
    from sklearn.preprocessing import LabelEncoder
ModuleNotFoundError: No module named 'sklearn'
[2024-12-17T21:25:27.157+0000] {logging_mixin.py:190} WARNING - /opt/airflow/dags/functions.py:130 SyntaxWarning: invalid escape sequence '\d'
[2024-12-17T21:25:27.159+0000] {processor.py:927} WARNING - No viable dags retrieved from /opt/airflow/dags/fintech_dag.py
[2024-12-17T21:25:27.222+0000] {processor.py:208} INFO - Processing /opt/airflow/dags/fintech_dag.py took 8.535 seconds
[2024-12-17T21:25:57.525+0000] {processor.py:186} INFO - Started process (PID=88) to work on /opt/airflow/dags/fintech_dag.py
[2024-12-17T21:25:57.531+0000] {processor.py:914} INFO - Processing file /opt/airflow/dags/fintech_dag.py for tasks to queue
[2024-12-17T21:25:57.534+0000] {logging_mixin.py:190} INFO - [2024-12-17T21:25:57.534+0000] {dagbag.py:588} INFO - Filling up the DagBag from /opt/airflow/dags/fintech_dag.py
[2024-12-17T21:25:58.124+0000] {logging_mixin.py:190} INFO - [2024-12-17T21:25:58.113+0000] {dagbag.py:387} ERROR - Failed to import: /opt/airflow/dags/fintech_dag.py
Traceback (most recent call last):
  File "/home/airflow/.local/lib/python3.12/site-packages/airflow/models/dagbag.py", line 383, in parse
    loader.exec_module(new_module)
  File "<frozen importlib._bootstrap_external>", line 995, in exec_module
  File "<frozen importlib._bootstrap>", line 488, in _call_with_frames_removed
  File "/opt/airflow/dags/fintech_dag.py", line 6, in <module>
    from functions import extract_clean, transform, load_to_db
  File "/opt/airflow/dags/functions.py", line 3, in <module>
    from sklearn.preprocessing import LabelEncoder
ModuleNotFoundError: No module named 'sklearn'
[2024-12-17T21:25:58.126+0000] {processor.py:927} WARNING - No viable dags retrieved from /opt/airflow/dags/fintech_dag.py
[2024-12-17T21:25:58.227+0000] {processor.py:208} INFO - Processing /opt/airflow/dags/fintech_dag.py took 0.709 seconds
[2024-12-17T21:26:28.391+0000] {processor.py:186} INFO - Started process (PID=96) to work on /opt/airflow/dags/fintech_dag.py
[2024-12-17T21:26:28.491+0000] {processor.py:914} INFO - Processing file /opt/airflow/dags/fintech_dag.py for tasks to queue
[2024-12-17T21:26:28.497+0000] {logging_mixin.py:190} INFO - [2024-12-17T21:26:28.496+0000] {dagbag.py:588} INFO - Filling up the DagBag from /opt/airflow/dags/fintech_dag.py
[2024-12-17T21:26:29.552+0000] {logging_mixin.py:190} INFO - [2024-12-17T21:26:29.540+0000] {dagbag.py:387} ERROR - Failed to import: /opt/airflow/dags/fintech_dag.py
Traceback (most recent call last):
  File "/home/airflow/.local/lib/python3.12/site-packages/airflow/models/dagbag.py", line 383, in parse
    loader.exec_module(new_module)
  File "<frozen importlib._bootstrap_external>", line 995, in exec_module
  File "<frozen importlib._bootstrap>", line 488, in _call_with_frames_removed
  File "/opt/airflow/dags/fintech_dag.py", line 6, in <module>
    from functions import extract_clean, transform, load_to_db
  File "/opt/airflow/dags/functions.py", line 3, in <module>
    from sklearn.preprocessing import LabelEncoder
ModuleNotFoundError: No module named 'sklearn'
[2024-12-17T21:26:29.555+0000] {processor.py:927} WARNING - No viable dags retrieved from /opt/airflow/dags/fintech_dag.py
[2024-12-17T21:26:29.706+0000] {processor.py:208} INFO - Processing /opt/airflow/dags/fintech_dag.py took 1.329 seconds
[2024-12-17T21:53:31.557+0000] {processor.py:186} INFO - Started process (PID=76) to work on /opt/airflow/dags/fintech_dag.py
[2024-12-17T21:53:31.603+0000] {processor.py:914} INFO - Processing file /opt/airflow/dags/fintech_dag.py for tasks to queue
[2024-12-17T21:53:31.608+0000] {logging_mixin.py:190} INFO - [2024-12-17T21:53:31.607+0000] {dagbag.py:588} INFO - Filling up the DagBag from /opt/airflow/dags/fintech_dag.py
[2024-12-17T21:53:33.697+0000] {logging_mixin.py:190} INFO - [2024-12-17T21:53:33.680+0000] {dagbag.py:387} ERROR - Failed to import: /opt/airflow/dags/fintech_dag.py
Traceback (most recent call last):
  File "/home/airflow/.local/lib/python3.12/site-packages/airflow/models/dagbag.py", line 383, in parse
    loader.exec_module(new_module)
  File "<frozen importlib._bootstrap_external>", line 995, in exec_module
  File "<frozen importlib._bootstrap>", line 488, in _call_with_frames_removed
  File "/opt/airflow/dags/fintech_dag.py", line 6, in <module>
    from functions import extract_clean, transform, load_to_db
  File "/opt/airflow/dags/functions.py", line 3, in <module>
    from sklearn.preprocessing import LabelEncoder
ModuleNotFoundError: No module named 'sklearn'
[2024-12-17T21:53:33.748+0000] {processor.py:927} WARNING - No viable dags retrieved from /opt/airflow/dags/fintech_dag.py
[2024-12-17T21:53:33.781+0000] {processor.py:208} INFO - Processing /opt/airflow/dags/fintech_dag.py took 2.252 seconds
[2024-12-17T21:54:03.894+0000] {processor.py:186} INFO - Started process (PID=84) to work on /opt/airflow/dags/fintech_dag.py
[2024-12-17T21:54:03.897+0000] {processor.py:914} INFO - Processing file /opt/airflow/dags/fintech_dag.py for tasks to queue
[2024-12-17T21:54:03.904+0000] {logging_mixin.py:190} INFO - [2024-12-17T21:54:03.903+0000] {dagbag.py:588} INFO - Filling up the DagBag from /opt/airflow/dags/fintech_dag.py
[2024-12-17T21:54:04.636+0000] {logging_mixin.py:190} INFO - [2024-12-17T21:54:04.625+0000] {dagbag.py:387} ERROR - Failed to import: /opt/airflow/dags/fintech_dag.py
Traceback (most recent call last):
  File "/home/airflow/.local/lib/python3.12/site-packages/airflow/models/dagbag.py", line 383, in parse
    loader.exec_module(new_module)
  File "<frozen importlib._bootstrap_external>", line 995, in exec_module
  File "<frozen importlib._bootstrap>", line 488, in _call_with_frames_removed
  File "/opt/airflow/dags/fintech_dag.py", line 6, in <module>
    from functions import extract_clean, transform, load_to_db
  File "/opt/airflow/dags/functions.py", line 3, in <module>
    from sklearn.preprocessing import LabelEncoder
ModuleNotFoundError: No module named 'sklearn'
[2024-12-17T21:54:04.639+0000] {processor.py:927} WARNING - No viable dags retrieved from /opt/airflow/dags/fintech_dag.py
[2024-12-17T21:54:04.658+0000] {processor.py:208} INFO - Processing /opt/airflow/dags/fintech_dag.py took 0.788 seconds
[2024-12-17T21:54:34.918+0000] {processor.py:186} INFO - Started process (PID=92) to work on /opt/airflow/dags/fintech_dag.py
[2024-12-17T21:54:34.919+0000] {processor.py:914} INFO - Processing file /opt/airflow/dags/fintech_dag.py for tasks to queue
[2024-12-17T21:54:34.922+0000] {logging_mixin.py:190} INFO - [2024-12-17T21:54:34.921+0000] {dagbag.py:588} INFO - Filling up the DagBag from /opt/airflow/dags/fintech_dag.py
[2024-12-17T21:54:35.365+0000] {logging_mixin.py:190} INFO - [2024-12-17T21:54:35.355+0000] {dagbag.py:387} ERROR - Failed to import: /opt/airflow/dags/fintech_dag.py
Traceback (most recent call last):
  File "/home/airflow/.local/lib/python3.12/site-packages/airflow/models/dagbag.py", line 383, in parse
    loader.exec_module(new_module)
  File "<frozen importlib._bootstrap_external>", line 995, in exec_module
  File "<frozen importlib._bootstrap>", line 488, in _call_with_frames_removed
  File "/opt/airflow/dags/fintech_dag.py", line 6, in <module>
    from functions import extract_clean, transform, load_to_db
  File "/opt/airflow/dags/functions.py", line 3, in <module>
    from sklearn.preprocessing import LabelEncoder
ModuleNotFoundError: No module named 'sklearn'
[2024-12-17T21:54:35.528+0000] {processor.py:927} WARNING - No viable dags retrieved from /opt/airflow/dags/fintech_dag.py
[2024-12-17T21:54:35.544+0000] {processor.py:208} INFO - Processing /opt/airflow/dags/fintech_dag.py took 0.632 seconds
[2024-12-17T21:55:05.779+0000] {processor.py:186} INFO - Started process (PID=100) to work on /opt/airflow/dags/fintech_dag.py
[2024-12-17T21:55:05.780+0000] {processor.py:914} INFO - Processing file /opt/airflow/dags/fintech_dag.py for tasks to queue
[2024-12-17T21:55:05.785+0000] {logging_mixin.py:190} INFO - [2024-12-17T21:55:05.785+0000] {dagbag.py:588} INFO - Filling up the DagBag from /opt/airflow/dags/fintech_dag.py
[2024-12-17T21:59:45.344+0000] {processor.py:186} INFO - Started process (PID=67) to work on /opt/airflow/dags/fintech_dag.py
[2024-12-17T21:59:45.345+0000] {processor.py:914} INFO - Processing file /opt/airflow/dags/fintech_dag.py for tasks to queue
[2024-12-17T21:59:45.349+0000] {logging_mixin.py:190} INFO - [2024-12-17T21:59:45.348+0000] {dagbag.py:588} INFO - Filling up the DagBag from /opt/airflow/dags/fintech_dag.py
[2024-12-17T21:59:47.745+0000] {logging_mixin.py:190} INFO - [2024-12-17T21:59:47.736+0000] {dagbag.py:387} ERROR - Failed to import: /opt/airflow/dags/fintech_dag.py
Traceback (most recent call last):
  File "/home/airflow/.local/lib/python3.12/site-packages/airflow/models/dagbag.py", line 383, in parse
    loader.exec_module(new_module)
  File "<frozen importlib._bootstrap_external>", line 995, in exec_module
  File "<frozen importlib._bootstrap>", line 488, in _call_with_frames_removed
  File "/opt/airflow/dags/fintech_dag.py", line 6, in <module>
    from functions import extract_clean, transform, load_to_db
  File "/opt/airflow/dags/functions.py", line 3, in <module>
    from sklearn.preprocessing import LabelEncoder
ModuleNotFoundError: No module named 'sklearn'
[2024-12-17T21:59:47.748+0000] {processor.py:927} WARNING - No viable dags retrieved from /opt/airflow/dags/fintech_dag.py
[2024-12-17T21:59:47.764+0000] {processor.py:208} INFO - Processing /opt/airflow/dags/fintech_dag.py took 2.432 seconds
[2024-12-17T22:03:41.549+0000] {processor.py:186} INFO - Started process (PID=78) to work on /opt/airflow/dags/fintech_dag.py
[2024-12-17T22:03:41.647+0000] {processor.py:914} INFO - Processing file /opt/airflow/dags/fintech_dag.py for tasks to queue
[2024-12-17T22:03:41.655+0000] {logging_mixin.py:190} INFO - [2024-12-17T22:03:41.654+0000] {dagbag.py:588} INFO - Filling up the DagBag from /opt/airflow/dags/fintech_dag.py
[2024-12-17T22:03:51.502+0000] {logging_mixin.py:190} INFO - [2024-12-17T22:03:51.467+0000] {dagbag.py:387} ERROR - Failed to import: /opt/airflow/dags/fintech_dag.py
Traceback (most recent call last):
  File "/home/airflow/.local/lib/python3.12/site-packages/airflow/models/dagbag.py", line 383, in parse
    loader.exec_module(new_module)
  File "<frozen importlib._bootstrap_external>", line 995, in exec_module
  File "<frozen importlib._bootstrap>", line 488, in _call_with_frames_removed
  File "/opt/airflow/dags/fintech_dag.py", line 7, in <module>
    from fintech_dashboard import create_dashboard
  File "/opt/airflow/dags/fintech_dashboard.py", line 1, in <module>
    import dash
ModuleNotFoundError: No module named 'dash'
[2024-12-17T22:03:51.511+0000] {processor.py:927} WARNING - No viable dags retrieved from /opt/airflow/dags/fintech_dag.py
[2024-12-17T22:03:51.573+0000] {processor.py:208} INFO - Processing /opt/airflow/dags/fintech_dag.py took 10.065 seconds
[2024-12-17T22:04:21.903+0000] {processor.py:186} INFO - Started process (PID=103) to work on /opt/airflow/dags/fintech_dag.py
[2024-12-17T22:04:21.928+0000] {processor.py:914} INFO - Processing file /opt/airflow/dags/fintech_dag.py for tasks to queue
[2024-12-17T22:04:21.933+0000] {logging_mixin.py:190} INFO - [2024-12-17T22:04:21.932+0000] {dagbag.py:588} INFO - Filling up the DagBag from /opt/airflow/dags/fintech_dag.py
[2024-12-17T22:04:23.287+0000] {logging_mixin.py:190} INFO - [2024-12-17T22:04:23.280+0000] {dagbag.py:387} ERROR - Failed to import: /opt/airflow/dags/fintech_dag.py
Traceback (most recent call last):
  File "/home/airflow/.local/lib/python3.12/site-packages/airflow/models/dagbag.py", line 383, in parse
    loader.exec_module(new_module)
  File "<frozen importlib._bootstrap_external>", line 995, in exec_module
  File "<frozen importlib._bootstrap>", line 488, in _call_with_frames_removed
  File "/opt/airflow/dags/fintech_dag.py", line 7, in <module>
    from fintech_dashboard import create_dashboard
  File "/opt/airflow/dags/fintech_dashboard.py", line 1, in <module>
    import dash
ModuleNotFoundError: No module named 'dash'
[2024-12-17T22:04:23.289+0000] {processor.py:927} WARNING - No viable dags retrieved from /opt/airflow/dags/fintech_dag.py
[2024-12-17T22:04:23.309+0000] {processor.py:208} INFO - Processing /opt/airflow/dags/fintech_dag.py took 1.415 seconds
[2024-12-17T22:04:53.564+0000] {processor.py:186} INFO - Started process (PID=122) to work on /opt/airflow/dags/fintech_dag.py
[2024-12-17T22:04:53.590+0000] {processor.py:914} INFO - Processing file /opt/airflow/dags/fintech_dag.py for tasks to queue
[2024-12-17T22:04:53.593+0000] {logging_mixin.py:190} INFO - [2024-12-17T22:04:53.593+0000] {dagbag.py:588} INFO - Filling up the DagBag from /opt/airflow/dags/fintech_dag.py
[2024-12-17T22:04:54.995+0000] {logging_mixin.py:190} INFO - [2024-12-17T22:04:54.982+0000] {dagbag.py:387} ERROR - Failed to import: /opt/airflow/dags/fintech_dag.py
Traceback (most recent call last):
  File "/home/airflow/.local/lib/python3.12/site-packages/airflow/models/dagbag.py", line 383, in parse
    loader.exec_module(new_module)
  File "<frozen importlib._bootstrap_external>", line 995, in exec_module
  File "<frozen importlib._bootstrap>", line 488, in _call_with_frames_removed
  File "/opt/airflow/dags/fintech_dag.py", line 7, in <module>
    from fintech_dashboard import create_dashboard
  File "/opt/airflow/dags/fintech_dashboard.py", line 1, in <module>
    import dash
ModuleNotFoundError: No module named 'dash'
[2024-12-17T22:04:54.999+0000] {processor.py:927} WARNING - No viable dags retrieved from /opt/airflow/dags/fintech_dag.py
[2024-12-17T22:04:55.028+0000] {processor.py:208} INFO - Processing /opt/airflow/dags/fintech_dag.py took 1.471 seconds
[2024-12-17T22:20:50.728+0000] {processor.py:186} INFO - Started process (PID=74) to work on /opt/airflow/dags/fintech_dag.py
[2024-12-17T22:20:50.800+0000] {processor.py:914} INFO - Processing file /opt/airflow/dags/fintech_dag.py for tasks to queue
[2024-12-17T22:20:50.803+0000] {logging_mixin.py:190} INFO - [2024-12-17T22:20:50.803+0000] {dagbag.py:588} INFO - Filling up the DagBag from /opt/airflow/dags/fintech_dag.py
[2024-12-17T22:20:54.062+0000] {logging_mixin.py:190} INFO - [2024-12-17T22:20:54.049+0000] {dagbag.py:387} ERROR - Failed to import: /opt/airflow/dags/fintech_dag.py
Traceback (most recent call last):
  File "/home/airflow/.local/lib/python3.12/site-packages/airflow/models/dagbag.py", line 383, in parse
    loader.exec_module(new_module)
  File "<frozen importlib._bootstrap_external>", line 995, in exec_module
  File "<frozen importlib._bootstrap>", line 488, in _call_with_frames_removed
  File "/opt/airflow/dags/fintech_dag.py", line 7, in <module>
    from fintech_dashboard import create_dashboard
  File "/opt/airflow/dags/fintech_dashboard.py", line 1, in <module>
    import dash
ModuleNotFoundError: No module named 'dash'
[2024-12-17T22:20:54.066+0000] {processor.py:927} WARNING - No viable dags retrieved from /opt/airflow/dags/fintech_dag.py
[2024-12-17T22:20:54.087+0000] {processor.py:208} INFO - Processing /opt/airflow/dags/fintech_dag.py took 3.369 seconds
[2024-12-17T22:21:24.332+0000] {processor.py:186} INFO - Started process (PID=93) to work on /opt/airflow/dags/fintech_dag.py
[2024-12-17T22:21:24.356+0000] {processor.py:914} INFO - Processing file /opt/airflow/dags/fintech_dag.py for tasks to queue
[2024-12-17T22:21:24.359+0000] {logging_mixin.py:190} INFO - [2024-12-17T22:21:24.359+0000] {dagbag.py:588} INFO - Filling up the DagBag from /opt/airflow/dags/fintech_dag.py
[2024-12-17T22:21:25.259+0000] {logging_mixin.py:190} INFO - [2024-12-17T22:21:25.253+0000] {dagbag.py:387} ERROR - Failed to import: /opt/airflow/dags/fintech_dag.py
Traceback (most recent call last):
  File "/home/airflow/.local/lib/python3.12/site-packages/airflow/models/dagbag.py", line 383, in parse
    loader.exec_module(new_module)
  File "<frozen importlib._bootstrap_external>", line 995, in exec_module
  File "<frozen importlib._bootstrap>", line 488, in _call_with_frames_removed
  File "/opt/airflow/dags/fintech_dag.py", line 7, in <module>
    from fintech_dashboard import create_dashboard
  File "/opt/airflow/dags/fintech_dashboard.py", line 1, in <module>
    import dash
ModuleNotFoundError: No module named 'dash'
[2024-12-17T22:21:25.260+0000] {processor.py:927} WARNING - No viable dags retrieved from /opt/airflow/dags/fintech_dag.py
[2024-12-17T22:21:25.278+0000] {processor.py:208} INFO - Processing /opt/airflow/dags/fintech_dag.py took 0.951 seconds
[2024-12-17T22:37:42.788+0000] {processor.py:186} INFO - Started process (PID=76) to work on /opt/airflow/dags/fintech_dag.py
[2024-12-17T22:37:42.848+0000] {processor.py:914} INFO - Processing file /opt/airflow/dags/fintech_dag.py for tasks to queue
[2024-12-17T22:37:42.852+0000] {logging_mixin.py:190} INFO - [2024-12-17T22:37:42.851+0000] {dagbag.py:588} INFO - Filling up the DagBag from /opt/airflow/dags/fintech_dag.py
[2024-12-17T22:37:47.434+0000] {processor.py:925} INFO - DAG(s) 'fintech_pipeline' retrieved from /opt/airflow/dags/fintech_dag.py
[2024-12-17T22:37:47.752+0000] {logging_mixin.py:190} INFO - [2024-12-17T22:37:47.751+0000] {override.py:1911} INFO - Created Permission View: can edit on DAG:fintech_pipeline
[2024-12-17T22:37:47.763+0000] {logging_mixin.py:190} INFO - [2024-12-17T22:37:47.762+0000] {override.py:1911} INFO - Created Permission View: can read on DAG:fintech_pipeline
[2024-12-17T22:37:47.772+0000] {logging_mixin.py:190} INFO - [2024-12-17T22:37:47.772+0000] {override.py:1911} INFO - Created Permission View: can delete on DAG:fintech_pipeline
[2024-12-17T22:37:47.784+0000] {logging_mixin.py:190} INFO - [2024-12-17T22:37:47.784+0000] {override.py:1911} INFO - Created Permission View: can create on DAG Run:fintech_pipeline
[2024-12-17T22:37:47.792+0000] {logging_mixin.py:190} INFO - [2024-12-17T22:37:47.792+0000] {override.py:1911} INFO - Created Permission View: can delete on DAG Run:fintech_pipeline
[2024-12-17T22:37:47.800+0000] {logging_mixin.py:190} INFO - [2024-12-17T22:37:47.800+0000] {override.py:1911} INFO - Created Permission View: can read on DAG Run:fintech_pipeline
[2024-12-17T22:37:47.808+0000] {logging_mixin.py:190} INFO - [2024-12-17T22:37:47.807+0000] {override.py:1911} INFO - Created Permission View: menu access on DAG Run:fintech_pipeline
[2024-12-17T22:37:47.809+0000] {logging_mixin.py:190} INFO - [2024-12-17T22:37:47.808+0000] {dag.py:3239} INFO - Sync 1 DAGs
[2024-12-17T22:37:47.825+0000] {logging_mixin.py:190} INFO - [2024-12-17T22:37:47.824+0000] {dag.py:3262} INFO - Creating ORM DAG for fintech_pipeline
[2024-12-17T22:37:47.835+0000] {logging_mixin.py:190} INFO - [2024-12-17T22:37:47.835+0000] {dag.py:4180} INFO - Setting next_dagrun for fintech_pipeline to 2024-12-15 00:00:00+00:00, run_after=2024-12-15 00:00:00+00:00
[2024-12-17T22:37:47.857+0000] {processor.py:208} INFO - Processing /opt/airflow/dags/fintech_dag.py took 5.079 seconds
[2024-12-17T22:38:18.075+0000] {processor.py:186} INFO - Started process (PID=95) to work on /opt/airflow/dags/fintech_dag.py
[2024-12-17T22:38:18.077+0000] {processor.py:914} INFO - Processing file /opt/airflow/dags/fintech_dag.py for tasks to queue
[2024-12-17T22:38:18.081+0000] {logging_mixin.py:190} INFO - [2024-12-17T22:38:18.080+0000] {dagbag.py:588} INFO - Filling up the DagBag from /opt/airflow/dags/fintech_dag.py
[2024-12-17T22:38:20.094+0000] {processor.py:925} INFO - DAG(s) 'fintech_pipeline' retrieved from /opt/airflow/dags/fintech_dag.py
[2024-12-17T22:38:20.135+0000] {logging_mixin.py:190} INFO - [2024-12-17T22:38:20.134+0000] {dag.py:3239} INFO - Sync 1 DAGs
[2024-12-17T22:38:20.173+0000] {logging_mixin.py:190} INFO - [2024-12-17T22:38:20.173+0000] {dag.py:4180} INFO - Setting next_dagrun for fintech_pipeline to 2024-12-15 00:00:00+00:00, run_after=2024-12-15 00:00:00+00:00
[2024-12-17T22:38:20.207+0000] {processor.py:208} INFO - Processing /opt/airflow/dags/fintech_dag.py took 2.143 seconds
[2024-12-17T22:38:50.319+0000] {processor.py:186} INFO - Started process (PID=114) to work on /opt/airflow/dags/fintech_dag.py
[2024-12-17T22:38:50.321+0000] {processor.py:914} INFO - Processing file /opt/airflow/dags/fintech_dag.py for tasks to queue
[2024-12-17T22:38:50.323+0000] {logging_mixin.py:190} INFO - [2024-12-17T22:38:50.323+0000] {dagbag.py:588} INFO - Filling up the DagBag from /opt/airflow/dags/fintech_dag.py
[2024-12-17T22:38:51.413+0000] {processor.py:925} INFO - DAG(s) 'fintech_pipeline' retrieved from /opt/airflow/dags/fintech_dag.py
[2024-12-17T22:38:51.432+0000] {logging_mixin.py:190} INFO - [2024-12-17T22:38:51.432+0000] {dag.py:3239} INFO - Sync 1 DAGs
[2024-12-17T22:38:51.450+0000] {logging_mixin.py:190} INFO - [2024-12-17T22:38:51.450+0000] {dag.py:4180} INFO - Setting next_dagrun for fintech_pipeline to 2024-12-15 00:00:00+00:00, run_after=2024-12-15 00:00:00+00:00
[2024-12-17T22:38:51.470+0000] {processor.py:208} INFO - Processing /opt/airflow/dags/fintech_dag.py took 1.156 seconds
[2024-12-17T22:39:21.693+0000] {processor.py:186} INFO - Started process (PID=133) to work on /opt/airflow/dags/fintech_dag.py
[2024-12-17T22:39:21.694+0000] {processor.py:914} INFO - Processing file /opt/airflow/dags/fintech_dag.py for tasks to queue
[2024-12-17T22:39:21.696+0000] {logging_mixin.py:190} INFO - [2024-12-17T22:39:21.696+0000] {dagbag.py:588} INFO - Filling up the DagBag from /opt/airflow/dags/fintech_dag.py
[2024-12-17T22:39:22.674+0000] {processor.py:925} INFO - DAG(s) 'fintech_pipeline' retrieved from /opt/airflow/dags/fintech_dag.py
[2024-12-17T22:39:22.692+0000] {logging_mixin.py:190} INFO - [2024-12-17T22:39:22.692+0000] {dag.py:3239} INFO - Sync 1 DAGs
[2024-12-17T22:39:22.715+0000] {logging_mixin.py:190} INFO - [2024-12-17T22:39:22.715+0000] {dag.py:4180} INFO - Setting next_dagrun for fintech_pipeline to 2024-12-15 00:00:00+00:00, run_after=2024-12-15 00:00:00+00:00
[2024-12-17T22:39:22.819+0000] {processor.py:208} INFO - Processing /opt/airflow/dags/fintech_dag.py took 1.131 seconds
[2024-12-17T22:39:53.016+0000] {processor.py:186} INFO - Started process (PID=152) to work on /opt/airflow/dags/fintech_dag.py
[2024-12-17T22:39:53.017+0000] {processor.py:914} INFO - Processing file /opt/airflow/dags/fintech_dag.py for tasks to queue
[2024-12-17T22:39:53.021+0000] {logging_mixin.py:190} INFO - [2024-12-17T22:39:53.020+0000] {dagbag.py:588} INFO - Filling up the DagBag from /opt/airflow/dags/fintech_dag.py
[2024-12-17T22:39:54.874+0000] {processor.py:925} INFO - DAG(s) 'fintech_pipeline' retrieved from /opt/airflow/dags/fintech_dag.py
[2024-12-17T22:39:54.905+0000] {logging_mixin.py:190} INFO - [2024-12-17T22:39:54.905+0000] {dag.py:3239} INFO - Sync 1 DAGs
[2024-12-17T22:39:55.038+0000] {logging_mixin.py:190} INFO - [2024-12-17T22:39:55.038+0000] {dag.py:4180} INFO - Setting next_dagrun for fintech_pipeline to 2024-12-15 00:00:00+00:00, run_after=2024-12-15 00:00:00+00:00
[2024-12-17T22:39:55.060+0000] {processor.py:208} INFO - Processing /opt/airflow/dags/fintech_dag.py took 2.053 seconds
[2024-12-17T22:40:25.261+0000] {processor.py:186} INFO - Started process (PID=179) to work on /opt/airflow/dags/fintech_dag.py
[2024-12-17T22:40:25.262+0000] {processor.py:914} INFO - Processing file /opt/airflow/dags/fintech_dag.py for tasks to queue
[2024-12-17T22:40:25.265+0000] {logging_mixin.py:190} INFO - [2024-12-17T22:40:25.264+0000] {dagbag.py:588} INFO - Filling up the DagBag from /opt/airflow/dags/fintech_dag.py
[2024-12-17T22:40:26.645+0000] {processor.py:925} INFO - DAG(s) 'fintech_pipeline' retrieved from /opt/airflow/dags/fintech_dag.py
[2024-12-17T22:40:26.770+0000] {logging_mixin.py:190} INFO - [2024-12-17T22:40:26.770+0000] {dag.py:3239} INFO - Sync 1 DAGs
[2024-12-17T22:40:26.791+0000] {logging_mixin.py:190} INFO - [2024-12-17T22:40:26.791+0000] {dag.py:4180} INFO - Setting next_dagrun for fintech_pipeline to None, run_after=None
[2024-12-17T22:40:26.811+0000] {processor.py:208} INFO - Processing /opt/airflow/dags/fintech_dag.py took 1.557 seconds
[2024-12-17T22:40:57.037+0000] {processor.py:186} INFO - Started process (PID=198) to work on /opt/airflow/dags/fintech_dag.py
[2024-12-17T22:40:57.038+0000] {processor.py:914} INFO - Processing file /opt/airflow/dags/fintech_dag.py for tasks to queue
[2024-12-17T22:40:57.040+0000] {logging_mixin.py:190} INFO - [2024-12-17T22:40:57.040+0000] {dagbag.py:588} INFO - Filling up the DagBag from /opt/airflow/dags/fintech_dag.py
[2024-12-17T22:40:58.582+0000] {processor.py:925} INFO - DAG(s) 'fintech_pipeline' retrieved from /opt/airflow/dags/fintech_dag.py
[2024-12-17T22:40:58.708+0000] {logging_mixin.py:190} INFO - [2024-12-17T22:40:58.708+0000] {dag.py:3239} INFO - Sync 1 DAGs
[2024-12-17T22:40:58.733+0000] {logging_mixin.py:190} INFO - [2024-12-17T22:40:58.733+0000] {dag.py:4180} INFO - Setting next_dagrun for fintech_pipeline to None, run_after=None
[2024-12-17T22:40:58.762+0000] {processor.py:208} INFO - Processing /opt/airflow/dags/fintech_dag.py took 1.732 seconds
[2024-12-17T22:41:28.994+0000] {processor.py:186} INFO - Started process (PID=223) to work on /opt/airflow/dags/fintech_dag.py
[2024-12-17T22:41:28.996+0000] {processor.py:914} INFO - Processing file /opt/airflow/dags/fintech_dag.py for tasks to queue
[2024-12-17T22:41:28.999+0000] {logging_mixin.py:190} INFO - [2024-12-17T22:41:28.998+0000] {dagbag.py:588} INFO - Filling up the DagBag from /opt/airflow/dags/fintech_dag.py
[2024-12-17T22:41:30.876+0000] {processor.py:925} INFO - DAG(s) 'fintech_pipeline' retrieved from /opt/airflow/dags/fintech_dag.py
[2024-12-17T22:41:30.905+0000] {logging_mixin.py:190} INFO - [2024-12-17T22:41:30.904+0000] {dag.py:3239} INFO - Sync 1 DAGs
[2024-12-17T22:41:30.935+0000] {logging_mixin.py:190} INFO - [2024-12-17T22:41:30.935+0000] {dag.py:4180} INFO - Setting next_dagrun for fintech_pipeline to None, run_after=None
[2024-12-17T22:41:30.962+0000] {processor.py:208} INFO - Processing /opt/airflow/dags/fintech_dag.py took 1.975 seconds
[2024-12-17T22:42:01.201+0000] {processor.py:186} INFO - Started process (PID=242) to work on /opt/airflow/dags/fintech_dag.py
[2024-12-17T22:42:01.202+0000] {processor.py:914} INFO - Processing file /opt/airflow/dags/fintech_dag.py for tasks to queue
[2024-12-17T22:42:01.205+0000] {logging_mixin.py:190} INFO - [2024-12-17T22:42:01.205+0000] {dagbag.py:588} INFO - Filling up the DagBag from /opt/airflow/dags/fintech_dag.py
[2024-12-17T22:42:02.417+0000] {processor.py:925} INFO - DAG(s) 'fintech_pipeline' retrieved from /opt/airflow/dags/fintech_dag.py
[2024-12-17T22:42:02.443+0000] {logging_mixin.py:190} INFO - [2024-12-17T22:42:02.443+0000] {dag.py:3239} INFO - Sync 1 DAGs
[2024-12-17T22:42:02.465+0000] {logging_mixin.py:190} INFO - [2024-12-17T22:42:02.465+0000] {dag.py:4180} INFO - Setting next_dagrun for fintech_pipeline to None, run_after=None
[2024-12-17T22:42:02.494+0000] {processor.py:208} INFO - Processing /opt/airflow/dags/fintech_dag.py took 1.299 seconds
[2024-12-17T22:42:32.713+0000] {processor.py:186} INFO - Started process (PID=261) to work on /opt/airflow/dags/fintech_dag.py
[2024-12-17T22:42:32.714+0000] {processor.py:914} INFO - Processing file /opt/airflow/dags/fintech_dag.py for tasks to queue
[2024-12-17T22:42:32.716+0000] {logging_mixin.py:190} INFO - [2024-12-17T22:42:32.716+0000] {dagbag.py:588} INFO - Filling up the DagBag from /opt/airflow/dags/fintech_dag.py
[2024-12-17T22:42:33.977+0000] {processor.py:925} INFO - DAG(s) 'fintech_pipeline' retrieved from /opt/airflow/dags/fintech_dag.py
[2024-12-17T22:42:33.999+0000] {logging_mixin.py:190} INFO - [2024-12-17T22:42:33.999+0000] {dag.py:3239} INFO - Sync 1 DAGs
[2024-12-17T22:42:34.021+0000] {logging_mixin.py:190} INFO - [2024-12-17T22:42:34.021+0000] {dag.py:4180} INFO - Setting next_dagrun for fintech_pipeline to None, run_after=None
[2024-12-17T22:42:34.040+0000] {processor.py:208} INFO - Processing /opt/airflow/dags/fintech_dag.py took 1.333 seconds
[2024-12-17T22:43:04.274+0000] {processor.py:186} INFO - Started process (PID=280) to work on /opt/airflow/dags/fintech_dag.py
[2024-12-17T22:43:04.275+0000] {processor.py:914} INFO - Processing file /opt/airflow/dags/fintech_dag.py for tasks to queue
[2024-12-17T22:43:04.278+0000] {logging_mixin.py:190} INFO - [2024-12-17T22:43:04.277+0000] {dagbag.py:588} INFO - Filling up the DagBag from /opt/airflow/dags/fintech_dag.py
[2024-12-17T22:43:05.560+0000] {processor.py:925} INFO - DAG(s) 'fintech_pipeline' retrieved from /opt/airflow/dags/fintech_dag.py
[2024-12-17T22:43:05.579+0000] {logging_mixin.py:190} INFO - [2024-12-17T22:43:05.579+0000] {dag.py:3239} INFO - Sync 1 DAGs
[2024-12-17T22:43:05.598+0000] {logging_mixin.py:190} INFO - [2024-12-17T22:43:05.598+0000] {dag.py:4180} INFO - Setting next_dagrun for fintech_pipeline to None, run_after=None
[2024-12-17T22:43:05.623+0000] {processor.py:208} INFO - Processing /opt/airflow/dags/fintech_dag.py took 1.355 seconds
[2024-12-17T22:43:35.864+0000] {processor.py:186} INFO - Started process (PID=299) to work on /opt/airflow/dags/fintech_dag.py
[2024-12-17T22:43:35.865+0000] {processor.py:914} INFO - Processing file /opt/airflow/dags/fintech_dag.py for tasks to queue
[2024-12-17T22:43:35.868+0000] {logging_mixin.py:190} INFO - [2024-12-17T22:43:35.868+0000] {dagbag.py:588} INFO - Filling up the DagBag from /opt/airflow/dags/fintech_dag.py
[2024-12-17T22:43:37.960+0000] {processor.py:925} INFO - DAG(s) 'fintech_pipeline' retrieved from /opt/airflow/dags/fintech_dag.py
[2024-12-17T22:43:37.991+0000] {logging_mixin.py:190} INFO - [2024-12-17T22:43:37.990+0000] {dag.py:3239} INFO - Sync 1 DAGs
[2024-12-17T22:43:38.025+0000] {logging_mixin.py:190} INFO - [2024-12-17T22:43:38.025+0000] {dag.py:4180} INFO - Setting next_dagrun for fintech_pipeline to None, run_after=None
[2024-12-17T22:43:38.053+0000] {processor.py:208} INFO - Processing /opt/airflow/dags/fintech_dag.py took 2.197 seconds
[2024-12-17T22:44:08.293+0000] {processor.py:186} INFO - Started process (PID=318) to work on /opt/airflow/dags/fintech_dag.py
[2024-12-17T22:44:08.294+0000] {processor.py:914} INFO - Processing file /opt/airflow/dags/fintech_dag.py for tasks to queue
[2024-12-17T22:44:08.297+0000] {logging_mixin.py:190} INFO - [2024-12-17T22:44:08.297+0000] {dagbag.py:588} INFO - Filling up the DagBag from /opt/airflow/dags/fintech_dag.py
[2024-12-17T22:44:09.452+0000] {processor.py:925} INFO - DAG(s) 'fintech_pipeline' retrieved from /opt/airflow/dags/fintech_dag.py
[2024-12-17T22:44:09.593+0000] {logging_mixin.py:190} INFO - [2024-12-17T22:44:09.593+0000] {dag.py:3239} INFO - Sync 1 DAGs
[2024-12-17T22:44:09.617+0000] {logging_mixin.py:190} INFO - [2024-12-17T22:44:09.617+0000] {dag.py:4180} INFO - Setting next_dagrun for fintech_pipeline to None, run_after=None
[2024-12-17T22:44:09.636+0000] {processor.py:208} INFO - Processing /opt/airflow/dags/fintech_dag.py took 1.349 seconds
[2024-12-17T22:44:39.860+0000] {processor.py:186} INFO - Started process (PID=337) to work on /opt/airflow/dags/fintech_dag.py
[2024-12-17T22:44:39.861+0000] {processor.py:914} INFO - Processing file /opt/airflow/dags/fintech_dag.py for tasks to queue
[2024-12-17T22:44:39.863+0000] {logging_mixin.py:190} INFO - [2024-12-17T22:44:39.863+0000] {dagbag.py:588} INFO - Filling up the DagBag from /opt/airflow/dags/fintech_dag.py
[2024-12-17T22:44:41.199+0000] {processor.py:925} INFO - DAG(s) 'fintech_pipeline' retrieved from /opt/airflow/dags/fintech_dag.py
[2024-12-17T22:44:41.222+0000] {logging_mixin.py:190} INFO - [2024-12-17T22:44:41.221+0000] {dag.py:3239} INFO - Sync 1 DAGs
[2024-12-17T22:44:41.243+0000] {logging_mixin.py:190} INFO - [2024-12-17T22:44:41.243+0000] {dag.py:4180} INFO - Setting next_dagrun for fintech_pipeline to None, run_after=None
[2024-12-17T22:44:41.272+0000] {processor.py:208} INFO - Processing /opt/airflow/dags/fintech_dag.py took 1.418 seconds
