[2024-12-21T21:22:56.097+0000] {local_task_job_runner.py:123} INFO - ::group::Pre task execution logs
[2024-12-21T21:22:56.159+0000] {taskinstance.py:2613} INFO - Dependencies all met for dep_context=non-requeueable deps ti=<TaskInstance: fintech_pipeline.transform manual__2024-12-21T21:22:13.376514+00:00 [queued]>
[2024-12-21T21:22:56.190+0000] {taskinstance.py:2613} INFO - Dependencies all met for dep_context=requeueable deps ti=<TaskInstance: fintech_pipeline.transform manual__2024-12-21T21:22:13.376514+00:00 [queued]>
[2024-12-21T21:22:56.193+0000] {taskinstance.py:2866} INFO - Starting attempt 1 of 2
[2024-12-21T21:22:56.246+0000] {taskinstance.py:2889} INFO - Executing <Task(PythonOperator): transform> on 2024-12-21 21:22:13.376514+00:00
[2024-12-21T21:22:56.268+0000] {warnings.py:112} WARNING - /home/***/.local/lib/python3.12/site-packages/***/task/task_runner/standard_task_runner.py:70: DeprecationWarning: This process (pid=1546) is multi-threaded, use of fork() may lead to deadlocks in the child.
  pid = os.fork()

[2024-12-21T21:22:56.276+0000] {standard_task_runner.py:72} INFO - Started process 1559 to run task
[2024-12-21T21:22:56.275+0000] {standard_task_runner.py:104} INFO - Running: ['***', 'tasks', 'run', 'fintech_pipeline', 'transform', 'manual__2024-12-21T21:22:13.376514+00:00', '--job-id', '238', '--raw', '--subdir', 'DAGS_FOLDER/fintech_dag.py', '--cfg-path', '/tmp/tmp3w_q73jg']
[2024-12-21T21:22:56.284+0000] {standard_task_runner.py:105} INFO - Job 238: Subtask transform
[2024-12-21T21:22:56.452+0000] {task_command.py:467} INFO - Running <TaskInstance: fintech_pipeline.transform manual__2024-12-21T21:22:13.376514+00:00 [running]> on host 64e93409f4c0
[2024-12-21T21:22:56.821+0000] {taskinstance.py:3132} INFO - Exporting env vars: AIRFLOW_CTX_DAG_OWNER='omar_abdelaty' AIRFLOW_CTX_DAG_ID='fintech_pipeline' AIRFLOW_CTX_TASK_ID='transform' AIRFLOW_CTX_EXECUTION_DATE='2024-12-21T21:22:13.376514+00:00' AIRFLOW_CTX_TRY_NUMBER='1' AIRFLOW_CTX_DAG_RUN_ID='manual__2024-12-21T21:22:13.376514+00:00'
[2024-12-21T21:22:56.822+0000] {taskinstance.py:731} INFO - ::endgroup::
[2024-12-21T21:22:56.859+0000] {logging_mixin.py:190} INFO - Transform Started
[2024-12-21T21:22:57.912+0000] {logging_mixin.py:190} INFO - Dataset loaded successfully!
[2024-12-21T21:22:57.914+0000] {logging_mixin.py:190} INFO - Handling Outliers
[2024-12-21T21:22:57.974+0000] {warnings.py:112} WARNING - /home/***/.local/lib/python3.12/site-packages/pandas/core/arraylike.py:396: RuntimeWarning: overflow encountered in exp
  result = getattr(ufunc, method)(*inputs, **kwargs)

[2024-12-21T21:22:59.369+0000] {logging_mixin.py:190} INFO - Encoding
[2024-12-21T21:22:59.474+0000] {logging_mixin.py:190} INFO - Mapping saved to letter_grade_labels.csv
[2024-12-21T21:22:59.480+0000] {logging_mixin.py:190} INFO - Mapping saved to state_labels.csv
[2024-12-21T21:22:59.487+0000] {logging_mixin.py:190} INFO - Mapping saved to addr_state_labels.csv
[2024-12-21T21:22:59.488+0000] {logging_mixin.py:190} INFO - Normalization
[2024-12-21T21:22:59.491+0000] {logging_mixin.py:190} INFO - Transform Complete
[2024-12-21T21:23:02.379+0000] {logging_mixin.py:190} INFO - Transformed data saved to csv
[2024-12-21T21:23:02.385+0000] {python.py:240} INFO - Done. Returned value was: None
[2024-12-21T21:23:02.433+0000] {taskinstance.py:340} INFO - ::group::Post task execution logs
[2024-12-21T21:23:02.435+0000] {taskinstance.py:352} INFO - Marking task as SUCCESS. dag_id=fintech_pipeline, task_id=transform, run_id=manual__2024-12-21T21:22:13.376514+00:00, execution_date=20241221T212213, start_date=20241221T212256, end_date=20241221T212302
[2024-12-21T21:23:02.507+0000] {local_task_job_runner.py:266} INFO - Task exited with return code 0
[2024-12-21T21:23:02.564+0000] {taskinstance.py:3895} INFO - 1 downstream tasks scheduled from follow-on schedule check
[2024-12-21T21:23:02.569+0000] {local_task_job_runner.py:245} INFO - ::endgroup::
