[2024-12-20T00:36:38.748+0000] {local_task_job_runner.py:123} INFO - ::group::Pre task execution logs
[2024-12-20T00:36:38.764+0000] {taskinstance.py:2613} INFO - Dependencies all met for dep_context=non-requeueable deps ti=<TaskInstance: fintech_pipeline.create_dashboard manual__2024-12-20T00:36:16.491988+00:00 [queued]>
[2024-12-20T00:36:38.772+0000] {taskinstance.py:2613} INFO - Dependencies all met for dep_context=requeueable deps ti=<TaskInstance: fintech_pipeline.create_dashboard manual__2024-12-20T00:36:16.491988+00:00 [queued]>
[2024-12-20T00:36:38.773+0000] {taskinstance.py:2866} INFO - Starting attempt 1 of 2
[2024-12-20T00:36:38.787+0000] {taskinstance.py:2889} INFO - Executing <Task(PythonOperator): create_dashboard> on 2024-12-20 00:36:16.491988+00:00
[2024-12-20T00:36:38.794+0000] {warnings.py:112} WARNING - /home/***/.local/lib/python3.12/site-packages/***/task/task_runner/standard_task_runner.py:70: DeprecationWarning: This process (pid=206) is multi-threaded, use of fork() may lead to deadlocks in the child.
  pid = os.fork()

[2024-12-20T00:36:38.797+0000] {standard_task_runner.py:72} INFO - Started process 219 to run task
[2024-12-20T00:36:38.796+0000] {standard_task_runner.py:104} INFO - Running: ['***', 'tasks', 'run', 'fintech_pipeline', 'create_dashboard', 'manual__2024-12-20T00:36:16.491988+00:00', '--job-id', '124', '--raw', '--subdir', 'DAGS_FOLDER/fintech_dag.py', '--cfg-path', '/tmp/tmp61wyn4ka']
[2024-12-20T00:36:38.798+0000] {standard_task_runner.py:105} INFO - Job 124: Subtask create_dashboard
[2024-12-20T00:36:38.844+0000] {task_command.py:467} INFO - Running <TaskInstance: fintech_pipeline.create_dashboard manual__2024-12-20T00:36:16.491988+00:00 [running]> on host 7c65acab0dd9
[2024-12-20T00:36:38.929+0000] {taskinstance.py:3132} INFO - Exporting env vars: AIRFLOW_CTX_DAG_OWNER='omar_abdelaty' AIRFLOW_CTX_DAG_ID='fintech_pipeline' AIRFLOW_CTX_TASK_ID='create_dashboard' AIRFLOW_CTX_EXECUTION_DATE='2024-12-20T00:36:16.491988+00:00' AIRFLOW_CTX_TRY_NUMBER='1' AIRFLOW_CTX_DAG_RUN_ID='manual__2024-12-20T00:36:16.491988+00:00'
[2024-12-20T00:36:38.931+0000] {taskinstance.py:731} INFO - ::endgroup::
[2024-12-20T00:36:39.289+0000] {logging_mixin.py:190} INFO - Dash is running on http://0.0.0.0:8050/
[2024-12-20T00:36:39.289+0000] {python.py:240} INFO - Done. Returned value was: None
[2024-12-20T00:36:39.289+0000] {dash.py:2160} INFO - Dash is running on http://0.0.0.0:8050/

[2024-12-20T00:36:39.303+0000] {taskinstance.py:340} INFO - ::group::Post task execution logs
[2024-12-20T00:36:39.303+0000] {taskinstance.py:352} INFO - Marking task as SUCCESS. dag_id=fintech_pipeline, task_id=create_dashboard, run_id=manual__2024-12-20T00:36:16.491988+00:00, execution_date=20241220T003616, start_date=20241220T003638, end_date=20241220T003639
[2024-12-20T00:36:39.311+0000] {logging_mixin.py:190} INFO -  * Serving Flask app 'fintech_dashboard'
[2024-12-20T00:36:39.312+0000] {logging_mixin.py:190} INFO -  * Debug mode: off
[2024-12-20T00:36:39.314+0000] {_internal.py:224} INFO - [31m[1mWARNING: This is a development server. Do not use it in a production deployment. Use a production WSGI server instead.[0m
 * Running on all addresses (0.0.0.0)
 * Running on http://127.0.0.1:8050
 * Running on http://172.19.0.7:8050
[2024-12-20T00:36:39.315+0000] {_internal.py:224} INFO - [33mPress CTRL+C to quit[0m
[2024-12-20T00:36:39.335+0000] {local_task_job_runner.py:266} INFO - Task exited with return code 0
[2024-12-20T00:36:39.352+0000] {taskinstance.py:3895} INFO - 0 downstream tasks scheduled from follow-on schedule check
[2024-12-20T00:36:39.355+0000] {local_task_job_runner.py:245} INFO - ::endgroup::
