[2024-12-19T23:40:42.796+0000] {processor.py:186} INFO - Started process (PID=75) to work on /opt/airflow/dags/fintech_dag.py
[2024-12-19T23:40:42.797+0000] {processor.py:914} INFO - Processing file /opt/airflow/dags/fintech_dag.py for tasks to queue
[2024-12-19T23:40:42.799+0000] {logging_mixin.py:190} INFO - [2024-12-19T23:40:42.799+0000] {dagbag.py:588} INFO - Filling up the DagBag from /opt/airflow/dags/fintech_dag.py
[2024-12-19T23:40:46.847+0000] {logging_mixin.py:190} WARNING - /opt/airflow/dags/functions.py:130 SyntaxWarning: invalid escape sequence '\d'
[2024-12-19T23:40:46.913+0000] {processor.py:925} INFO - DAG(s) 'fintech_pipeline' retrieved from /opt/airflow/dags/fintech_dag.py
[2024-12-19T23:40:47.407+0000] {logging_mixin.py:190} INFO - [2024-12-19T23:40:47.406+0000] {dag.py:3239} INFO - Sync 1 DAGs
[2024-12-19T23:40:47.425+0000] {logging_mixin.py:190} INFO - [2024-12-19T23:40:47.424+0000] {dag.py:3262} INFO - Creating ORM DAG for fintech_pipeline
[2024-12-19T23:40:47.437+0000] {logging_mixin.py:190} INFO - [2024-12-19T23:40:47.437+0000] {dag.py:4180} INFO - Setting next_dagrun for fintech_pipeline to 2024-12-17 00:00:00+00:00, run_after=2024-12-17 00:00:00+00:00
[2024-12-19T23:40:47.460+0000] {processor.py:208} INFO - Processing /opt/airflow/dags/fintech_dag.py took 4.672 seconds
[2024-12-19T23:41:17.714+0000] {processor.py:186} INFO - Started process (PID=94) to work on /opt/airflow/dags/fintech_dag.py
[2024-12-19T23:41:17.715+0000] {processor.py:914} INFO - Processing file /opt/airflow/dags/fintech_dag.py for tasks to queue
[2024-12-19T23:41:17.718+0000] {logging_mixin.py:190} INFO - [2024-12-19T23:41:17.718+0000] {dagbag.py:588} INFO - Filling up the DagBag from /opt/airflow/dags/fintech_dag.py
[2024-12-19T23:41:19.715+0000] {processor.py:925} INFO - DAG(s) 'fintech_pipeline' retrieved from /opt/airflow/dags/fintech_dag.py
[2024-12-19T23:41:19.744+0000] {logging_mixin.py:190} INFO - [2024-12-19T23:41:19.743+0000] {dag.py:3239} INFO - Sync 1 DAGs
[2024-12-19T23:41:19.768+0000] {logging_mixin.py:190} INFO - [2024-12-19T23:41:19.768+0000] {dag.py:4180} INFO - Setting next_dagrun for fintech_pipeline to 2024-12-17 00:00:00+00:00, run_after=2024-12-17 00:00:00+00:00
[2024-12-19T23:41:19.790+0000] {processor.py:208} INFO - Processing /opt/airflow/dags/fintech_dag.py took 2.084 seconds
[2024-12-19T23:41:49.939+0000] {processor.py:186} INFO - Started process (PID=113) to work on /opt/airflow/dags/fintech_dag.py
[2024-12-19T23:41:49.940+0000] {processor.py:914} INFO - Processing file /opt/airflow/dags/fintech_dag.py for tasks to queue
[2024-12-19T23:41:49.942+0000] {logging_mixin.py:190} INFO - [2024-12-19T23:41:49.942+0000] {dagbag.py:588} INFO - Filling up the DagBag from /opt/airflow/dags/fintech_dag.py
[2024-12-19T23:41:51.116+0000] {processor.py:925} INFO - DAG(s) 'fintech_pipeline' retrieved from /opt/airflow/dags/fintech_dag.py
[2024-12-19T23:41:51.137+0000] {logging_mixin.py:190} INFO - [2024-12-19T23:41:51.136+0000] {dag.py:3239} INFO - Sync 1 DAGs
[2024-12-19T23:41:51.154+0000] {logging_mixin.py:190} INFO - [2024-12-19T23:41:51.154+0000] {dag.py:4180} INFO - Setting next_dagrun for fintech_pipeline to 2024-12-17 00:00:00+00:00, run_after=2024-12-17 00:00:00+00:00
[2024-12-19T23:41:51.179+0000] {processor.py:208} INFO - Processing /opt/airflow/dags/fintech_dag.py took 1.246 seconds
[2024-12-19T23:42:21.249+0000] {processor.py:186} INFO - Started process (PID=132) to work on /opt/airflow/dags/fintech_dag.py
[2024-12-19T23:42:21.274+0000] {processor.py:914} INFO - Processing file /opt/airflow/dags/fintech_dag.py for tasks to queue
[2024-12-19T23:42:21.277+0000] {logging_mixin.py:190} INFO - [2024-12-19T23:42:21.277+0000] {dagbag.py:588} INFO - Filling up the DagBag from /opt/airflow/dags/fintech_dag.py
[2024-12-19T23:42:22.834+0000] {processor.py:925} INFO - DAG(s) 'fintech_pipeline' retrieved from /opt/airflow/dags/fintech_dag.py
[2024-12-19T23:42:22.863+0000] {logging_mixin.py:190} INFO - [2024-12-19T23:42:22.862+0000] {dag.py:3239} INFO - Sync 1 DAGs
[2024-12-19T23:42:22.892+0000] {logging_mixin.py:190} INFO - [2024-12-19T23:42:22.892+0000] {dag.py:4180} INFO - Setting next_dagrun for fintech_pipeline to 2024-12-17 00:00:00+00:00, run_after=2024-12-17 00:00:00+00:00
[2024-12-19T23:42:23.089+0000] {processor.py:208} INFO - Processing /opt/airflow/dags/fintech_dag.py took 1.847 seconds
[2024-12-19T23:42:53.388+0000] {processor.py:186} INFO - Started process (PID=155) to work on /opt/airflow/dags/fintech_dag.py
[2024-12-19T23:42:53.390+0000] {processor.py:914} INFO - Processing file /opt/airflow/dags/fintech_dag.py for tasks to queue
[2024-12-19T23:42:53.394+0000] {logging_mixin.py:190} INFO - [2024-12-19T23:42:53.394+0000] {dagbag.py:588} INFO - Filling up the DagBag from /opt/airflow/dags/fintech_dag.py
[2024-12-19T23:42:55.094+0000] {processor.py:925} INFO - DAG(s) 'fintech_pipeline' retrieved from /opt/airflow/dags/fintech_dag.py
[2024-12-19T23:42:55.131+0000] {logging_mixin.py:190} INFO - [2024-12-19T23:42:55.130+0000] {dag.py:3239} INFO - Sync 1 DAGs
[2024-12-19T23:42:55.286+0000] {logging_mixin.py:190} INFO - [2024-12-19T23:42:55.285+0000] {dag.py:4180} INFO - Setting next_dagrun for fintech_pipeline to None, run_after=None
[2024-12-19T23:42:55.307+0000] {processor.py:208} INFO - Processing /opt/airflow/dags/fintech_dag.py took 1.928 seconds
[2024-12-19T23:43:25.601+0000] {processor.py:186} INFO - Started process (PID=178) to work on /opt/airflow/dags/fintech_dag.py
[2024-12-19T23:43:25.603+0000] {processor.py:914} INFO - Processing file /opt/airflow/dags/fintech_dag.py for tasks to queue
[2024-12-19T23:43:25.607+0000] {logging_mixin.py:190} INFO - [2024-12-19T23:43:25.607+0000] {dagbag.py:588} INFO - Filling up the DagBag from /opt/airflow/dags/fintech_dag.py
[2024-12-19T23:43:27.230+0000] {processor.py:925} INFO - DAG(s) 'fintech_pipeline' retrieved from /opt/airflow/dags/fintech_dag.py
[2024-12-19T23:43:27.374+0000] {logging_mixin.py:190} INFO - [2024-12-19T23:43:27.374+0000] {dag.py:3239} INFO - Sync 1 DAGs
[2024-12-19T23:43:27.400+0000] {logging_mixin.py:190} INFO - [2024-12-19T23:43:27.400+0000] {dag.py:4180} INFO - Setting next_dagrun for fintech_pipeline to None, run_after=None
[2024-12-19T23:43:27.424+0000] {processor.py:208} INFO - Processing /opt/airflow/dags/fintech_dag.py took 1.834 seconds
[2024-12-19T23:43:57.696+0000] {processor.py:186} INFO - Started process (PID=196) to work on /opt/airflow/dags/fintech_dag.py
[2024-12-19T23:43:57.697+0000] {processor.py:914} INFO - Processing file /opt/airflow/dags/fintech_dag.py for tasks to queue
[2024-12-19T23:43:57.700+0000] {logging_mixin.py:190} INFO - [2024-12-19T23:43:57.700+0000] {dagbag.py:588} INFO - Filling up the DagBag from /opt/airflow/dags/fintech_dag.py
[2024-12-19T23:43:59.008+0000] {processor.py:925} INFO - DAG(s) 'fintech_pipeline' retrieved from /opt/airflow/dags/fintech_dag.py
[2024-12-19T23:43:59.129+0000] {logging_mixin.py:190} INFO - [2024-12-19T23:43:59.128+0000] {dag.py:3239} INFO - Sync 1 DAGs
[2024-12-19T23:43:59.151+0000] {logging_mixin.py:190} INFO - [2024-12-19T23:43:59.150+0000] {dag.py:4180} INFO - Setting next_dagrun for fintech_pipeline to None, run_after=None
[2024-12-19T23:43:59.173+0000] {processor.py:208} INFO - Processing /opt/airflow/dags/fintech_dag.py took 1.484 seconds
[2024-12-19T23:44:29.249+0000] {processor.py:186} INFO - Started process (PID=215) to work on /opt/airflow/dags/fintech_dag.py
[2024-12-19T23:44:29.250+0000] {processor.py:914} INFO - Processing file /opt/airflow/dags/fintech_dag.py for tasks to queue
[2024-12-19T23:44:29.253+0000] {logging_mixin.py:190} INFO - [2024-12-19T23:44:29.252+0000] {dagbag.py:588} INFO - Filling up the DagBag from /opt/airflow/dags/fintech_dag.py
[2024-12-19T23:44:30.544+0000] {processor.py:925} INFO - DAG(s) 'fintech_pipeline' retrieved from /opt/airflow/dags/fintech_dag.py
[2024-12-19T23:44:30.576+0000] {logging_mixin.py:190} INFO - [2024-12-19T23:44:30.575+0000] {dag.py:3239} INFO - Sync 1 DAGs
[2024-12-19T23:44:30.601+0000] {logging_mixin.py:190} INFO - [2024-12-19T23:44:30.600+0000] {dag.py:4180} INFO - Setting next_dagrun for fintech_pipeline to None, run_after=None
[2024-12-19T23:44:30.634+0000] {processor.py:208} INFO - Processing /opt/airflow/dags/fintech_dag.py took 1.392 seconds
[2024-12-19T23:45:00.902+0000] {processor.py:186} INFO - Started process (PID=234) to work on /opt/airflow/dags/fintech_dag.py
[2024-12-19T23:45:00.903+0000] {processor.py:914} INFO - Processing file /opt/airflow/dags/fintech_dag.py for tasks to queue
[2024-12-19T23:45:00.909+0000] {logging_mixin.py:190} INFO - [2024-12-19T23:45:00.908+0000] {dagbag.py:588} INFO - Filling up the DagBag from /opt/airflow/dags/fintech_dag.py
[2024-12-19T23:45:02.725+0000] {processor.py:925} INFO - DAG(s) 'fintech_pipeline' retrieved from /opt/airflow/dags/fintech_dag.py
[2024-12-19T23:45:02.750+0000] {logging_mixin.py:190} INFO - [2024-12-19T23:45:02.750+0000] {dag.py:3239} INFO - Sync 1 DAGs
[2024-12-19T23:45:02.773+0000] {logging_mixin.py:190} INFO - [2024-12-19T23:45:02.772+0000] {dag.py:4180} INFO - Setting next_dagrun for fintech_pipeline to None, run_after=None
[2024-12-19T23:45:02.799+0000] {processor.py:208} INFO - Processing /opt/airflow/dags/fintech_dag.py took 1.906 seconds
[2024-12-19T23:46:56.855+0000] {processor.py:186} INFO - Started process (PID=74) to work on /opt/airflow/dags/fintech_dag.py
[2024-12-19T23:46:56.856+0000] {processor.py:914} INFO - Processing file /opt/airflow/dags/fintech_dag.py for tasks to queue
[2024-12-19T23:46:56.859+0000] {logging_mixin.py:190} INFO - [2024-12-19T23:46:56.858+0000] {dagbag.py:588} INFO - Filling up the DagBag from /opt/airflow/dags/fintech_dag.py
[2024-12-19T23:47:00.346+0000] {logging_mixin.py:190} WARNING - /opt/airflow/dags/functions.py:130 SyntaxWarning: invalid escape sequence '\d'
[2024-12-19T23:47:00.352+0000] {processor.py:925} INFO - DAG(s) 'fintech_pipeline' retrieved from /opt/airflow/dags/fintech_dag.py
[2024-12-19T23:47:00.403+0000] {logging_mixin.py:190} INFO - [2024-12-19T23:47:00.403+0000] {dag.py:3239} INFO - Sync 1 DAGs
[2024-12-19T23:47:00.431+0000] {logging_mixin.py:190} INFO - [2024-12-19T23:47:00.430+0000] {dag.py:4180} INFO - Setting next_dagrun for fintech_pipeline to None, run_after=None
[2024-12-19T23:47:00.456+0000] {processor.py:208} INFO - Processing /opt/airflow/dags/fintech_dag.py took 3.609 seconds
[2024-12-19T23:47:30.926+0000] {processor.py:186} INFO - Started process (PID=93) to work on /opt/airflow/dags/fintech_dag.py
[2024-12-19T23:47:30.927+0000] {processor.py:914} INFO - Processing file /opt/airflow/dags/fintech_dag.py for tasks to queue
[2024-12-19T23:47:30.930+0000] {logging_mixin.py:190} INFO - [2024-12-19T23:47:30.930+0000] {dagbag.py:588} INFO - Filling up the DagBag from /opt/airflow/dags/fintech_dag.py
[2024-12-19T23:47:32.303+0000] {processor.py:925} INFO - DAG(s) 'fintech_pipeline' retrieved from /opt/airflow/dags/fintech_dag.py
[2024-12-19T23:47:32.332+0000] {logging_mixin.py:190} INFO - [2024-12-19T23:47:32.331+0000] {dag.py:3239} INFO - Sync 1 DAGs
[2024-12-19T23:47:32.358+0000] {logging_mixin.py:190} INFO - [2024-12-19T23:47:32.358+0000] {dag.py:4180} INFO - Setting next_dagrun for fintech_pipeline to None, run_after=None
[2024-12-19T23:47:32.381+0000] {processor.py:208} INFO - Processing /opt/airflow/dags/fintech_dag.py took 1.463 seconds
[2024-12-19T23:48:02.635+0000] {processor.py:186} INFO - Started process (PID=112) to work on /opt/airflow/dags/fintech_dag.py
[2024-12-19T23:48:02.637+0000] {processor.py:914} INFO - Processing file /opt/airflow/dags/fintech_dag.py for tasks to queue
[2024-12-19T23:48:02.639+0000] {logging_mixin.py:190} INFO - [2024-12-19T23:48:02.639+0000] {dagbag.py:588} INFO - Filling up the DagBag from /opt/airflow/dags/fintech_dag.py
[2024-12-19T23:48:03.757+0000] {processor.py:925} INFO - DAG(s) 'fintech_pipeline' retrieved from /opt/airflow/dags/fintech_dag.py
[2024-12-19T23:48:03.776+0000] {logging_mixin.py:190} INFO - [2024-12-19T23:48:03.776+0000] {dag.py:3239} INFO - Sync 1 DAGs
[2024-12-19T23:48:03.793+0000] {logging_mixin.py:190} INFO - [2024-12-19T23:48:03.793+0000] {dag.py:4180} INFO - Setting next_dagrun for fintech_pipeline to None, run_after=None
[2024-12-19T23:48:03.812+0000] {processor.py:208} INFO - Processing /opt/airflow/dags/fintech_dag.py took 1.182 seconds
[2024-12-19T23:48:34.100+0000] {processor.py:186} INFO - Started process (PID=135) to work on /opt/airflow/dags/fintech_dag.py
[2024-12-19T23:48:34.101+0000] {processor.py:914} INFO - Processing file /opt/airflow/dags/fintech_dag.py for tasks to queue
[2024-12-19T23:48:34.104+0000] {logging_mixin.py:190} INFO - [2024-12-19T23:48:34.103+0000] {dagbag.py:588} INFO - Filling up the DagBag from /opt/airflow/dags/fintech_dag.py
[2024-12-19T23:48:35.155+0000] {processor.py:925} INFO - DAG(s) 'fintech_pipeline' retrieved from /opt/airflow/dags/fintech_dag.py
[2024-12-19T23:48:35.175+0000] {logging_mixin.py:190} INFO - [2024-12-19T23:48:35.174+0000] {dag.py:3239} INFO - Sync 1 DAGs
[2024-12-19T23:48:35.192+0000] {logging_mixin.py:190} INFO - [2024-12-19T23:48:35.192+0000] {dag.py:4180} INFO - Setting next_dagrun for fintech_pipeline to None, run_after=None
[2024-12-19T23:48:35.308+0000] {processor.py:208} INFO - Processing /opt/airflow/dags/fintech_dag.py took 1.215 seconds
[2024-12-19T23:48:57.297+0000] {processor.py:186} INFO - Started process (PID=154) to work on /opt/airflow/dags/fintech_dag.py
[2024-12-19T23:48:57.299+0000] {processor.py:914} INFO - Processing file /opt/airflow/dags/fintech_dag.py for tasks to queue
[2024-12-19T23:48:57.303+0000] {logging_mixin.py:190} INFO - [2024-12-19T23:48:57.302+0000] {dagbag.py:588} INFO - Filling up the DagBag from /opt/airflow/dags/fintech_dag.py
[2024-12-19T23:48:58.671+0000] {processor.py:925} INFO - DAG(s) 'fintech_pipeline' retrieved from /opt/airflow/dags/fintech_dag.py
[2024-12-19T23:48:58.704+0000] {logging_mixin.py:190} INFO - [2024-12-19T23:48:58.703+0000] {dag.py:3239} INFO - Sync 1 DAGs
[2024-12-19T23:48:58.846+0000] {logging_mixin.py:190} INFO - [2024-12-19T23:48:58.846+0000] {dag.py:4180} INFO - Setting next_dagrun for fintech_pipeline to None, run_after=None
[2024-12-19T23:48:58.868+0000] {processor.py:208} INFO - Processing /opt/airflow/dags/fintech_dag.py took 1.584 seconds
[2024-12-19T23:49:29.118+0000] {processor.py:186} INFO - Started process (PID=173) to work on /opt/airflow/dags/fintech_dag.py
[2024-12-19T23:49:29.119+0000] {processor.py:914} INFO - Processing file /opt/airflow/dags/fintech_dag.py for tasks to queue
[2024-12-19T23:49:29.122+0000] {logging_mixin.py:190} INFO - [2024-12-19T23:49:29.122+0000] {dagbag.py:588} INFO - Filling up the DagBag from /opt/airflow/dags/fintech_dag.py
[2024-12-19T23:49:30.226+0000] {processor.py:925} INFO - DAG(s) 'fintech_pipeline' retrieved from /opt/airflow/dags/fintech_dag.py
[2024-12-19T23:49:30.247+0000] {logging_mixin.py:190} INFO - [2024-12-19T23:49:30.247+0000] {dag.py:3239} INFO - Sync 1 DAGs
[2024-12-19T23:49:30.366+0000] {logging_mixin.py:190} INFO - [2024-12-19T23:49:30.366+0000] {dag.py:4180} INFO - Setting next_dagrun for fintech_pipeline to None, run_after=None
[2024-12-19T23:49:30.384+0000] {processor.py:208} INFO - Processing /opt/airflow/dags/fintech_dag.py took 1.271 seconds
[2024-12-19T23:50:00.640+0000] {processor.py:186} INFO - Started process (PID=192) to work on /opt/airflow/dags/fintech_dag.py
[2024-12-19T23:50:00.641+0000] {processor.py:914} INFO - Processing file /opt/airflow/dags/fintech_dag.py for tasks to queue
[2024-12-19T23:50:00.644+0000] {logging_mixin.py:190} INFO - [2024-12-19T23:50:00.643+0000] {dagbag.py:588} INFO - Filling up the DagBag from /opt/airflow/dags/fintech_dag.py
[2024-12-19T23:50:01.894+0000] {processor.py:925} INFO - DAG(s) 'fintech_pipeline' retrieved from /opt/airflow/dags/fintech_dag.py
[2024-12-19T23:50:02.007+0000] {logging_mixin.py:190} INFO - [2024-12-19T23:50:02.007+0000] {dag.py:3239} INFO - Sync 1 DAGs
[2024-12-19T23:50:02.026+0000] {logging_mixin.py:190} INFO - [2024-12-19T23:50:02.026+0000] {dag.py:4180} INFO - Setting next_dagrun for fintech_pipeline to None, run_after=None
[2024-12-19T23:50:02.044+0000] {processor.py:208} INFO - Processing /opt/airflow/dags/fintech_dag.py took 1.412 seconds
[2024-12-19T23:50:32.319+0000] {processor.py:186} INFO - Started process (PID=211) to work on /opt/airflow/dags/fintech_dag.py
[2024-12-19T23:50:32.320+0000] {processor.py:914} INFO - Processing file /opt/airflow/dags/fintech_dag.py for tasks to queue
[2024-12-19T23:50:32.323+0000] {logging_mixin.py:190} INFO - [2024-12-19T23:50:32.323+0000] {dagbag.py:588} INFO - Filling up the DagBag from /opt/airflow/dags/fintech_dag.py
[2024-12-19T23:50:33.533+0000] {processor.py:925} INFO - DAG(s) 'fintech_pipeline' retrieved from /opt/airflow/dags/fintech_dag.py
[2024-12-19T23:50:33.677+0000] {logging_mixin.py:190} INFO - [2024-12-19T23:50:33.676+0000] {dag.py:3239} INFO - Sync 1 DAGs
[2024-12-19T23:50:33.703+0000] {logging_mixin.py:190} INFO - [2024-12-19T23:50:33.703+0000] {dag.py:4180} INFO - Setting next_dagrun for fintech_pipeline to None, run_after=None
[2024-12-19T23:50:33.731+0000] {processor.py:208} INFO - Processing /opt/airflow/dags/fintech_dag.py took 1.419 seconds
[2024-12-19T23:52:32.006+0000] {processor.py:186} INFO - Started process (PID=56) to work on /opt/airflow/dags/fintech_dag.py
[2024-12-19T23:52:32.007+0000] {processor.py:914} INFO - Processing file /opt/airflow/dags/fintech_dag.py for tasks to queue
[2024-12-19T23:52:32.009+0000] {logging_mixin.py:190} INFO - [2024-12-19T23:52:32.009+0000] {dagbag.py:588} INFO - Filling up the DagBag from /opt/airflow/dags/fintech_dag.py
[2024-12-19T23:52:34.505+0000] {processor.py:925} INFO - DAG(s) 'fintech_pipeline' retrieved from /opt/airflow/dags/fintech_dag.py
[2024-12-19T23:52:34.725+0000] {logging_mixin.py:190} INFO - [2024-12-19T23:52:34.725+0000] {dag.py:3239} INFO - Sync 1 DAGs
[2024-12-19T23:52:34.745+0000] {logging_mixin.py:190} INFO - [2024-12-19T23:52:34.745+0000] {dag.py:4180} INFO - Setting next_dagrun for fintech_pipeline to None, run_after=None
[2024-12-19T23:52:34.769+0000] {processor.py:208} INFO - Processing /opt/airflow/dags/fintech_dag.py took 2.768 seconds
[2024-12-19T23:53:05.028+0000] {processor.py:186} INFO - Started process (PID=81) to work on /opt/airflow/dags/fintech_dag.py
[2024-12-19T23:53:05.029+0000] {processor.py:914} INFO - Processing file /opt/airflow/dags/fintech_dag.py for tasks to queue
[2024-12-19T23:53:05.031+0000] {logging_mixin.py:190} INFO - [2024-12-19T23:53:05.031+0000] {dagbag.py:588} INFO - Filling up the DagBag from /opt/airflow/dags/fintech_dag.py
[2024-12-19T23:53:06.037+0000] {processor.py:925} INFO - DAG(s) 'fintech_pipeline' retrieved from /opt/airflow/dags/fintech_dag.py
[2024-12-19T23:53:06.058+0000] {logging_mixin.py:190} INFO - [2024-12-19T23:53:06.058+0000] {dag.py:3239} INFO - Sync 1 DAGs
[2024-12-19T23:53:06.157+0000] {logging_mixin.py:190} INFO - [2024-12-19T23:53:06.157+0000] {dag.py:4180} INFO - Setting next_dagrun for fintech_pipeline to None, run_after=None
[2024-12-19T23:53:06.182+0000] {processor.py:208} INFO - Processing /opt/airflow/dags/fintech_dag.py took 1.163 seconds
[2024-12-19T23:53:26.177+0000] {processor.py:186} INFO - Started process (PID=94) to work on /opt/airflow/dags/fintech_dag.py
[2024-12-19T23:53:26.178+0000] {processor.py:914} INFO - Processing file /opt/airflow/dags/fintech_dag.py for tasks to queue
[2024-12-19T23:53:26.181+0000] {logging_mixin.py:190} INFO - [2024-12-19T23:53:26.181+0000] {dagbag.py:588} INFO - Filling up the DagBag from /opt/airflow/dags/fintech_dag.py
[2024-12-19T23:53:27.373+0000] {processor.py:925} INFO - DAG(s) 'fintech_pipeline' retrieved from /opt/airflow/dags/fintech_dag.py
[2024-12-19T23:53:27.487+0000] {logging_mixin.py:190} INFO - [2024-12-19T23:53:27.487+0000] {dag.py:3239} INFO - Sync 1 DAGs
[2024-12-19T23:53:27.508+0000] {logging_mixin.py:190} INFO - [2024-12-19T23:53:27.508+0000] {dag.py:4180} INFO - Setting next_dagrun for fintech_pipeline to None, run_after=None
[2024-12-19T23:53:27.529+0000] {processor.py:208} INFO - Processing /opt/airflow/dags/fintech_dag.py took 1.358 seconds
[2024-12-19T23:53:57.772+0000] {processor.py:186} INFO - Started process (PID=113) to work on /opt/airflow/dags/fintech_dag.py
[2024-12-19T23:53:57.773+0000] {processor.py:914} INFO - Processing file /opt/airflow/dags/fintech_dag.py for tasks to queue
[2024-12-19T23:53:57.776+0000] {logging_mixin.py:190} INFO - [2024-12-19T23:53:57.776+0000] {dagbag.py:588} INFO - Filling up the DagBag from /opt/airflow/dags/fintech_dag.py
[2024-12-19T23:53:58.931+0000] {processor.py:925} INFO - DAG(s) 'fintech_pipeline' retrieved from /opt/airflow/dags/fintech_dag.py
[2024-12-19T23:53:59.039+0000] {logging_mixin.py:190} INFO - [2024-12-19T23:53:59.038+0000] {dag.py:3239} INFO - Sync 1 DAGs
[2024-12-19T23:53:59.057+0000] {logging_mixin.py:190} INFO - [2024-12-19T23:53:59.057+0000] {dag.py:4180} INFO - Setting next_dagrun for fintech_pipeline to None, run_after=None
[2024-12-19T23:53:59.075+0000] {processor.py:208} INFO - Processing /opt/airflow/dags/fintech_dag.py took 1.309 seconds
[2024-12-19T23:54:29.315+0000] {processor.py:186} INFO - Started process (PID=132) to work on /opt/airflow/dags/fintech_dag.py
[2024-12-19T23:54:29.316+0000] {processor.py:914} INFO - Processing file /opt/airflow/dags/fintech_dag.py for tasks to queue
[2024-12-19T23:54:29.318+0000] {logging_mixin.py:190} INFO - [2024-12-19T23:54:29.318+0000] {dagbag.py:588} INFO - Filling up the DagBag from /opt/airflow/dags/fintech_dag.py
[2024-12-19T23:54:30.426+0000] {processor.py:925} INFO - DAG(s) 'fintech_pipeline' retrieved from /opt/airflow/dags/fintech_dag.py
[2024-12-19T23:54:30.445+0000] {logging_mixin.py:190} INFO - [2024-12-19T23:54:30.445+0000] {dag.py:3239} INFO - Sync 1 DAGs
[2024-12-19T23:54:30.460+0000] {logging_mixin.py:190} INFO - [2024-12-19T23:54:30.460+0000] {dag.py:4180} INFO - Setting next_dagrun for fintech_pipeline to None, run_after=None
[2024-12-19T23:54:30.486+0000] {processor.py:208} INFO - Processing /opt/airflow/dags/fintech_dag.py took 1.176 seconds
[2024-12-19T23:55:00.713+0000] {processor.py:186} INFO - Started process (PID=151) to work on /opt/airflow/dags/fintech_dag.py
[2024-12-19T23:55:00.714+0000] {processor.py:914} INFO - Processing file /opt/airflow/dags/fintech_dag.py for tasks to queue
[2024-12-19T23:55:00.716+0000] {logging_mixin.py:190} INFO - [2024-12-19T23:55:00.715+0000] {dagbag.py:588} INFO - Filling up the DagBag from /opt/airflow/dags/fintech_dag.py
[2024-12-19T23:55:01.857+0000] {processor.py:925} INFO - DAG(s) 'fintech_pipeline' retrieved from /opt/airflow/dags/fintech_dag.py
[2024-12-19T23:55:01.877+0000] {logging_mixin.py:190} INFO - [2024-12-19T23:55:01.876+0000] {dag.py:3239} INFO - Sync 1 DAGs
[2024-12-19T23:55:01.895+0000] {logging_mixin.py:190} INFO - [2024-12-19T23:55:01.895+0000] {dag.py:4180} INFO - Setting next_dagrun for fintech_pipeline to None, run_after=None
[2024-12-19T23:55:01.921+0000] {processor.py:208} INFO - Processing /opt/airflow/dags/fintech_dag.py took 1.214 seconds
[2024-12-19T23:55:32.157+0000] {processor.py:186} INFO - Started process (PID=170) to work on /opt/airflow/dags/fintech_dag.py
[2024-12-19T23:55:32.159+0000] {processor.py:914} INFO - Processing file /opt/airflow/dags/fintech_dag.py for tasks to queue
[2024-12-19T23:55:32.161+0000] {logging_mixin.py:190} INFO - [2024-12-19T23:55:32.161+0000] {dagbag.py:588} INFO - Filling up the DagBag from /opt/airflow/dags/fintech_dag.py
[2024-12-19T23:55:33.257+0000] {processor.py:925} INFO - DAG(s) 'fintech_pipeline' retrieved from /opt/airflow/dags/fintech_dag.py
[2024-12-19T23:55:33.281+0000] {logging_mixin.py:190} INFO - [2024-12-19T23:55:33.280+0000] {dag.py:3239} INFO - Sync 1 DAGs
[2024-12-19T23:55:33.301+0000] {logging_mixin.py:190} INFO - [2024-12-19T23:55:33.301+0000] {dag.py:4180} INFO - Setting next_dagrun for fintech_pipeline to None, run_after=None
[2024-12-19T23:55:33.328+0000] {processor.py:208} INFO - Processing /opt/airflow/dags/fintech_dag.py took 1.177 seconds
[2024-12-19T23:56:03.390+0000] {processor.py:186} INFO - Started process (PID=189) to work on /opt/airflow/dags/fintech_dag.py
[2024-12-19T23:56:03.391+0000] {processor.py:914} INFO - Processing file /opt/airflow/dags/fintech_dag.py for tasks to queue
[2024-12-19T23:56:03.393+0000] {logging_mixin.py:190} INFO - [2024-12-19T23:56:03.393+0000] {dagbag.py:588} INFO - Filling up the DagBag from /opt/airflow/dags/fintech_dag.py
[2024-12-19T23:56:04.756+0000] {processor.py:925} INFO - DAG(s) 'fintech_pipeline' retrieved from /opt/airflow/dags/fintech_dag.py
[2024-12-19T23:56:04.866+0000] {logging_mixin.py:190} INFO - [2024-12-19T23:56:04.865+0000] {dag.py:3239} INFO - Sync 1 DAGs
[2024-12-19T23:56:04.885+0000] {logging_mixin.py:190} INFO - [2024-12-19T23:56:04.885+0000] {dag.py:4180} INFO - Setting next_dagrun for fintech_pipeline to None, run_after=None
[2024-12-19T23:56:04.904+0000] {processor.py:208} INFO - Processing /opt/airflow/dags/fintech_dag.py took 1.521 seconds
[2024-12-19T23:56:35.156+0000] {processor.py:186} INFO - Started process (PID=214) to work on /opt/airflow/dags/fintech_dag.py
[2024-12-19T23:56:35.157+0000] {processor.py:914} INFO - Processing file /opt/airflow/dags/fintech_dag.py for tasks to queue
[2024-12-19T23:56:35.161+0000] {logging_mixin.py:190} INFO - [2024-12-19T23:56:35.160+0000] {dagbag.py:588} INFO - Filling up the DagBag from /opt/airflow/dags/fintech_dag.py
[2024-12-19T23:56:36.410+0000] {processor.py:925} INFO - DAG(s) 'fintech_pipeline' retrieved from /opt/airflow/dags/fintech_dag.py
[2024-12-19T23:56:36.433+0000] {logging_mixin.py:190} INFO - [2024-12-19T23:56:36.433+0000] {dag.py:3239} INFO - Sync 1 DAGs
[2024-12-19T23:56:36.452+0000] {logging_mixin.py:190} INFO - [2024-12-19T23:56:36.452+0000] {dag.py:4180} INFO - Setting next_dagrun for fintech_pipeline to None, run_after=None
[2024-12-19T23:56:36.472+0000] {processor.py:208} INFO - Processing /opt/airflow/dags/fintech_dag.py took 1.324 seconds
[2024-12-19T23:57:06.709+0000] {processor.py:186} INFO - Started process (PID=233) to work on /opt/airflow/dags/fintech_dag.py
[2024-12-19T23:57:06.710+0000] {processor.py:914} INFO - Processing file /opt/airflow/dags/fintech_dag.py for tasks to queue
[2024-12-19T23:57:06.713+0000] {logging_mixin.py:190} INFO - [2024-12-19T23:57:06.712+0000] {dagbag.py:588} INFO - Filling up the DagBag from /opt/airflow/dags/fintech_dag.py
[2024-12-19T23:57:07.993+0000] {processor.py:925} INFO - DAG(s) 'fintech_pipeline' retrieved from /opt/airflow/dags/fintech_dag.py
[2024-12-19T23:57:08.016+0000] {logging_mixin.py:190} INFO - [2024-12-19T23:57:08.015+0000] {dag.py:3239} INFO - Sync 1 DAGs
[2024-12-19T23:57:08.036+0000] {logging_mixin.py:190} INFO - [2024-12-19T23:57:08.035+0000] {dag.py:4180} INFO - Setting next_dagrun for fintech_pipeline to None, run_after=None
[2024-12-19T23:57:08.055+0000] {processor.py:208} INFO - Processing /opt/airflow/dags/fintech_dag.py took 1.353 seconds
[2024-12-19T23:57:38.479+0000] {processor.py:186} INFO - Started process (PID=252) to work on /opt/airflow/dags/fintech_dag.py
[2024-12-19T23:57:38.480+0000] {processor.py:914} INFO - Processing file /opt/airflow/dags/fintech_dag.py for tasks to queue
[2024-12-19T23:57:38.483+0000] {logging_mixin.py:190} INFO - [2024-12-19T23:57:38.482+0000] {dagbag.py:588} INFO - Filling up the DagBag from /opt/airflow/dags/fintech_dag.py
[2024-12-19T23:57:39.754+0000] {processor.py:925} INFO - DAG(s) 'fintech_pipeline' retrieved from /opt/airflow/dags/fintech_dag.py
[2024-12-19T23:57:39.776+0000] {logging_mixin.py:190} INFO - [2024-12-19T23:57:39.775+0000] {dag.py:3239} INFO - Sync 1 DAGs
[2024-12-19T23:57:39.795+0000] {logging_mixin.py:190} INFO - [2024-12-19T23:57:39.795+0000] {dag.py:4180} INFO - Setting next_dagrun for fintech_pipeline to None, run_after=None
[2024-12-19T23:57:39.824+0000] {processor.py:208} INFO - Processing /opt/airflow/dags/fintech_dag.py took 1.352 seconds
[2024-12-19T23:58:10.082+0000] {processor.py:186} INFO - Started process (PID=271) to work on /opt/airflow/dags/fintech_dag.py
[2024-12-19T23:58:10.083+0000] {processor.py:914} INFO - Processing file /opt/airflow/dags/fintech_dag.py for tasks to queue
[2024-12-19T23:58:10.087+0000] {logging_mixin.py:190} INFO - [2024-12-19T23:58:10.086+0000] {dagbag.py:588} INFO - Filling up the DagBag from /opt/airflow/dags/fintech_dag.py
[2024-12-19T23:58:11.367+0000] {processor.py:925} INFO - DAG(s) 'fintech_pipeline' retrieved from /opt/airflow/dags/fintech_dag.py
[2024-12-19T23:58:11.401+0000] {logging_mixin.py:190} INFO - [2024-12-19T23:58:11.400+0000] {dag.py:3239} INFO - Sync 1 DAGs
[2024-12-19T23:58:11.432+0000] {logging_mixin.py:190} INFO - [2024-12-19T23:58:11.432+0000] {dag.py:4180} INFO - Setting next_dagrun for fintech_pipeline to None, run_after=None
[2024-12-19T23:58:11.453+0000] {processor.py:208} INFO - Processing /opt/airflow/dags/fintech_dag.py took 1.378 seconds
[2024-12-19T23:58:41.747+0000] {processor.py:186} INFO - Started process (PID=290) to work on /opt/airflow/dags/fintech_dag.py
[2024-12-19T23:58:41.749+0000] {processor.py:914} INFO - Processing file /opt/airflow/dags/fintech_dag.py for tasks to queue
[2024-12-19T23:58:41.753+0000] {logging_mixin.py:190} INFO - [2024-12-19T23:58:41.752+0000] {dagbag.py:588} INFO - Filling up the DagBag from /opt/airflow/dags/fintech_dag.py
[2024-12-19T23:58:43.462+0000] {processor.py:925} INFO - DAG(s) 'fintech_pipeline' retrieved from /opt/airflow/dags/fintech_dag.py
[2024-12-19T23:58:43.499+0000] {logging_mixin.py:190} INFO - [2024-12-19T23:58:43.498+0000] {dag.py:3239} INFO - Sync 1 DAGs
[2024-12-19T23:58:43.531+0000] {logging_mixin.py:190} INFO - [2024-12-19T23:58:43.530+0000] {dag.py:4180} INFO - Setting next_dagrun for fintech_pipeline to None, run_after=None
[2024-12-19T23:58:43.558+0000] {processor.py:208} INFO - Processing /opt/airflow/dags/fintech_dag.py took 1.820 seconds
[2024-12-19T23:59:13.818+0000] {processor.py:186} INFO - Started process (PID=309) to work on /opt/airflow/dags/fintech_dag.py
[2024-12-19T23:59:13.819+0000] {processor.py:914} INFO - Processing file /opt/airflow/dags/fintech_dag.py for tasks to queue
[2024-12-19T23:59:13.822+0000] {logging_mixin.py:190} INFO - [2024-12-19T23:59:13.822+0000] {dagbag.py:588} INFO - Filling up the DagBag from /opt/airflow/dags/fintech_dag.py
[2024-12-19T23:59:15.305+0000] {processor.py:925} INFO - DAG(s) 'fintech_pipeline' retrieved from /opt/airflow/dags/fintech_dag.py
[2024-12-19T23:59:15.330+0000] {logging_mixin.py:190} INFO - [2024-12-19T23:59:15.330+0000] {dag.py:3239} INFO - Sync 1 DAGs
[2024-12-19T23:59:15.353+0000] {logging_mixin.py:190} INFO - [2024-12-19T23:59:15.352+0000] {dag.py:4180} INFO - Setting next_dagrun for fintech_pipeline to None, run_after=None
[2024-12-19T23:59:15.377+0000] {processor.py:208} INFO - Processing /opt/airflow/dags/fintech_dag.py took 1.568 seconds
[2024-12-19T23:59:45.639+0000] {processor.py:186} INFO - Started process (PID=328) to work on /opt/airflow/dags/fintech_dag.py
[2024-12-19T23:59:45.640+0000] {processor.py:914} INFO - Processing file /opt/airflow/dags/fintech_dag.py for tasks to queue
[2024-12-19T23:59:45.643+0000] {logging_mixin.py:190} INFO - [2024-12-19T23:59:45.643+0000] {dagbag.py:588} INFO - Filling up the DagBag from /opt/airflow/dags/fintech_dag.py
[2024-12-19T23:59:46.917+0000] {processor.py:925} INFO - DAG(s) 'fintech_pipeline' retrieved from /opt/airflow/dags/fintech_dag.py
[2024-12-19T23:59:46.941+0000] {logging_mixin.py:190} INFO - [2024-12-19T23:59:46.940+0000] {dag.py:3239} INFO - Sync 1 DAGs
[2024-12-19T23:59:46.962+0000] {logging_mixin.py:190} INFO - [2024-12-19T23:59:46.962+0000] {dag.py:4180} INFO - Setting next_dagrun for fintech_pipeline to None, run_after=None
[2024-12-19T23:59:46.986+0000] {processor.py:208} INFO - Processing /opt/airflow/dags/fintech_dag.py took 1.355 seconds
