[2024-12-20T00:35:48.805+0000] {local_task_job_runner.py:123} INFO - ::group::Pre task execution logs
[2024-12-20T00:35:48.826+0000] {taskinstance.py:2613} INFO - Dependencies all met for dep_context=non-requeueable deps ti=<TaskInstance: fintech_pipeline.transform manual__2024-12-20T00:29:09.207842+00:00 [queued]>
[2024-12-20T00:35:48.837+0000] {taskinstance.py:2613} INFO - Dependencies all met for dep_context=requeueable deps ti=<TaskInstance: fintech_pipeline.transform manual__2024-12-20T00:29:09.207842+00:00 [queued]>
[2024-12-20T00:35:48.838+0000] {taskinstance.py:2866} INFO - Starting attempt 2 of 3
[2024-12-20T00:35:48.858+0000] {taskinstance.py:2889} INFO - Executing <Task(PythonOperator): transform> on 2024-12-20 00:29:09.207842+00:00
[2024-12-20T00:35:48.867+0000] {warnings.py:112} WARNING - /home/***/.local/lib/python3.12/site-packages/***/task/task_runner/standard_task_runner.py:70: DeprecationWarning: This process (pid=117) is multi-threaded, use of fork() may lead to deadlocks in the child.
  pid = os.fork()

[2024-12-20T00:35:48.871+0000] {standard_task_runner.py:72} INFO - Started process 130 to run task
[2024-12-20T00:35:48.869+0000] {standard_task_runner.py:104} INFO - Running: ['***', 'tasks', 'run', 'fintech_pipeline', 'transform', 'manual__2024-12-20T00:29:09.207842+00:00', '--job-id', '119', '--raw', '--subdir', 'DAGS_FOLDER/fintech_dag.py', '--cfg-path', '/tmp/tmpvzzm4gvx']
[2024-12-20T00:35:48.872+0000] {standard_task_runner.py:105} INFO - Job 119: Subtask transform
[2024-12-20T00:35:48.934+0000] {task_command.py:467} INFO - Running <TaskInstance: fintech_pipeline.transform manual__2024-12-20T00:29:09.207842+00:00 [running]> on host 7c65acab0dd9
[2024-12-20T00:35:49.046+0000] {taskinstance.py:3132} INFO - Exporting env vars: AIRFLOW_CTX_DAG_OWNER='omar_abdelaty' AIRFLOW_CTX_DAG_ID='fintech_pipeline' AIRFLOW_CTX_TASK_ID='transform' AIRFLOW_CTX_EXECUTION_DATE='2024-12-20T00:29:09.207842+00:00' AIRFLOW_CTX_TRY_NUMBER='2' AIRFLOW_CTX_DAG_RUN_ID='manual__2024-12-20T00:29:09.207842+00:00'
[2024-12-20T00:35:49.048+0000] {taskinstance.py:731} INFO - ::endgroup::
[2024-12-20T00:35:49.064+0000] {logging_mixin.py:190} INFO - Transform Started
[2024-12-20T00:35:49.394+0000] {logging_mixin.py:190} INFO - Dataset loaded successfully!
[2024-12-20T00:35:49.395+0000] {logging_mixin.py:190} INFO - Handling Outliers
[2024-12-20T00:35:49.411+0000] {warnings.py:112} WARNING - /home/***/.local/lib/python3.12/site-packages/pandas/core/arraylike.py:396: RuntimeWarning: overflow encountered in exp
  result = getattr(ufunc, method)(*inputs, **kwargs)

[2024-12-20T00:35:49.949+0000] {logging_mixin.py:190} INFO - Encoding
[2024-12-20T00:35:50.013+0000] {logging_mixin.py:190} INFO - Mapping saved to letter_grade_labels.csv
[2024-12-20T00:35:50.019+0000] {logging_mixin.py:190} INFO - Mapping saved to state_labels.csv
[2024-12-20T00:35:50.025+0000] {logging_mixin.py:190} INFO - Mapping saved to addr_state_labels.csv
[2024-12-20T00:35:50.025+0000] {logging_mixin.py:190} INFO - Normalization
[2024-12-20T00:35:50.028+0000] {logging_mixin.py:190} INFO - Transform Complete
[2024-12-20T00:35:51.098+0000] {logging_mixin.py:190} INFO - Transformed data saved to csv
[2024-12-20T00:35:51.099+0000] {python.py:240} INFO - Done. Returned value was: None
[2024-12-20T00:35:51.111+0000] {taskinstance.py:340} INFO - ::group::Post task execution logs
[2024-12-20T00:35:51.112+0000] {taskinstance.py:352} INFO - Marking task as SUCCESS. dag_id=fintech_pipeline, task_id=transform, run_id=manual__2024-12-20T00:29:09.207842+00:00, execution_date=20241220T002909, start_date=20241220T003548, end_date=20241220T003551
[2024-12-20T00:35:51.176+0000] {local_task_job_runner.py:266} INFO - Task exited with return code 0
[2024-12-20T00:35:51.199+0000] {taskinstance.py:3895} INFO - 1 downstream tasks scheduled from follow-on schedule check
[2024-12-20T00:35:51.202+0000] {local_task_job_runner.py:245} INFO - ::endgroup::
