[2024-12-20T00:29:28.226+0000] {local_task_job_runner.py:123} INFO - ::group::Pre task execution logs
[2024-12-20T00:29:28.248+0000] {taskinstance.py:2613} INFO - Dependencies all met for dep_context=non-requeueable deps ti=<TaskInstance: fintech_pipeline.transform manual__2024-12-20T00:29:09.207842+00:00 [queued]>
[2024-12-20T00:29:28.260+0000] {taskinstance.py:2613} INFO - Dependencies all met for dep_context=requeueable deps ti=<TaskInstance: fintech_pipeline.transform manual__2024-12-20T00:29:09.207842+00:00 [queued]>
[2024-12-20T00:29:28.261+0000] {taskinstance.py:2866} INFO - Starting attempt 1 of 2
[2024-12-20T00:29:28.278+0000] {taskinstance.py:2889} INFO - Executing <Task(PythonOperator): transform> on 2024-12-20 00:29:09.207842+00:00
[2024-12-20T00:29:28.287+0000] {warnings.py:112} WARNING - /home/***/.local/lib/python3.12/site-packages/***/task/task_runner/standard_task_runner.py:70: DeprecationWarning: This process (pid=109) is multi-threaded, use of fork() may lead to deadlocks in the child.
  pid = os.fork()

[2024-12-20T00:29:28.291+0000] {standard_task_runner.py:72} INFO - Started process 135 to run task
[2024-12-20T00:29:28.291+0000] {standard_task_runner.py:104} INFO - Running: ['***', 'tasks', 'run', 'fintech_pipeline', 'transform', 'manual__2024-12-20T00:29:09.207842+00:00', '--job-id', '109', '--raw', '--subdir', 'DAGS_FOLDER/fintech_dag.py', '--cfg-path', '/tmp/tmp1yqkkjq_']
[2024-12-20T00:29:28.294+0000] {standard_task_runner.py:105} INFO - Job 109: Subtask transform
[2024-12-20T00:29:28.355+0000] {task_command.py:467} INFO - Running <TaskInstance: fintech_pipeline.transform manual__2024-12-20T00:29:09.207842+00:00 [running]> on host 9ca251437520
[2024-12-20T00:29:28.454+0000] {taskinstance.py:3132} INFO - Exporting env vars: AIRFLOW_CTX_DAG_OWNER='omar_abdelaty' AIRFLOW_CTX_DAG_ID='fintech_pipeline' AIRFLOW_CTX_TASK_ID='transform' AIRFLOW_CTX_EXECUTION_DATE='2024-12-20T00:29:09.207842+00:00' AIRFLOW_CTX_TRY_NUMBER='1' AIRFLOW_CTX_DAG_RUN_ID='manual__2024-12-20T00:29:09.207842+00:00'
[2024-12-20T00:29:28.455+0000] {taskinstance.py:731} INFO - ::endgroup::
[2024-12-20T00:29:28.473+0000] {logging_mixin.py:190} INFO - Transform Started
[2024-12-20T00:29:28.821+0000] {logging_mixin.py:190} INFO - Dataset loaded successfully!
[2024-12-20T00:29:28.822+0000] {logging_mixin.py:190} INFO - Handling Outliers
[2024-12-20T00:29:28.839+0000] {warnings.py:112} WARNING - /home/***/.local/lib/python3.12/site-packages/pandas/core/arraylike.py:396: RuntimeWarning: overflow encountered in exp
  result = getattr(ufunc, method)(*inputs, **kwargs)

[2024-12-20T00:29:29.535+0000] {logging_mixin.py:190} INFO - Encoding
[2024-12-20T00:29:29.642+0000] {logging_mixin.py:190} INFO - Mapping saved to letter_grade_labels.csv
[2024-12-20T00:29:29.650+0000] {logging_mixin.py:190} INFO - Mapping saved to state_labels.csv
[2024-12-20T00:29:29.658+0000] {logging_mixin.py:190} INFO - Mapping saved to addr_state_labels.csv
[2024-12-20T00:29:29.659+0000] {logging_mixin.py:190} INFO - Normalization
[2024-12-20T00:29:29.662+0000] {logging_mixin.py:190} INFO - Transform Complete
[2024-12-20T00:29:30.795+0000] {logging_mixin.py:190} INFO - Transformed data saved to csv
[2024-12-20T00:29:30.796+0000] {python.py:240} INFO - Done. Returned value was: None
[2024-12-20T00:29:30.809+0000] {taskinstance.py:340} INFO - ::group::Post task execution logs
[2024-12-20T00:29:30.810+0000] {taskinstance.py:352} INFO - Marking task as SUCCESS. dag_id=fintech_pipeline, task_id=transform, run_id=manual__2024-12-20T00:29:09.207842+00:00, execution_date=20241220T002909, start_date=20241220T002928, end_date=20241220T002930
[2024-12-20T00:29:30.837+0000] {local_task_job_runner.py:266} INFO - Task exited with return code 0
[2024-12-20T00:29:30.868+0000] {taskinstance.py:3895} INFO - 1 downstream tasks scheduled from follow-on schedule check
[2024-12-20T00:29:30.874+0000] {local_task_job_runner.py:245} INFO - ::endgroup::
