[2024-12-21T17:42:04.815+0000] {local_task_job_runner.py:123} INFO - ::group::Pre task execution logs
[2024-12-21T17:42:04.851+0000] {taskinstance.py:2613} INFO - Dependencies all met for dep_context=non-requeueable deps ti=<TaskInstance: fintech_pipeline.transform scheduled__2024-12-19T00:00:00+00:00 [queued]>
[2024-12-21T17:42:04.868+0000] {taskinstance.py:2613} INFO - Dependencies all met for dep_context=requeueable deps ti=<TaskInstance: fintech_pipeline.transform scheduled__2024-12-19T00:00:00+00:00 [queued]>
[2024-12-21T17:42:04.870+0000] {taskinstance.py:2866} INFO - Starting attempt 1 of 2
[2024-12-21T17:42:04.915+0000] {taskinstance.py:2889} INFO - Executing <Task(PythonOperator): transform> on 2024-12-19 00:00:00+00:00
[2024-12-21T17:42:04.930+0000] {warnings.py:112} WARNING - /home/***/.local/lib/python3.12/site-packages/***/task/task_runner/standard_task_runner.py:70: DeprecationWarning: This process (pid=117) is multi-threaded, use of fork() may lead to deadlocks in the child.
  pid = os.fork()

[2024-12-21T17:42:04.934+0000] {standard_task_runner.py:72} INFO - Started process 142 to run task
[2024-12-21T17:42:04.932+0000] {standard_task_runner.py:104} INFO - Running: ['***', 'tasks', 'run', 'fintech_pipeline', 'transform', 'scheduled__2024-12-19T00:00:00+00:00', '--job-id', '190', '--raw', '--subdir', 'DAGS_FOLDER/fintech_dag.py', '--cfg-path', '/tmp/tmpw0ikj7kv']
[2024-12-21T17:42:04.938+0000] {standard_task_runner.py:105} INFO - Job 190: Subtask transform
[2024-12-21T17:42:05.042+0000] {task_command.py:467} INFO - Running <TaskInstance: fintech_pipeline.transform scheduled__2024-12-19T00:00:00+00:00 [running]> on host 9253fe7b8eb6
[2024-12-21T17:42:05.265+0000] {taskinstance.py:3132} INFO - Exporting env vars: AIRFLOW_CTX_DAG_OWNER='omar_abdelaty' AIRFLOW_CTX_DAG_ID='fintech_pipeline' AIRFLOW_CTX_TASK_ID='transform' AIRFLOW_CTX_EXECUTION_DATE='2024-12-19T00:00:00+00:00' AIRFLOW_CTX_TRY_NUMBER='1' AIRFLOW_CTX_DAG_RUN_ID='scheduled__2024-12-19T00:00:00+00:00'
[2024-12-21T17:42:05.269+0000] {taskinstance.py:731} INFO - ::endgroup::
[2024-12-21T17:42:05.336+0000] {logging_mixin.py:190} INFO - Transform Started
[2024-12-21T17:42:06.445+0000] {logging_mixin.py:190} INFO - Dataset loaded successfully!
[2024-12-21T17:42:06.447+0000] {logging_mixin.py:190} INFO - Handling Outliers
[2024-12-21T17:42:06.492+0000] {warnings.py:112} WARNING - /home/***/.local/lib/python3.12/site-packages/pandas/core/arraylike.py:396: RuntimeWarning: overflow encountered in exp
  result = getattr(ufunc, method)(*inputs, **kwargs)

[2024-12-21T17:42:07.711+0000] {logging_mixin.py:190} INFO - Encoding
[2024-12-21T17:42:07.819+0000] {logging_mixin.py:190} INFO - Mapping saved to letter_grade_labels.csv
[2024-12-21T17:42:07.827+0000] {logging_mixin.py:190} INFO - Mapping saved to state_labels.csv
[2024-12-21T17:42:07.836+0000] {logging_mixin.py:190} INFO - Mapping saved to addr_state_labels.csv
[2024-12-21T17:42:07.837+0000] {logging_mixin.py:190} INFO - Normalization
[2024-12-21T17:42:07.840+0000] {logging_mixin.py:190} INFO - Transform Complete
[2024-12-21T17:42:11.332+0000] {logging_mixin.py:190} INFO - Transformed data saved to csv
[2024-12-21T17:42:11.337+0000] {python.py:240} INFO - Done. Returned value was: None
[2024-12-21T17:42:11.375+0000] {taskinstance.py:340} INFO - ::group::Post task execution logs
[2024-12-21T17:42:11.377+0000] {taskinstance.py:352} INFO - Marking task as SUCCESS. dag_id=fintech_pipeline, task_id=transform, run_id=scheduled__2024-12-19T00:00:00+00:00, execution_date=20241219T000000, start_date=20241221T174204, end_date=20241221T174211
[2024-12-21T17:42:11.482+0000] {local_task_job_runner.py:266} INFO - Task exited with return code 0
[2024-12-21T17:42:11.574+0000] {taskinstance.py:3895} INFO - 1 downstream tasks scheduled from follow-on schedule check
[2024-12-21T17:42:11.581+0000] {local_task_job_runner.py:245} INFO - ::endgroup::
