[2024-12-20T00:10:24.341+0000] {local_task_job_runner.py:123} INFO - ::group::Pre task execution logs
[2024-12-20T00:10:24.364+0000] {taskinstance.py:2613} INFO - Dependencies all met for dep_context=non-requeueable deps ti=<TaskInstance: fintech_pipeline.transform manual__2024-12-20T00:10:08.113452+00:00 [queued]>
[2024-12-20T00:10:24.374+0000] {taskinstance.py:2613} INFO - Dependencies all met for dep_context=requeueable deps ti=<TaskInstance: fintech_pipeline.transform manual__2024-12-20T00:10:08.113452+00:00 [queued]>
[2024-12-20T00:10:24.376+0000] {taskinstance.py:2866} INFO - Starting attempt 1 of 2
[2024-12-20T00:10:24.393+0000] {taskinstance.py:2889} INFO - Executing <Task(PythonOperator): transform> on 2024-12-20 00:10:08.113452+00:00
[2024-12-20T00:10:24.401+0000] {warnings.py:112} WARNING - /home/***/.local/lib/python3.12/site-packages/***/task/task_runner/standard_task_runner.py:70: DeprecationWarning: This process (pid=94) is multi-threaded, use of fork() may lead to deadlocks in the child.
  pid = os.fork()

[2024-12-20T00:10:24.404+0000] {standard_task_runner.py:72} INFO - Started process 107 to run task
[2024-12-20T00:10:24.403+0000] {standard_task_runner.py:104} INFO - Running: ['***', 'tasks', 'run', 'fintech_pipeline', 'transform', 'manual__2024-12-20T00:10:08.113452+00:00', '--job-id', '75', '--raw', '--subdir', 'DAGS_FOLDER/fintech_dag.py', '--cfg-path', '/tmp/tmp0trxx1ql']
[2024-12-20T00:10:24.407+0000] {standard_task_runner.py:105} INFO - Job 75: Subtask transform
[2024-12-20T00:10:24.479+0000] {task_command.py:467} INFO - Running <TaskInstance: fintech_pipeline.transform manual__2024-12-20T00:10:08.113452+00:00 [running]> on host a0017d37a614
[2024-12-20T00:10:24.580+0000] {taskinstance.py:3132} INFO - Exporting env vars: AIRFLOW_CTX_DAG_OWNER='omar_abdelaty' AIRFLOW_CTX_DAG_ID='fintech_pipeline' AIRFLOW_CTX_TASK_ID='transform' AIRFLOW_CTX_EXECUTION_DATE='2024-12-20T00:10:08.113452+00:00' AIRFLOW_CTX_TRY_NUMBER='1' AIRFLOW_CTX_DAG_RUN_ID='manual__2024-12-20T00:10:08.113452+00:00'
[2024-12-20T00:10:24.582+0000] {taskinstance.py:731} INFO - ::endgroup::
[2024-12-20T00:10:24.600+0000] {logging_mixin.py:190} INFO - Transform Started
[2024-12-20T00:10:24.967+0000] {logging_mixin.py:190} INFO - Dataset loaded successfully!
[2024-12-20T00:10:24.968+0000] {logging_mixin.py:190} INFO - Handling Outliers
[2024-12-20T00:10:24.986+0000] {warnings.py:112} WARNING - /home/***/.local/lib/python3.12/site-packages/pandas/core/arraylike.py:396: RuntimeWarning: overflow encountered in exp
  result = getattr(ufunc, method)(*inputs, **kwargs)

[2024-12-20T00:10:25.583+0000] {logging_mixin.py:190} INFO - Encoding
[2024-12-20T00:10:25.674+0000] {logging_mixin.py:190} INFO - Mapping saved to letter_grade_labels.csv
[2024-12-20T00:10:25.680+0000] {logging_mixin.py:190} INFO - Mapping saved to state_labels.csv
[2024-12-20T00:10:25.687+0000] {logging_mixin.py:190} INFO - Mapping saved to addr_state_labels.csv
[2024-12-20T00:10:25.688+0000] {logging_mixin.py:190} INFO - Normalization
[2024-12-20T00:10:25.690+0000] {logging_mixin.py:190} INFO - Transform Complete
[2024-12-20T00:10:26.890+0000] {logging_mixin.py:190} INFO - Transformed data saved to csv
[2024-12-20T00:10:26.891+0000] {python.py:240} INFO - Done. Returned value was: None
[2024-12-20T00:10:26.905+0000] {taskinstance.py:340} INFO - ::group::Post task execution logs
[2024-12-20T00:10:26.906+0000] {taskinstance.py:352} INFO - Marking task as SUCCESS. dag_id=fintech_pipeline, task_id=transform, run_id=manual__2024-12-20T00:10:08.113452+00:00, execution_date=20241220T001008, start_date=20241220T001024, end_date=20241220T001026
[2024-12-20T00:10:26.950+0000] {local_task_job_runner.py:266} INFO - Task exited with return code 0
[2024-12-20T00:10:26.981+0000] {taskinstance.py:3895} INFO - 1 downstream tasks scheduled from follow-on schedule check
[2024-12-20T00:10:26.985+0000] {local_task_job_runner.py:245} INFO - ::endgroup::
