[2024-12-21T17:35:29.495+0000] {local_task_job_runner.py:123} INFO - ::group::Pre task execution logs
[2024-12-21T17:35:29.528+0000] {taskinstance.py:2613} INFO - Dependencies all met for dep_context=non-requeueable deps ti=<TaskInstance: fintech_pipeline.load_to_db manual__2024-12-21T17:29:40.529539+00:00 [queued]>
[2024-12-21T17:35:29.542+0000] {taskinstance.py:2613} INFO - Dependencies all met for dep_context=requeueable deps ti=<TaskInstance: fintech_pipeline.load_to_db manual__2024-12-21T17:29:40.529539+00:00 [queued]>
[2024-12-21T17:35:29.547+0000] {taskinstance.py:2866} INFO - Starting attempt 2 of 2
[2024-12-21T17:35:29.570+0000] {taskinstance.py:2889} INFO - Executing <Task(PythonOperator): load_to_db> on 2024-12-21 17:29:40.529539+00:00
[2024-12-21T17:35:29.580+0000] {warnings.py:112} WARNING - /home/***/.local/lib/python3.12/site-packages/***/task/task_runner/standard_task_runner.py:70: DeprecationWarning: This process (pid=93) is multi-threaded, use of fork() may lead to deadlocks in the child.
  pid = os.fork()

[2024-12-21T17:35:29.582+0000] {standard_task_runner.py:72} INFO - Started process 106 to run task
[2024-12-21T17:35:29.582+0000] {standard_task_runner.py:104} INFO - Running: ['***', 'tasks', 'run', 'fintech_pipeline', 'load_to_db', 'manual__2024-12-21T17:29:40.529539+00:00', '--job-id', '179', '--raw', '--subdir', 'DAGS_FOLDER/fintech_dag.py', '--cfg-path', '/tmp/tmpzf93tqpn']
[2024-12-21T17:35:29.586+0000] {standard_task_runner.py:105} INFO - Job 179: Subtask load_to_db
[2024-12-21T17:35:29.702+0000] {task_command.py:467} INFO - Running <TaskInstance: fintech_pipeline.load_to_db manual__2024-12-21T17:29:40.529539+00:00 [running]> on host 545fd51e0806
[2024-12-21T17:35:29.967+0000] {taskinstance.py:3132} INFO - Exporting env vars: AIRFLOW_CTX_DAG_OWNER='omar_abdelaty' AIRFLOW_CTX_DAG_ID='fintech_pipeline' AIRFLOW_CTX_TASK_ID='load_to_db' AIRFLOW_CTX_EXECUTION_DATE='2024-12-21T17:29:40.529539+00:00' AIRFLOW_CTX_TRY_NUMBER='2' AIRFLOW_CTX_DAG_RUN_ID='manual__2024-12-21T17:29:40.529539+00:00'
[2024-12-21T17:35:29.972+0000] {taskinstance.py:731} INFO - ::endgroup::
[2024-12-21T17:35:30.024+0000] {logging_mixin.py:190} INFO - Loading to DB
[2024-12-21T17:35:30.647+0000] {logging_mixin.py:190} INFO - Dataset loaded successfully!
[2024-12-21T17:35:31.941+0000] {logging_mixin.py:190} INFO - Connected to Database
[2024-12-21T17:35:31.943+0000] {logging_mixin.py:190} INFO - Writing cleaned dataset to database
[2024-12-21T17:35:45.136+0000] {logging_mixin.py:190} INFO - Done writing to database
[2024-12-21T17:35:45.141+0000] {python.py:240} INFO - Done. Returned value was: None
[2024-12-21T17:35:45.154+0000] {taskinstance.py:340} INFO - ::group::Post task execution logs
[2024-12-21T17:35:45.155+0000] {taskinstance.py:352} INFO - Marking task as SUCCESS. dag_id=fintech_pipeline, task_id=load_to_db, run_id=manual__2024-12-21T17:29:40.529539+00:00, execution_date=20241221T172940, start_date=20241221T173529, end_date=20241221T173545
[2024-12-21T17:35:45.204+0000] {local_task_job_runner.py:266} INFO - Task exited with return code 0
[2024-12-21T17:35:45.247+0000] {taskinstance.py:3895} INFO - 1 downstream tasks scheduled from follow-on schedule check
[2024-12-21T17:35:45.250+0000] {local_task_job_runner.py:245} INFO - ::endgroup::
