[2024-12-21T20:41:11.809+0000] {local_task_job_runner.py:123} INFO - ::group::Pre task execution logs
[2024-12-21T20:41:11.836+0000] {taskinstance.py:2613} INFO - Dependencies all met for dep_context=non-requeueable deps ti=<TaskInstance: fintech_pipeline.load_to_db manual__2024-12-21T20:40:30.205611+00:00 [queued]>
[2024-12-21T20:41:11.850+0000] {taskinstance.py:2613} INFO - Dependencies all met for dep_context=requeueable deps ti=<TaskInstance: fintech_pipeline.load_to_db manual__2024-12-21T20:40:30.205611+00:00 [queued]>
[2024-12-21T20:41:11.851+0000] {taskinstance.py:2866} INFO - Starting attempt 1 of 2
[2024-12-21T20:41:11.873+0000] {taskinstance.py:2889} INFO - Executing <Task(PythonOperator): load_to_db> on 2024-12-21 20:40:30.205611+00:00
[2024-12-21T20:41:11.886+0000] {warnings.py:112} WARNING - /home/***/.local/lib/python3.12/site-packages/***/task/task_runner/standard_task_runner.py:70: DeprecationWarning: This process (pid=1152) is multi-threaded, use of fork() may lead to deadlocks in the child.
  pid = os.fork()

[2024-12-21T20:41:11.891+0000] {standard_task_runner.py:72} INFO - Started process 1172 to run task
[2024-12-21T20:41:11.890+0000] {standard_task_runner.py:104} INFO - Running: ['***', 'tasks', 'run', 'fintech_pipeline', 'load_to_db', 'manual__2024-12-21T20:40:30.205611+00:00', '--job-id', '227', '--raw', '--subdir', 'DAGS_FOLDER/fintech_dag.py', '--cfg-path', '/tmp/tmpkrf6w4il']
[2024-12-21T20:41:11.895+0000] {standard_task_runner.py:105} INFO - Job 227: Subtask load_to_db
[2024-12-21T20:41:12.075+0000] {task_command.py:467} INFO - Running <TaskInstance: fintech_pipeline.load_to_db manual__2024-12-21T20:40:30.205611+00:00 [running]> on host 64e93409f4c0
[2024-12-21T20:41:12.429+0000] {taskinstance.py:3132} INFO - Exporting env vars: AIRFLOW_CTX_DAG_OWNER='omar_abdelaty' AIRFLOW_CTX_DAG_ID='fintech_pipeline' AIRFLOW_CTX_TASK_ID='load_to_db' AIRFLOW_CTX_EXECUTION_DATE='2024-12-21T20:40:30.205611+00:00' AIRFLOW_CTX_TRY_NUMBER='1' AIRFLOW_CTX_DAG_RUN_ID='manual__2024-12-21T20:40:30.205611+00:00'
[2024-12-21T20:41:12.433+0000] {taskinstance.py:731} INFO - ::endgroup::
[2024-12-21T20:41:12.512+0000] {logging_mixin.py:190} INFO - Loading to DB
[2024-12-21T20:41:13.790+0000] {logging_mixin.py:190} INFO - Dataset loaded successfully!
[2024-12-21T20:41:13.888+0000] {logging_mixin.py:190} INFO - Connected to Database
[2024-12-21T20:41:13.889+0000] {logging_mixin.py:190} INFO - Writing cleaned dataset to database
[2024-12-21T20:41:30.492+0000] {logging_mixin.py:190} INFO - Done writing to database
[2024-12-21T20:41:30.504+0000] {python.py:240} INFO - Done. Returned value was: None
[2024-12-21T20:41:30.542+0000] {taskinstance.py:340} INFO - ::group::Post task execution logs
[2024-12-21T20:41:30.545+0000] {taskinstance.py:352} INFO - Marking task as SUCCESS. dag_id=fintech_pipeline, task_id=load_to_db, run_id=manual__2024-12-21T20:40:30.205611+00:00, execution_date=20241221T204030, start_date=20241221T204111, end_date=20241221T204130
[2024-12-21T20:41:30.667+0000] {local_task_job_runner.py:266} INFO - Task exited with return code 0
[2024-12-21T20:41:30.757+0000] {taskinstance.py:3895} INFO - 1 downstream tasks scheduled from follow-on schedule check
[2024-12-21T20:41:30.771+0000] {local_task_job_runner.py:245} INFO - ::endgroup::
