[2024-12-21T17:42:16.488+0000] {local_task_job_runner.py:123} INFO - ::group::Pre task execution logs
[2024-12-21T17:42:16.514+0000] {taskinstance.py:2613} INFO - Dependencies all met for dep_context=non-requeueable deps ti=<TaskInstance: fintech_pipeline.load_to_db scheduled__2024-12-19T00:00:00+00:00 [queued]>
[2024-12-21T17:42:16.526+0000] {taskinstance.py:2613} INFO - Dependencies all met for dep_context=requeueable deps ti=<TaskInstance: fintech_pipeline.load_to_db scheduled__2024-12-19T00:00:00+00:00 [queued]>
[2024-12-21T17:42:16.528+0000] {taskinstance.py:2866} INFO - Starting attempt 1 of 2
[2024-12-21T17:42:16.555+0000] {taskinstance.py:2889} INFO - Executing <Task(PythonOperator): load_to_db> on 2024-12-19 00:00:00+00:00
[2024-12-21T17:42:16.567+0000] {warnings.py:112} WARNING - /home/***/.local/lib/python3.12/site-packages/***/task/task_runner/standard_task_runner.py:70: DeprecationWarning: This process (pid=147) is multi-threaded, use of fork() may lead to deadlocks in the child.
  pid = os.fork()

[2024-12-21T17:42:16.571+0000] {standard_task_runner.py:72} INFO - Started process 173 to run task
[2024-12-21T17:42:16.571+0000] {standard_task_runner.py:104} INFO - Running: ['***', 'tasks', 'run', 'fintech_pipeline', 'load_to_db', 'scheduled__2024-12-19T00:00:00+00:00', '--job-id', '192', '--raw', '--subdir', 'DAGS_FOLDER/fintech_dag.py', '--cfg-path', '/tmp/tmp18x8kpq5']
[2024-12-21T17:42:16.576+0000] {standard_task_runner.py:105} INFO - Job 192: Subtask load_to_db
[2024-12-21T17:42:16.679+0000] {task_command.py:467} INFO - Running <TaskInstance: fintech_pipeline.load_to_db scheduled__2024-12-19T00:00:00+00:00 [running]> on host 9253fe7b8eb6
[2024-12-21T17:42:16.868+0000] {taskinstance.py:3132} INFO - Exporting env vars: AIRFLOW_CTX_DAG_OWNER='omar_abdelaty' AIRFLOW_CTX_DAG_ID='fintech_pipeline' AIRFLOW_CTX_TASK_ID='load_to_db' AIRFLOW_CTX_EXECUTION_DATE='2024-12-19T00:00:00+00:00' AIRFLOW_CTX_TRY_NUMBER='1' AIRFLOW_CTX_DAG_RUN_ID='scheduled__2024-12-19T00:00:00+00:00'
[2024-12-21T17:42:16.871+0000] {taskinstance.py:731} INFO - ::endgroup::
[2024-12-21T17:42:16.900+0000] {logging_mixin.py:190} INFO - Loading to DB
[2024-12-21T17:42:17.884+0000] {logging_mixin.py:190} INFO - Dataset loaded successfully!
[2024-12-21T17:42:18.177+0000] {logging_mixin.py:190} INFO - Connected to Database
[2024-12-21T17:42:18.179+0000] {logging_mixin.py:190} INFO - Writing cleaned dataset to database
[2024-12-21T17:42:49.289+0000] {logging_mixin.py:190} INFO - Done writing to database
[2024-12-21T17:42:49.301+0000] {python.py:240} INFO - Done. Returned value was: None
[2024-12-21T17:42:49.349+0000] {taskinstance.py:340} INFO - ::group::Post task execution logs
[2024-12-21T17:42:49.352+0000] {taskinstance.py:352} INFO - Marking task as SUCCESS. dag_id=fintech_pipeline, task_id=load_to_db, run_id=scheduled__2024-12-19T00:00:00+00:00, execution_date=20241219T000000, start_date=20241221T174216, end_date=20241221T174249
[2024-12-21T17:42:49.458+0000] {local_task_job_runner.py:266} INFO - Task exited with return code 0
[2024-12-21T17:42:49.491+0000] {taskinstance.py:3895} INFO - 1 downstream tasks scheduled from follow-on schedule check
[2024-12-21T17:42:49.494+0000] {local_task_job_runner.py:245} INFO - ::endgroup::
