[2024-12-20T00:22:12.878+0000] {local_task_job_runner.py:123} INFO - ::group::Pre task execution logs
[2024-12-20T00:22:12.897+0000] {taskinstance.py:2613} INFO - Dependencies all met for dep_context=non-requeueable deps ti=<TaskInstance: fintech_pipeline.load_to_db manual__2024-12-20T00:21:51.853615+00:00 [queued]>
[2024-12-20T00:22:12.905+0000] {taskinstance.py:2613} INFO - Dependencies all met for dep_context=requeueable deps ti=<TaskInstance: fintech_pipeline.load_to_db manual__2024-12-20T00:21:51.853615+00:00 [queued]>
[2024-12-20T00:22:12.907+0000] {taskinstance.py:2866} INFO - Starting attempt 1 of 2
[2024-12-20T00:22:12.925+0000] {taskinstance.py:2889} INFO - Executing <Task(PythonOperator): load_to_db> on 2024-12-20 00:21:51.853615+00:00
[2024-12-20T00:22:12.932+0000] {warnings.py:112} WARNING - /home/***/.local/lib/python3.12/site-packages/***/task/task_runner/standard_task_runner.py:70: DeprecationWarning: This process (pid=116) is multi-threaded, use of fork() may lead to deadlocks in the child.
  pid = os.fork()

[2024-12-20T00:22:12.935+0000] {standard_task_runner.py:72} INFO - Started process 129 to run task
[2024-12-20T00:22:12.934+0000] {standard_task_runner.py:104} INFO - Running: ['***', 'tasks', 'run', 'fintech_pipeline', 'load_to_db', 'manual__2024-12-20T00:21:51.853615+00:00', '--job-id', '98', '--raw', '--subdir', 'DAGS_FOLDER/fintech_dag.py', '--cfg-path', '/tmp/tmpofv9zcap']
[2024-12-20T00:22:12.936+0000] {standard_task_runner.py:105} INFO - Job 98: Subtask load_to_db
[2024-12-20T00:22:12.988+0000] {task_command.py:467} INFO - Running <TaskInstance: fintech_pipeline.load_to_db manual__2024-12-20T00:21:51.853615+00:00 [running]> on host 668a02cebb4e
[2024-12-20T00:22:13.079+0000] {taskinstance.py:3132} INFO - Exporting env vars: AIRFLOW_CTX_DAG_OWNER='omar_abdelaty' AIRFLOW_CTX_DAG_ID='fintech_pipeline' AIRFLOW_CTX_TASK_ID='load_to_db' AIRFLOW_CTX_EXECUTION_DATE='2024-12-20T00:21:51.853615+00:00' AIRFLOW_CTX_TRY_NUMBER='1' AIRFLOW_CTX_DAG_RUN_ID='manual__2024-12-20T00:21:51.853615+00:00'
[2024-12-20T00:22:13.080+0000] {taskinstance.py:731} INFO - ::endgroup::
[2024-12-20T00:22:13.097+0000] {logging_mixin.py:190} INFO - load
[2024-12-20T00:22:13.098+0000] {python.py:240} INFO - Done. Returned value was: None
[2024-12-20T00:22:13.110+0000] {taskinstance.py:340} INFO - ::group::Post task execution logs
[2024-12-20T00:22:13.111+0000] {taskinstance.py:352} INFO - Marking task as SUCCESS. dag_id=fintech_pipeline, task_id=load_to_db, run_id=manual__2024-12-20T00:21:51.853615+00:00, execution_date=20241220T002151, start_date=20241220T002212, end_date=20241220T002213
[2024-12-20T00:22:13.152+0000] {local_task_job_runner.py:266} INFO - Task exited with return code 0
[2024-12-20T00:22:13.173+0000] {taskinstance.py:3895} INFO - 1 downstream tasks scheduled from follow-on schedule check
[2024-12-20T00:22:13.176+0000] {local_task_job_runner.py:245} INFO - ::endgroup::
